Archive member included because of file (symbol)

c:/siliconlabs/simplicitystudio/v3/developer/toolchains/gnu_arm/4.8_2013q4/bin/../lib/gcc/arm-none-eabi/4.8.3/armv7-m\libgcc.a(_arm_addsubdf3.o)
                              ./Drivers/lesense_letouch.o (__aeabi_dsub)
c:/siliconlabs/simplicitystudio/v3/developer/toolchains/gnu_arm/4.8_2013q4/bin/../lib/gcc/arm-none-eabi/4.8.3/armv7-m\libgcc.a(_arm_muldivdf3.o)
                              ./src/assignment.o (__aeabi_ddiv)
c:/siliconlabs/simplicitystudio/v3/developer/toolchains/gnu_arm/4.8_2013q4/bin/../lib/gcc/arm-none-eabi/4.8.3/armv7-m\libgcc.a(_arm_fixdfsi.o)
                              ./src/assignment.o (__aeabi_d2iz)
c:/siliconlabs/simplicitystudio/v3/developer/toolchains/gnu_arm/4.8_2013q4/bin/../lib/gcc/arm-none-eabi/4.8.3/armv7-m\libgcc.a(_arm_fixunsdfsi.o)
                              ./Drivers/lesense_letouch.o (__aeabi_d2uiz)
c:/siliconlabs/simplicitystudio/v3/developer/toolchains/gnu_arm/4.8_2013q4/bin/../lib/gcc/arm-none-eabi/4.8.3/armv7-m\libgcc.a(_arm_addsubsf3.o)
                              ./src/assignment.o (__aeabi_fsub)
c:/siliconlabs/simplicitystudio/v3/developer/toolchains/gnu_arm/4.8_2013q4/bin/../lib/gcc/arm-none-eabi/4.8.3/armv7-m\libgcc.a(_arm_muldivsf3.o)
                              ./Drivers/lesense_letouch.o (__aeabi_fmul)
c:/siliconlabs/simplicitystudio/v3/developer/toolchains/gnu_arm/4.8_2013q4/bin/../lib/gcc/arm-none-eabi/4.8.3/armv7-m\libgcc.a(_arm_cmpsf2.o)
                              ./Drivers/lesense_letouch.o (__aeabi_fcmpeq)
c:/siliconlabs/simplicitystudio/v3/developer/toolchains/gnu_arm/4.8_2013q4/bin/../lib/gcc/arm-none-eabi/4.8.3/armv7-m\libgcc.a(_arm_fixsfsi.o)
                              ./src/assignment.o (__aeabi_f2iz)
c:/siliconlabs/simplicitystudio/v3/developer/toolchains/gnu_arm/4.8_2013q4/bin/../lib/gcc/arm-none-eabi/4.8.3/armv7-m\libgcc.a(_arm_fixunssfsi.o)
                              ./src/i2c.o (__aeabi_f2uiz)
c:/siliconlabs/simplicitystudio/v3/developer/toolchains/gnu_arm/4.8_2013q4/bin/../lib/gcc/arm-none-eabi/4.8.3/armv7-m\libgcc.a(_aeabi_uldivmod.o)
                              ./emlib/em_usart.o (__aeabi_uldivmod)
c:/siliconlabs/simplicitystudio/v3/developer/toolchains/gnu_arm/4.8_2013q4/bin/../lib/gcc/arm-none-eabi/4.8.3/armv7-m\libgcc.a(bpabi.o)
                              c:/siliconlabs/simplicitystudio/v3/developer/toolchains/gnu_arm/4.8_2013q4/bin/../lib/gcc/arm-none-eabi/4.8.3/armv7-m\libgcc.a(_aeabi_uldivmod.o) (__gnu_uldivmod_helper)
c:/siliconlabs/simplicitystudio/v3/developer/toolchains/gnu_arm/4.8_2013q4/bin/../lib/gcc/arm-none-eabi/4.8.3/armv7-m\libgcc.a(_dvmd_tls.o)
                              c:/siliconlabs/simplicitystudio/v3/developer/toolchains/gnu_arm/4.8_2013q4/bin/../lib/gcc/arm-none-eabi/4.8.3/armv7-m\libgcc.a(_aeabi_uldivmod.o) (__aeabi_ldiv0)
c:/siliconlabs/simplicitystudio/v3/developer/toolchains/gnu_arm/4.8_2013q4/bin/../lib/gcc/arm-none-eabi/4.8.3/armv7-m\libgcc.a(_divdi3.o)
                              c:/siliconlabs/simplicitystudio/v3/developer/toolchains/gnu_arm/4.8_2013q4/bin/../lib/gcc/arm-none-eabi/4.8.3/armv7-m\libgcc.a(bpabi.o) (__divdi3)
c:/siliconlabs/simplicitystudio/v3/developer/toolchains/gnu_arm/4.8_2013q4/bin/../lib/gcc/arm-none-eabi/4.8.3/armv7-m\libgcc.a(_udivdi3.o)
                              c:/siliconlabs/simplicitystudio/v3/developer/toolchains/gnu_arm/4.8_2013q4/bin/../lib/gcc/arm-none-eabi/4.8.3/armv7-m\libgcc.a(bpabi.o) (__udivdi3)
c:/siliconlabs/simplicitystudio/v3/developer/toolchains/gnu_arm/4.8_2013q4/bin/../lib/gcc/arm-none-eabi/4.8.3/../../../../arm-none-eabi/lib/armv7-m\libc_s.a(lib_a-abs.o)
                              ./Drivers/segmentlcd.o (abs)
c:/siliconlabs/simplicitystudio/v3/developer/toolchains/gnu_arm/4.8_2013q4/bin/../lib/gcc/arm-none-eabi/4.8.3/../../../../arm-none-eabi/lib/armv7-m\libc_s.a(lib_a-exit.o)
                              c:/siliconlabs/simplicitystudio/v3/developer/toolchains/gnu_arm/4.8_2013q4/bin/../lib/gcc/arm-none-eabi/4.8.3/../../../../arm-none-eabi/lib/armv7-m/crt0.o (exit)
c:/siliconlabs/simplicitystudio/v3/developer/toolchains/gnu_arm/4.8_2013q4/bin/../lib/gcc/arm-none-eabi/4.8.3/../../../../arm-none-eabi/lib/armv7-m\libc_s.a(lib_a-impure.o)
                              c:/siliconlabs/simplicitystudio/v3/developer/toolchains/gnu_arm/4.8_2013q4/bin/../lib/gcc/arm-none-eabi/4.8.3/../../../../arm-none-eabi/lib/armv7-m\libc_s.a(lib_a-exit.o) (_global_impure_ptr)
c:/siliconlabs/simplicitystudio/v3/developer/toolchains/gnu_arm/4.8_2013q4/bin/../lib/gcc/arm-none-eabi/4.8.3/../../../../arm-none-eabi/lib/armv7-m\libc_s.a(lib_a-init.o)
                              c:/siliconlabs/simplicitystudio/v3/developer/toolchains/gnu_arm/4.8_2013q4/bin/../lib/gcc/arm-none-eabi/4.8.3/../../../../arm-none-eabi/lib/armv7-m/crt0.o (__libc_init_array)
[...]
Memory Configuration

Name             Origin             Length             Attributes
FLASH            0x00000000         0x00040000         xr
RAM              0x20000000         0x00008000         xrw
*default*        0x00000000         0xffffffff

Linker script and memory map

LOAD c:/siliconlabs/simplicitystudio/v3/developer/toolchains/gnu_arm/4.8_2013q4/bin/../lib/gcc/arm-none-eabi/4.8.3/armv7-m/crti.o
LOAD c:/siliconlabs/simplicitystudio/v3/developer/toolchains/gnu_arm/4.8_2013q4/bin/../lib/gcc/arm-none-eabi/4.8.3/armv7-m/crtbegin.o
LOAD c:/siliconlabs/simplicitystudio/v3/developer/toolchains/gnu_arm/4.8_2013q4/bin/../lib/gcc/arm-none-eabi/4.8.3/../../../../arm-none-eabi/lib/armv7-m/crt0.o
LOAD ./src/InitDevice.o
LOAD ./src/assignment.o
LOAD ./src/circbuff.o
LOAD ./src/i2c.o
LOAD ./src/leuart.o
LOAD ./emlib/dmactrl.o
LOAD ./emlib/em_acmp.o
LOAD ./emlib/em_adc.o
LOAD ./emlib/em_aes.o
LOAD ./emlib/em_assert.o
LOAD ./emlib/em_burtc.o
LOAD ./emlib/em_cmu.o
LOAD ./emlib/em_cryotimer.o
LOAD ./emlib/em_crypto.o
LOAD ./emlib/em_dac.o
LOAD ./emlib/em_dbg.o
LOAD ./emlib/em_dma.o
LOAD ./emlib/em_ebi.o
LOAD ./emlib/em_emu.o
LOAD ./emlib/em_gpcrc.o
LOAD ./emlib/em_gpio.o
LOAD ./emlib/em_i2c.o
LOAD ./emlib/em_idac.o
LOAD ./emlib/em_int.o
LOAD ./emlib/em_lcd.o
LOAD ./emlib/em_ldma.o
LOAD ./emlib/em_lesense.o
LOAD ./emlib/em_letimer.o
LOAD ./emlib/em_leuart.o
LOAD ./emlib/em_mpu.o
LOAD ./emlib/em_msc.o
LOAD ./emlib/em_opamp.o
LOAD ./emlib/em_pcnt.o
LOAD ./emlib/em_prs.o
LOAD ./emlib/em_rmu.o
LOAD ./emlib/em_rtc.o
LOAD ./emlib/em_rtcc.o
LOAD ./emlib/em_system.o
LOAD ./emlib/em_timer.o
LOAD ./emlib/em_usart.o
LOAD ./emlib/em_vcmp.o
LOAD ./emlib/em_wdog.o
LOAD ./Drivers/lesense_letouch.o
LOAD ./Drivers/segmentlcd.o
LOAD ./CMSIS/efm32lg/startup_gcc_efm32lg.o
LOAD ./CMSIS/efm32lg/system_efm32lg.o
START GROUP
LOAD c:/siliconlabs/simplicitystudio/v3/developer/toolchains/gnu_arm/4.8_2013q4/bin/../lib/gcc/arm-none-eabi/4.8.3/armv7-m\libgcc.a
LOAD c:/siliconlabs/simplicitystudio/v3/developer/toolchains/gnu_arm/4.8_2013q4/bin/../lib/gcc/arm-none-eabi/4.8.3/../../../../arm-none-eabi/lib/armv7-m\libc_s.a
LOAD c:/siliconlabs/simplicitystudio/v3/developer/toolchains/gnu_arm/4.8_2013q4/bin/../lib/gcc/arm-none-eabi/4.8.3/../../../../arm-none-eabi/lib/armv7-m\libnosys.a
END GROUP
START GROUP
LOAD c:/siliconlabs/simplicitystudio/v3/developer/toolchains/gnu_arm/4.8_2013q4/bin/../lib/gcc/arm-none-eabi/4.8.3/armv7-m\libgcc.a
LOAD c:/siliconlabs/simplicitystudio/v3/developer/toolchains/gnu_arm/4.8_2013q4/bin/../lib/gcc/arm-none-eabi/4.8.3/../../../../arm-none-eabi/lib/armv7-m\libg_s.a
LOAD c:/siliconlabs/simplicitystudio/v3/developer/toolchains/gnu_arm/4.8_2013q4/bin/../lib/gcc/arm-none-eabi/4.8.3/../../../../arm-none-eabi/lib/armv7-m\libc_s.a
END GROUP
START GROUP
LOAD c:/siliconlabs/simplicitystudio/v3/developer/toolchains/gnu_arm/4.8_2013q4/bin/../lib/gcc/arm-none-eabi/4.8.3/armv7-m\libgcc.a
LOAD c:/siliconlabs/simplicitystudio/v3/developer/toolchains/gnu_arm/4.8_2013q4/bin/../lib/gcc/arm-none-eabi/4.8.3/../../../../arm-none-eabi/lib/armv7-m\libc_s.a
END GROUP
LOAD c:/siliconlabs/simplicitystudio/v3/developer/toolchains/gnu_arm/4.8_2013q4/bin/../lib/gcc/arm-none-eabi/4.8.3/armv7-m/crtend.o
LOAD c:/siliconlabs/simplicitystudio/v3/developer/toolchains/gnu_arm/4.8_2013q4/bin/../lib/gcc/arm-none-eabi/4.8.3/armv7-m/crtn.o

.text           0x00000000     0x6ed8
 *(.vectors)
 .vectors       0x00000000       0xe0 ./CMSIS/efm32lg/startup_gcc_efm32lg.o
                0x00000000                __Vectors
                0x000000e0                __Vectors_End = .
                0x000000e0                __Vectors_Size = (__Vectors_End - __Vectors)
                0x000000e0                __end__ = .
 *(.text*)
 .text          0x000000e0       0x54 c:/siliconlabs/simplicitystudio/v3/developer/toolchains/gnu_arm/4.8_2013q4/bin/../lib/gcc/arm-none-eabi/4.8.3/armv7-m/crtbegin.o
 .text          0x00000134       0x74 c:/siliconlabs/simplicitystudio/v3/developer/toolchains/gnu_arm/4.8_2013q4/bin/../lib/gcc/arm-none-eabi/4.8.3/../../../../arm-none-eabi/lib/armv7-m/crt0.o
                0x00000134                _start
                0x00000134                _mainCRTStartup
 .text.NVIC_EnableIRQ
                0x000001a8       0x30 ./src/assignment.o
 .text.GPIO_PinOutClear
                0x000001d8       0x58 ./src/assignment.o
 .text.GPIO_PinOutSet
                0x00000230       0x58 ./src/assignment.o
 .text.CHIP_Init
                0x00000288       0x40 ./src/assignment.o
 .text.INT_Disable
                0x000002c8       0x2c ./src/assignment.o
 .text.INT_Enable
                0x000002f4       0x3c ./src/assignment.o
 .text.EMU_EnterEM1
                0x00000330       0x20 ./src/assignment.o
 .text.ADC_Start
                0x00000350       0x1c ./src/assignment.o
 .text.CMUConfiguration
                0x0000036c       0x54 ./src/assignment.o
                0x0000036c                CMUConfiguration
 .text.blockSleepMode
                0x000003c0       0x2c ./src/assignment.o
                0x000003c0                blockSleepMode
 .text.unblockSleepMode
                0x000003ec       0x2c ./src/assignment.o
                0x000003ec                unblockSleepMode
 .text.Sleep    0x00000418       0x40 ./src/assignment.o
                0x00000418                Sleep
 .text.LETIMER0Setup
                0x00000458      0x160 ./src/assignment.o
                0x00000458                LETIMER0Setup
 .text.LED1on   0x000005b8       0x24 ./src/assignment.o
                0x000005b8                LED1on
 .text.LED1off  0x000005dc       0x24 ./src/assignment.o
                0x000005dc                LED1off
 .text.DMASetup
                0x00000600       0xac ./src/assignment.o
                0x00000600                DMASetup
 .text.ADCSetup
                0x000006ac       0x90 ./src/assignment.o
                0x000006ac                ADCSetup
 .text.CALLBackfn
                0x0000073c       0xec ./src/assignment.o
                0x0000073c                CALLBackfn
 .text.print_temp
                0x00000828       0x30 ./src/assignment.o
                0x00000828                print_temp
 .text.converToCelsius
                0x00000858       0x6c ./src/assignment.o
                0x00000858                converToCelsius
 .text.ACMPlowSetup
                0x000008c4       0x6c ./src/assignment.o
                0x000008c4                ACMPlowSetup
 .text.ACMPhighSetup
                0x00000930       0x6c ./src/assignment.o
                0x00000930                ACMPhighSetup
 .text.LETIMER0_IRQHandler
                0x0000099c       0xf4 ./src/assignment.o
                0x0000099c                LETIMER0_IRQHandler
 .text.CircBuff
                0x00000a90       0x94 ./src/assignment.o
                0x00000a90                CircBuff
 .text.LCD_off  0x00000b24        0xc ./src/assignment.o
                0x00000b24                LCD_off
 .text.LS_on    0x00000b30       0x40 ./src/assignment.o
                0x00000b30                LS_on
 .text.LS_off   0x00000b70       0x24 ./src/assignment.o
                0x00000b70                LS_off
 .text.pattern_check
                0x00000b94      0x13c ./src/assignment.o
                0x00000b94                pattern_check
 .text.main     0x00000cd0       0x94 ./src/assignment.o
                0x00000cd0                main
 .text.circ_buff_initialize
                0x00000d64       0x84 ./src/circbuff.o
                0x00000d64                circ_buff_initialize
 .text.add_item
                0x00000de8       0x70 ./src/circbuff.o
                0x00000de8                add_item
 .text.remove_item
                0x00000e58       0x3c ./src/circbuff.o
                0x00000e58                remove_item
 .text.NVIC_EnableIRQ
                0x00000e94       0x30 ./src/i2c.o
 .text.NVIC_ClearPendingIRQ
                0x00000ec4       0x34 ./src/i2c.o
 .text.GPIO_IntDisable
                0x00000ef8       0x28 ./src/i2c.o
 .text.GPIO_IntEnable
                0x00000f20       0x28 ./src/i2c.o
 .text.GPIO_PinOutClear
                0x00000f48       0x58 ./src/i2c.o
 .text.GPIO_PinOutSet
                0x00000fa0       0x58 ./src/i2c.o
 .text.INT_Disable
                0x00000ff8       0x2c ./src/i2c.o
 .text.INT_Enable
                0x00001024       0x3c ./src/i2c.o
 .text.BMEI2CSetup
                0x00001060       0x9c ./src/i2c.o
                0x00001060                BMEI2CSetup
 .text.MMAI2CSetup
                0x000010fc       0xac ./src/i2c.o
                0x000010fc                MMAI2CSetup
 .text.I2C0Write
                0x000011a8       0x90 ./src/i2c.o
                0x000011a8                I2C0Write
 .text.I2C0Read
                0x00001238       0xc0 ./src/i2c.o
                0x00001238                I2C0Read
 .text.I2C1Write
                0x000012f8       0x94 ./src/i2c.o
                0x000012f8                I2C1Write
 .text.BMEEnable
                0x0000138c       0x34 ./src/i2c.o
                0x0000138c                BMEEnable
 .text.BMEDisable
                0x000013c0       0x34 ./src/i2c.o
                0x000013c0                BMEDisable
 .text.BMESetup
                0x000013f4       0x74 ./src/i2c.o
                0x000013f4                BMESetup
 .text.read_trimmed_data
                0x00001468      0x148 ./src/i2c.o
                0x00001468                read_trimmed_data
 .text.RawData  0x000015b0       0x7c ./src/i2c.o
                0x000015b0                RawData
 .text.DataCalibration
                0x0000162c       0x84 ./src/i2c.o
                0x0000162c                DataCalibration
 .text.uart_pressure
                0x000016b0       0x20 ./src/i2c.o
                0x000016b0                uart_pressure
 .text.print_pressure
                0x000016d0       0x30 ./src/i2c.o
                0x000016d0                print_pressure
 .text.TempCalib
                0x00001700       0x84 ./src/i2c.o
                0x00001700                TempCalib
 .text.PressureCalib
                0x00001784      0x154 ./src/i2c.o
                0x00001784                PressureCalib
 .text.MMAEnable
                0x000018d8       0x14 ./src/i2c.o
                0x000018d8                MMAEnable
 .text.MMASetup
                0x000018ec       0x78 ./src/i2c.o
                0x000018ec                MMASetup
 .text.MMADisable
                0x00001964       0x40 ./src/i2c.o
                0x00001964                MMADisable
 .text.GPIO_ODD_IRQHandler
                0x000019a4       0x24 ./src/i2c.o
                0x000019a4                GPIO_ODD_IRQHandler
 .text.print_letters
                0x000019c8       0x28 ./src/i2c.o
                0x000019c8                print_letters
 .text.uart_letter
                0x000019f0       0x20 ./src/i2c.o
                0x000019f0                uart_letter
 .text.MMAIntEnable
                0x00001a10       0x3c ./src/i2c.o
                0x00001a10                MMAIntEnable
 .text.accelerometer
                0x00001a4c       0x44 ./src/i2c.o
                0x00001a4c                accelerometer
 .text.NVIC_EnableIRQ
                0x00001a90       0x30 ./src/leuart.o
 .text.LEUART0Setup
                0x00001ac0       0x8c ./src/leuart.o
                0x00001ac0                LEUART0Setup
 .text.LEUART0_IRQHandler
                0x00001b4c       0xb8 ./src/leuart.o
                0x00001b4c                LEUART0_IRQHandler
 .text.BUS_RegBitWrite
                0x00001c04       0x2c ./emlib/em_acmp.o
 .text.ACMP_CapsenseInit
                0x00001c30       0x8c ./emlib/em_acmp.o
                0x00001c30                ACMP_CapsenseInit
 .text.ACMP_Disable
                0x00001cbc       0x38 ./emlib/em_acmp.o
                0x00001cbc                ACMP_Disable
 .text.ACMP_ChannelSet
                0x00001cf4       0x4c ./emlib/em_acmp.o
                0x00001cf4                ACMP_ChannelSet
 .text.ACMP_Init
                0x00001d40       0xa0 ./emlib/em_acmp.o
                0x00001d40                ACMP_Init
 .text.ADC_LoadDevinfoCal
                0x00001de0      0x120 ./emlib/em_adc.o
 .text.ADC_Init
                0x00001f00       0x88 ./emlib/em_adc.o
                0x00001f00                ADC_Init
 .text.ADC_InitSingle
                0x00001f88       0x98 ./emlib/em_adc.o
                0x00001f88                ADC_InitSingle
 .text.ADC_PrescaleCalc
                0x00002020       0x64 ./emlib/em_adc.o
                0x00002020                ADC_PrescaleCalc
 .text.ADC_Reset
                0x00002084       0x54 ./emlib/em_adc.o
                0x00002084                ADC_Reset
 .text.BUS_RegBitWrite
                0x000020d8       0x2c ./emlib/em_cmu.o
 .text.BUS_RegBitRead
                0x00002104       0x2c ./emlib/em_cmu.o
 .text.CMU_DivToLog2
                0x00002130       0x34 ./emlib/em_cmu.o
 .text.SYSTEM_GetProdRev
                0x00002164       0x1c ./emlib/em_cmu.o
 .text.SYSTEM_GetFamily
                0x00002180       0x20 ./emlib/em_cmu.o
 .text.maxFreqHfle
                0x000021a0       0x78 ./emlib/em_cmu.o
 .text.setHfLeConfig
                0x00002218       0x3c ./emlib/em_cmu.o
 .text.getHfLeConfig
                0x00002254       0x2c ./emlib/em_cmu.o
 .text.auxClkGet
                0x00002280       0xb0 ./emlib/em_cmu.o
 .text.dbgClkGet
                0x00002330       0x40 ./emlib/em_cmu.o
 .text.flashWaitStateControl
                0x00002370       0xb8 ./emlib/em_cmu.o
 .text.flashWaitStateMax
                0x00002428       0x14 ./emlib/em_cmu.o
 .text.lfClkGet
                0x0000243c       0xec ./emlib/em_cmu.o
 .text.syncReg  0x00002528       0x34 ./emlib/em_cmu.o
 .text.usbCClkGet
                0x0000255c       0x4c ./emlib/em_cmu.o
 .text.CMU_ClockDivSet
                0x000025a8      0x230 ./emlib/em_cmu.o
                0x000025a8                CMU_ClockDivSet
 .text.CMU_ClockEnable
                0x000027d8       0xd8 ./emlib/em_cmu.o
                0x000027d8                CMU_ClockEnable
 .text.CMU_ClockFreqGet
                0x000028b0      0x1d8 ./emlib/em_cmu.o
                0x000028b0                CMU_ClockFreqGet
 .text.CMU_ClockSelectGet
                0x00002a88      0x15c ./emlib/em_cmu.o
                0x00002a88                CMU_ClockSelectGet
 .text.CMU_ClockSelectSet
                0x00002be4      0x2b8 ./emlib/em_cmu.o
                0x00002be4                CMU_ClockSelectSet
 .text.CMU_LCDClkFDIVSet
                0x00002e9c       0x3c ./emlib/em_cmu.o
                0x00002e9c                CMU_LCDClkFDIVSet
 .text.CMU_OscillatorEnable
                0x00002ed8       0xc0 ./emlib/em_cmu.o
                0x00002ed8                CMU_OscillatorEnable
 .text.NVIC_EnableIRQ
                0x00002f98       0x30 ./emlib/em_dma.o
 .text.NVIC_DisableIRQ
                0x00002fc8       0x34 ./emlib/em_dma.o
 .text.NVIC_ClearPendingIRQ
                0x00002ffc       0x34 ./emlib/em_dma.o
 .text.BUS_RegBitWrite
                0x00003030       0x2c ./emlib/em_dma.o
 .text.DMA_Prepare
                0x0000305c      0x108 ./emlib/em_dma.o
 .text.DMA_IRQHandler
                0x00003164       0xd8 ./emlib/em_dma.o
                0x00003164                DMA_IRQHandler
 .text.DMA_ActivateBasic
                0x0000323c       0x40 ./emlib/em_dma.o
                0x0000323c                DMA_ActivateBasic
 .text.DMA_CfgChannel
                0x0000327c       0x90 ./emlib/em_dma.o
                0x0000327c                DMA_CfgChannel
 .text.DMA_CfgDescr
                0x0000330c       0x70 ./emlib/em_dma.o
                0x0000330c                DMA_CfgDescr
 .text.DMA_Init
                0x0000337c       0x54 ./emlib/em_dma.o
                0x0000337c                DMA_Init
 .text.DMA_Reset
                0x000033d0       0x88 ./emlib/em_dma.o
                0x000033d0                DMA_Reset
 .text.SystemCoreClockUpdate
                0x00003458        0xc ./emlib/em_emu.o
 .text.CMU_Lock
                0x00003464       0x18 ./emlib/em_emu.o
 .text.CMU_Unlock
                0x0000347c       0x1c ./emlib/em_emu.o
 .text.emuRestore
                0x00003498       0xf0 ./emlib/em_emu.o
 .text.getErrataFixEmuE107En
                0x00003588       0x68 ./emlib/em_emu.o
 .text.EMU_EnterEM2
                0x000035f0       0x9c ./emlib/em_emu.o
                0x000035f0                EMU_EnterEM2
 .text.EMU_EnterEM3
                0x0000368c       0xbc ./emlib/em_emu.o
                0x0000368c                EMU_EnterEM3
 .text.EMU_UpdateOscConfig
                0x00003748       0x1c ./emlib/em_emu.o
                0x00003748                EMU_UpdateOscConfig
 .text.BUS_RegBitWrite
                0x00003764       0x2c ./emlib/em_gpio.o
 .text.BUS_RegMaskedWrite
                0x00003790       0x28 ./emlib/em_gpio.o
 .text.GPIO_PinOutClear
                0x000037b8       0x58 ./emlib/em_gpio.o
 .text.GPIO_PinOutSet
                0x00003810       0x58 ./emlib/em_gpio.o
 .text.GPIO_ExtIntConfig
                0x00003868       0xcc ./emlib/em_gpio.o
                0x00003868                GPIO_ExtIntConfig
 .text.GPIO_PinModeSet
                0x00003934      0x110 ./emlib/em_gpio.o
                0x00003934                GPIO_PinModeSet
 .text.BUS_RegBitWrite
                0x00003a44       0x2c ./emlib/em_i2c.o
 .text.BUS_RegMaskedWrite
                0x00003a70       0x28 ./emlib/em_i2c.o
 .text.I2C_BusFreqSet
                0x00003a98       0xfc ./emlib/em_i2c.o
                0x00003a98                I2C_BusFreqSet
 .text.I2C_Enable
                0x00003b94       0x3c ./emlib/em_i2c.o
                0x00003b94                I2C_Enable
 .text.I2C_Init
                0x00003bd0       0x78 ./emlib/em_i2c.o
                0x00003bd0                I2C_Init
 .text.I2C_Reset
                0x00003c48       0x3c ./emlib/em_i2c.o
                0x00003c48                I2C_Reset
 .text.LCD_Enable
                0x00003c84       0x38 ./emlib/em_lcd.o
 .text.BUS_RegBitWrite
                0x00003cbc       0x2c ./emlib/em_lcd.o
 .text.LCD_Init
                0x00003ce8       0x70 ./emlib/em_lcd.o
                0x00003ce8                LCD_Init
 .text.LCD_VLCDSelect
                0x00003d58       0x44 ./emlib/em_lcd.o
                0x00003d58                LCD_VLCDSelect
 .text.LCD_SegmentRangeEnable
                0x00003d9c       0x40 ./emlib/em_lcd.o
                0x00003d9c                LCD_SegmentRangeEnable
 .text.LCD_SegmentSet
                0x00003ddc      0x1e4 ./emlib/em_lcd.o
                0x00003ddc                LCD_SegmentSet
 .text.LCD_SegmentSetLow
                0x00003fc0      0x17c ./emlib/em_lcd.o
                0x00003fc0                LCD_SegmentSetLow
 .text.LCD_SegmentSetHigh
                0x0000413c      0x17c ./emlib/em_lcd.o
                0x0000413c                LCD_SegmentSetHigh
 .text.LCD_VBoostSet
                0x000042b8       0x28 ./emlib/em_lcd.o
                0x000042b8                LCD_VBoostSet
 .text.BUS_RegBitWrite
                0x000042e0       0x2c ./emlib/em_lesense.o
 .text.LESENSE_Init
                0x0000430c      0x168 ./emlib/em_lesense.o
                0x0000430c                LESENSE_Init
 .text.LESENSE_ScanFreqSet
                0x00004474       0xbc ./emlib/em_lesense.o
                0x00004474                LESENSE_ScanFreqSet
 .text.LESENSE_ScanModeSet
                0x00004530       0x3c ./emlib/em_lesense.o
                0x00004530                LESENSE_ScanModeSet
 .text.LESENSE_StartDelaySet
                0x0000456c       0x34 ./emlib/em_lesense.o
                0x0000456c                LESENSE_StartDelaySet
 .text.LESENSE_ClkDivSet
                0x000045a0       0x60 ./emlib/em_lesense.o
                0x000045a0                LESENSE_ClkDivSet
 .text.LESENSE_ChannelConfig
                0x00004600      0x168 ./emlib/em_lesense.o
                0x00004600                LESENSE_ChannelConfig
 .text.LESENSE_ChannelTimingSet
                0x00004768       0x38 ./emlib/em_lesense.o
                0x00004768                LESENSE_ChannelTimingSet
 .text.LESENSE_ChannelThresSet
                0x000047a0       0x78 ./emlib/em_lesense.o
                0x000047a0                LESENSE_ChannelThresSet
 .text.LESENSE_DecoderStateSet
                0x00004818       0x20 ./emlib/em_lesense.o
                0x00004818                LESENSE_DecoderStateSet
 .text.LESENSE_ScanStart
                0x00004838       0x34 ./emlib/em_lesense.o
                0x00004838                LESENSE_ScanStart
 .text.LESENSE_Reset
                0x0000486c       0xec ./emlib/em_lesense.o
                0x0000486c                LESENSE_Reset
 .text.LETIMER_CompareSet
                0x00004958       0x58 ./emlib/em_letimer.o
                0x00004958                LETIMER_CompareSet
 .text.LETIMER_Enable
                0x000049b0       0x2c ./emlib/em_letimer.o
                0x000049b0                LETIMER_Enable
 .text.LETIMER_Init
                0x000049dc       0xec ./emlib/em_letimer.o
                0x000049dc                LETIMER_Init
 .text.LEUART_Sync
                0x00004ac8       0x30 ./emlib/em_leuart.o
 .text.LEUART_BaudrateSet
                0x00004af8       0x80 ./emlib/em_leuart.o
                0x00004af8                LEUART_BaudrateSet
 .text.LEUART_FreezeEnable
                0x00004b78       0x34 ./emlib/em_leuart.o
                0x00004b78                LEUART_FreezeEnable
 .text.LEUART_Init
                0x00004bac       0x84 ./emlib/em_leuart.o
                0x00004bac                LEUART_Init
 .text.SYSTEM_ChipRevisionGet
                0x00004c30       0x74 ./emlib/em_system.o
                0x00004c30                SYSTEM_ChipRevisionGet
 .text.NVIC_EnableIRQ
                0x00004ca4       0x30 ./Drivers/lesense_letouch.o
 .text.SystemCoreClockUpdate
                0x00004cd4        0xc ./Drivers/lesense_letouch.o
 .text.LESENSE_ScanResultDataBufferGet
                0x00004ce0       0x28 ./Drivers/lesense_letouch.o
 .text.LESENSE_IntClear
                0x00004d08       0x1c ./Drivers/lesense_letouch.o
 .text.LESENSE_IntGet
                0x00004d24       0x18 ./Drivers/lesense_letouch.o
 .text.INT_Disable
                0x00004d3c       0x2c ./Drivers/lesense_letouch.o
 .text.INT_Enable
                0x00004d68       0x3c ./Drivers/lesense_letouch.o
 .text.LETOUCH_Init
                0x00004da4       0xdc ./Drivers/lesense_letouch.o
                0x00004da4                LETOUCH_Init
 .text.LETOUCH_GetChannelsTouched
                0x00004e80       0x18 ./Drivers/lesense_letouch.o
                0x00004e80                LETOUCH_GetChannelsTouched
 .text.LETOUCH_setupCMU
                0x00004e98       0x54 ./Drivers/lesense_letouch.o
 .text.LETOUCH_setupACMP
                0x00004eec       0x18 ./Drivers/lesense_letouch.o
 .text.LETOUCH_setupLESENSE
                0x00004f04       0x6c ./Drivers/lesense_letouch.o
 .text.LETOUCH_setupGPIO
                0x00004f70       0x44 ./Drivers/lesense_letouch.o
 .text.LETOUCH_Calibration
                0x00004fb4      0x1b8 ./Drivers/lesense_letouch.o
                0x00004fb4                LETOUCH_Calibration
 .text.GetMaxValue
                0x0000516c       0x50 ./Drivers/lesense_letouch.o
 .text.GetMinValue
                0x000051bc       0x54 ./Drivers/lesense_letouch.o
 .text.LESENSE_IRQHandler
                0x00005210      0x184 ./Drivers/lesense_letouch.o
                0x00005210                LESENSE_IRQHandler
 .text.LCD_Enable
                0x00005394       0x38 ./Drivers/segmentlcd.o
 .text.LCD_FreezeEnable
                0x000053cc       0x2c ./Drivers/segmentlcd.o
 .text.LCD_SyncBusyDelay
                0x000053f8       0x24 ./Drivers/segmentlcd.o
 .text.LCD_IntDisable
                0x0000541c       0x24 ./Drivers/segmentlcd.o
 .text.SegmentLCD_AllOff
                0x00005440       0xac ./Drivers/segmentlcd.o
                0x00005440                SegmentLCD_AllOff
 .text.SegmentLCD_AlphaNumberOff
                0x000054ec       0xa8 ./Drivers/segmentlcd.o
                0x000054ec                SegmentLCD_AlphaNumberOff
 .text.SegmentLCD_Disable
                0x00005594       0x28 ./Drivers/segmentlcd.o
                0x00005594                SegmentLCD_Disable
 .text.SegmentLCD_Init
                0x000055bc       0xb8 ./Drivers/segmentlcd.o
                0x000055bc                SegmentLCD_Init
 .text.SegmentLCD_Number
                0x00005674      0x124 ./Drivers/segmentlcd.o
                0x00005674                SegmentLCD_Number
 .text.SegmentLCD_NumberOff
                0x00005798       0x50 ./Drivers/segmentlcd.o
                0x00005798                SegmentLCD_NumberOff
 .text.SegmentLCD_Write
                0x000057e8       0xd8 ./Drivers/segmentlcd.o
                0x000057e8                SegmentLCD_Write
 .text          0x000058c0       0x30 ./CMSIS/efm32lg/startup_gcc_efm32lg.o
                0x000058c0                Reset_Handler
                0x000058ec                DebugMon_Handler
                0x000058ec                USART0_TX_IRQHandler
                0x000058ec                I2C0_IRQHandler
                0x000058ec                HardFault_Handler
                0x000058ec                LEUART1_IRQHandler
                0x000058ec                SysTick_Handler
                0x000058ec                USART1_RX_IRQHandler
                0x000058ec                PendSV_Handler
                0x000058ec                NMI_Handler
                0x000058ec                I2C1_IRQHandler
                0x000058ec                TIMER3_IRQHandler
                0x000058ec                USART1_TX_IRQHandler
                0x000058ec                MSC_IRQHandler
                0x000058ec                ADC0_IRQHandler
                0x000058ec                UsageFault_Handler
                0x000058ec                GPIO_EVEN_IRQHandler
                0x000058ec                UART0_TX_IRQHandler
                0x000058ec                UART1_TX_IRQHandler
                0x000058ec                RTC_IRQHandler
                0x000058ec                TIMER0_IRQHandler
                0x000058ec                TIMER2_IRQHandler
                0x000058ec                LCD_IRQHandler
                0x000058ec                PCNT2_IRQHandler
                0x000058ec                UART0_RX_IRQHandler
                0x000058ec                TIMER1_IRQHandler
                0x000058ec                USART2_RX_IRQHandler
                0x000058ec                Default_Handler
                0x000058ec                EMU_IRQHandler
                0x000058ec                PCNT0_IRQHandler
                0x000058ec                USB_IRQHandler
                0x000058ec                BURTC_IRQHandler
                0x000058ec                PCNT1_IRQHandler
                0x000058ec                ACMP0_IRQHandler
                0x000058ec                USART0_RX_IRQHandler
                0x000058ec                MemManage_Handler
                0x000058ec                SVC_Handler
                0x000058ec                DAC0_IRQHandler
                0x000058ec                UART1_RX_IRQHandler
                0x000058ec                CMU_IRQHandler
                0x000058ec                EBI_IRQHandler
                0x000058ec                AES_IRQHandler
                0x000058ec                VCMP_IRQHandler
                0x000058ec                BusFault_Handler
                0x000058ec                USART2_TX_IRQHandler
 .text.GetProdRev
                0x000058f0       0x1c ./CMSIS/efm32lg/system_efm32lg.o
 .text.SystemCoreClockGet
                0x0000590c       0x34 ./CMSIS/efm32lg/system_efm32lg.o
                0x0000590c                SystemCoreClockGet
 .text.SystemMaxCoreClockGet
                0x00005940       0x14 ./CMSIS/efm32lg/system_efm32lg.o
                0x00005940                SystemMaxCoreClockGet
 .text.SystemHFClockGet
                0x00005954      0x100 ./CMSIS/efm32lg/system_efm32lg.o
                0x00005954                SystemHFClockGet
 .text.SystemHFXOClockGet
                0x00005a54       0x18 ./CMSIS/efm32lg/system_efm32lg.o
                0x00005a54                SystemHFXOClockGet
 .text.SystemInit
                0x00005a6c        0xc ./CMSIS/efm32lg/system_efm32lg.o
                0x00005a6c                SystemInit
 .text.SystemLFRCOClockGet
                0x00005a78       0x14 ./CMSIS/efm32lg/system_efm32lg.o
                0x00005a78                SystemLFRCOClockGet
 .text.SystemULFRCOClockGet
                0x00005a8c       0x14 ./CMSIS/efm32lg/system_efm32lg.o
                0x00005a8c                SystemULFRCOClockGet
 .text.SystemLFXOClockGet
                0x00005aa0       0x18 ./CMSIS/efm32lg/system_efm32lg.o
                0x00005aa0                SystemLFXOClockGet
 .text          0x00005ab8      0x370 c:/siliconlabs/simplicitystudio/v3/developer/toolchains/gnu_arm/4.8_2013q4/bin/../lib/gcc/arm-none-eabi/4.8.3/armv7-m\libgcc.a(_arm_addsubdf3.o)
                0x00005ab8                __aeabi_drsub
                0x00005ac0                __aeabi_dsub
                0x00005ac0                __subdf3
                0x00005ac4                __aeabi_dadd
                0x00005ac4                __adddf3
                0x00005d3c                __floatunsidf
                0x00005d3c                __aeabi_ui2d
                0x00005d5c                __floatsidf
                0x00005d5c                __aeabi_i2d
                0x00005d80                __aeabi_f2d
                0x00005d80                __extendsfdf2
                0x00005dbc                __floatundidf
                0x00005dbc                __aeabi_ul2d
                0x00005dcc                __floatdidf
                0x00005dcc                __aeabi_l2d
 .text          0x00005e28      0x424 c:/siliconlabs/simplicitystudio/v3/developer/toolchains/gnu_arm/4.8_2013q4/bin/../lib/gcc/arm-none-eabi/4.8.3/armv7-m\libgcc.a(_arm_muldivdf3.o)
                0x00005e28                __aeabi_dmul
                0x00005e28                __muldf3
                0x0000607c                __divdf3
                0x0000607c                __aeabi_ddiv
 .text          0x0000624c       0x50 c:/siliconlabs/simplicitystudio/v3/developer/toolchains/gnu_arm/4.8_2013q4/bin/../lib/gcc/arm-none-eabi/4.8.3/armv7-m\libgcc.a(_arm_fixdfsi.o)
                0x0000624c                __aeabi_d2iz
                0x0000624c                __fixdfsi
 .text          0x0000629c       0x40 c:/siliconlabs/simplicitystudio/v3/developer/toolchains/gnu_arm/4.8_2013q4/bin/../lib/gcc/arm-none-eabi/4.8.3/armv7-m\libgcc.a(_arm_fixunsdfsi.o)
                0x0000629c                __aeabi_d2uiz
                0x0000629c                __fixunsdfsi
 .text          0x000062dc      0x21c c:/siliconlabs/simplicitystudio/v3/developer/toolchains/gnu_arm/4.8_2013q4/bin/../lib/gcc/arm-none-eabi/4.8.3/armv7-m\libgcc.a(_arm_addsubsf3.o)
                0x000062dc                __aeabi_frsub
                0x000062e4                __subsf3
                0x000062e4                __aeabi_fsub
                0x000062e8                __aeabi_fadd
                0x000062e8                __addsf3
                0x00006448                __aeabi_ui2f
                0x00006448                __floatunsisf
                0x00006450                __aeabi_i2f
                0x00006450                __floatsisf
                0x0000646c                __aeabi_ul2f
                0x0000646c                __floatundisf
                0x0000647c                __aeabi_l2f
                0x0000647c                __floatdisf
 .text          0x000064f8      0x2a0 c:/siliconlabs/simplicitystudio/v3/developer/toolchains/gnu_arm/4.8_2013q4/bin/../lib/gcc/arm-none-eabi/4.8.3/armv7-m\libgcc.a(_arm_muldivsf3.o)
                0x000064f8                __mulsf3
                0x000064f8                __aeabi_fmul
                0x00006660                __aeabi_fdiv
                0x00006660                __divsf3
 .text          0x00006798       0xec c:/siliconlabs/simplicitystudio/v3/developer/toolchains/gnu_arm/4.8_2013q4/bin/../lib/gcc/arm-none-eabi/4.8.3/armv7-m\libgcc.a(_arm_cmpsf2.o)
                0x00006798                __gesf2
                0x00006798                __gtsf2
                0x000067a0                __lesf2
                0x000067a0                __ltsf2
                0x000067a8                __nesf2
                0x000067a8                __eqsf2
                0x000067a8                __cmpsf2
                0x00006808                __aeabi_cfrcmple
                0x00006810                __aeabi_cfcmpeq
                0x00006810                __aeabi_cfcmple
                0x00006820                __aeabi_fcmpeq
                0x00006834                __aeabi_fcmplt
                0x00006848                __aeabi_fcmple
                0x0000685c                __aeabi_fcmpge
                0x00006870                __aeabi_fcmpgt
 .text          0x00006884       0x4c c:/siliconlabs/simplicitystudio/v3/developer/toolchains/gnu_arm/4.8_2013q4/bin/../lib/gcc/arm-none-eabi/4.8.3/armv7-m\libgcc.a(_arm_fixsfsi.o)
                0x00006884                __aeabi_f2iz
                0x00006884                __fixsfsi
 .text          0x000068d0       0x40 c:/siliconlabs/simplicitystudio/v3/developer/toolchains/gnu_arm/4.8_2013q4/bin/../lib/gcc/arm-none-eabi/4.8.3/armv7-m\libgcc.a(_arm_fixunssfsi.o)
                0x000068d0                __fixunssfsi
                0x000068d0                __aeabi_f2uiz
 .text.abs      0x00006910        0x8 c:/siliconlabs/simplicitystudio/v3/developer/toolchains/gnu_arm/4.8_2013q4/bin/../lib/gcc/arm-none-eabi/4.8.3/../../../../arm-none-eabi/lib/armv7-m\libc_s.a(lib_a-abs.o)
                0x00006910                abs
 .text.exit     0x00006918       0x28 c:/siliconlabs/simplicitystudio/v3/developer/toolchains/gnu_arm/4.8_2013q4/bin/../lib/gcc/arm-none-eabi/4.8.3/../../../../arm-none-eabi/lib/armv7-m\libc_s.a(lib_a-exit.o)
                0x00006918                exit
 .text.__libc_init_array
                0x00006940       0x4c c:/siliconlabs/simplicitystudio/v3/developer/toolchains/gnu_arm/4.8_2013q4/bin/../lib/gcc/arm-none-eabi/4.8.3/../../../../arm-none-eabi/lib/armv7-m\libc_s.a(lib_a-init.o)
                0x00006940                __libc_init_array
 .text.malloc   0x0000698c       0x10 c:/siliconlabs/simplicitystudio/v3/developer/toolchains/gnu_arm/4.8_2013q4/bin/../lib/gcc/arm-none-eabi/4.8.3/../../../../arm-none-eabi/lib/armv7-m\libc_s.a(lib_a-malloc.o)
                0x0000698c                malloc
 .text.memset   0x0000699c       0x10 c:/siliconlabs/simplicitystudio/v3/developer/toolchains/gnu_arm/4.8_2013q4/bin/../lib/gcc/arm-none-eabi/4.8.3/../../../../arm-none-eabi/lib/armv7-m\libc_s.a(lib_a-memset.o)
                0x0000699c                memset
 .text._malloc_r
                0x000069ac       0xa8 c:/siliconlabs/simplicitystudio/v3/developer/toolchains/gnu_arm/4.8_2013q4/bin/../lib/gcc/arm-none-eabi/4.8.3/../../../../arm-none-eabi/lib/armv7-m\libc_s.a(lib_a-nano-mallocr.o)
                0x000069ac                _malloc_r
 .text._sbrk_r  0x00006a54       0x20 c:/siliconlabs/simplicitystudio/v3/developer/toolchains/gnu_arm/4.8_2013q4/bin/../lib/gcc/arm-none-eabi/4.8.3/../../../../arm-none-eabi/lib/armv7-m\libc_s.a(lib_a-sbrkr.o)
                0x00006a54                _sbrk_r
 .text.strlen   0x00006a74       0x10 c:/siliconlabs/simplicitystudio/v3/developer/toolchains/gnu_arm/4.8_2013q4/bin/../lib/gcc/arm-none-eabi/4.8.3/../../../../arm-none-eabi/lib/armv7-m\libc_s.a(lib_a-strlen.o)
                0x00006a74                strlen
 .text._sbrk    0x00006a84       0x34 c:/siliconlabs/simplicitystudio/v3/developer/toolchains/gnu_arm/4.8_2013q4/bin/../lib/gcc/arm-none-eabi/4.8.3/../../../../arm-none-eabi/lib/armv7-m\libnosys.a(sbrk.o)
                0x00006a84                _sbrk
 .text._exit    0x00006ab8        0x4 c:/siliconlabs/simplicitystudio/v3/developer/toolchains/gnu_arm/4.8_2013q4/bin/../lib/gcc/arm-none-eabi/4.8.3/../../../../arm-none-eabi/lib/armv7-m\libnosys.a(_exit.o)
                0x00006ab8                _exit
 *(.init)
 .init          0x00006abc        0x4 c:/siliconlabs/simplicitystudio/v3/developer/toolchains/gnu_arm/4.8_2013q4/bin/../lib/gcc/arm-none-eabi/4.8.3/armv7-m/crti.o
                0x00006abc                _init
 .init          0x00006ac0        0x8 c:/siliconlabs/simplicitystudio/v3/developer/toolchains/gnu_arm/4.8_2013q4/bin/../lib/gcc/arm-none-eabi/4.8.3/armv7-m/crtn.o
 *(.fini)
 .fini          0x00006ac8        0x4 c:/siliconlabs/simplicitystudio/v3/developer/toolchains/gnu_arm/4.8_2013q4/bin/../lib/gcc/arm-none-eabi/4.8.3/armv7-m/crti.o
                0x00006ac8                _fini
 .fini          0x00006acc        0x8 c:/siliconlabs/simplicitystudio/v3/developer/toolchains/gnu_arm/4.8_2013q4/bin/../lib/gcc/arm-none-eabi/4.8.3/armv7-m/crtn.o
 *crtbegin.o(.ctors)
 *crtbegin?.o(.ctors)
 *(EXCLUDE_FILE(*crtend.o *crtend?.o) .ctors)
 *(SORT(.ctors.*))
 *(.ctors)
 *crtbegin.o(.dtors)
 *crtbegin?.o(.dtors)
 *(EXCLUDE_FILE(*crtend.o *crtend?.o) .dtors)
 *(SORT(.dtors.*))
 *(.dtors)
 *(.rodata*)
 .rodata        0x00006ad4       0x6c ./src/assignment.o
 .rodata        0x00006b40       0x24 ./src/i2c.o
 .rodata.i2cNSum
                0x00006b64        0x4 ./emlib/em_i2c.o
 .rodata.acmpInit.5964
                0x00006b68       0x14 ./Drivers/lesense_letouch.o
 .rodata.initLesense.5969
                0x00006b7c       0x40 ./Drivers/lesense_letouch.o
 .rodata.initLesenseCh.5970
                0x00006bbc       0x20 ./Drivers/lesense_letouch.o
 .rodata.EFM_Display
                0x00006bdc      0x200 ./Drivers/segmentlcd.o
 .rodata.EFM_Alphabet
                0x00006ddc       0xb8 ./Drivers/segmentlcd.o
 .rodata.EFM_Numbers
                0x00006e94       0x24 ./Drivers/segmentlcd.o
 .rodata.lcdInit
                0x00006eb8       0x14 ./Drivers/segmentlcd.o
 .rodata.str1.1
                0x00006ecc        0x2 c:/siliconlabs/simplicitystudio/v3/developer/toolchains/gnu_arm/4.8_2013q4/bin/../lib/gcc/arm-none-eabi/4.8.3/../../../../arm-none-eabi/lib/armv7-m\libc_s.a(lib_a-impure.o)
 *fill*         0x00006ece        0x2 
 .rodata._global_impure_ptr
                0x00006ed0        0x4 c:/siliconlabs/simplicitystudio/v3/developer/toolchains/gnu_arm/4.8_2013q4/bin/../lib/gcc/arm-none-eabi/4.8.3/../../../../arm-none-eabi/lib/armv7-m\libc_s.a(lib_a-impure.o)
                0x00006ed0                _global_impure_ptr
 *(.eh_frame*)
 .eh_frame      0x00006ed4        0x0 c:/siliconlabs/simplicitystudio/v3/developer/toolchains/gnu_arm/4.8_2013q4/bin/../lib/gcc/arm-none-eabi/4.8.3/armv7-m/crtbegin.o
 .eh_frame      0x00006ed4        0x4 c:/siliconlabs/simplicitystudio/v3/developer/toolchains/gnu_arm/4.8_2013q4/bin/../lib/gcc/arm-none-eabi/4.8.3/armv7-m/crtend.o

.glue_7         0x00006ed8        0x0
 .glue_7        0x00000000        0x0 linker stubs

.glue_7t        0x00006ed8        0x0
 .glue_7t       0x00000000        0x0 linker stubs

.vfp11_veneer   0x00006ed8        0x0
 .vfp11_veneer  0x00000000        0x0 linker stubs

.v4_bx          0x00006ed8        0x0
 .v4_bx         0x00000000        0x0 linker stubs

.iplt           0x00006ed8        0x0
 .iplt          0x00000000        0x0 c:/siliconlabs/simplicitystudio/v3/developer/toolchains/gnu_arm/4.8_2013q4/bin/../lib/gcc/arm-none-eabi/4.8.3/armv7-m/crtbegin.o

.ARM.extab
 *(.ARM.extab* .gnu.linkonce.armextab.*)
                0x00006ed8                __exidx_start = .

.ARM.exidx      0x00006ed8        0x8
 *(.ARM.exidx* .gnu.linkonce.armexidx.*)
 .ARM.exidx     0x00006ed8        0x8 c:/siliconlabs/simplicitystudio/v3/developer/toolchains/gnu_arm/4.8_2013q4/bin/../lib/gcc/arm-none-eabi/4.8.3/../../../../arm-none-eabi/lib/armv7-m/crt0.o
                0x00006ee0                __exidx_end = .
                0x00006ee0                __etext = .

.rel.dyn        0x00006ee0        0x0
 .rel.iplt      0x00000000        0x0 c:/siliconlabs/simplicitystudio/v3/developer/toolchains/gnu_arm/4.8_2013q4/bin/../lib/gcc/arm-none-eabi/4.8.3/armv7-m/crtbegin.o

.data           0x20000000       0x78 load address 0x00006ee0
                0x20000000                __data_start__ = .
 *(vtable)
 *(.data*)
 .data.SystemHFXOClock
                0x20000000        0x4 ./CMSIS/efm32lg/system_efm32lg.o
 .data.SystemLFXOClock
                0x20000004        0x4 ./CMSIS/efm32lg/system_efm32lg.o
 .data.impure_data
                0x20000008       0x60 c:/siliconlabs/simplicitystudio/v3/developer/toolchains/gnu_arm/4.8_2013q4/bin/../lib/gcc/arm-none-eabi/4.8.3/../../../../arm-none-eabi/lib/armv7-m\libc_s.a(lib_a-impure.o)
 .data._impure_ptr
                0x20000068        0x4 c:/siliconlabs/simplicitystudio/v3/developer/toolchains/gnu_arm/4.8_2013q4/bin/../lib/gcc/arm-none-eabi/4.8.3/../../../../arm-none-eabi/lib/armv7-m\libc_s.a(lib_a-impure.o)
                0x20000068                _impure_ptr
                0x2000006c                . = ALIGN (0x4)
 *(.ram)
                0x2000006c                . = ALIGN (0x4)
                0x2000006c                PROVIDE (__preinit_array_start, .)
 *(.preinit_array)
                0x2000006c                PROVIDE (__preinit_array_end, .)
                0x2000006c                . = ALIGN (0x4)
                0x2000006c                PROVIDE (__init_array_start, .)
 *(SORT(.init_array.*))
 *(.init_array)
 .init_array    0x2000006c        0x4 c:/siliconlabs/simplicitystudio/v3/developer/toolchains/gnu_arm/4.8_2013q4/bin/../lib/gcc/arm-none-eabi/4.8.3/armv7-m/crtbegin.o
                0x20000070                PROVIDE (__init_array_end, .)
                0x20000070                . = ALIGN (0x4)
                0x20000070                PROVIDE (__fini_array_start, .)
 *(SORT(.fini_array.*))
 *(.fini_array)
 .fini_array    0x20000070        0x4 c:/siliconlabs/simplicitystudio/v3/developer/toolchains/gnu_arm/4.8_2013q4/bin/../lib/gcc/arm-none-eabi/4.8.3/armv7-m/crtbegin.o
                0x20000074                PROVIDE (__fini_array_end, .)
 *(.jcr*)
 .jcr           0x20000074        0x0 c:/siliconlabs/simplicitystudio/v3/developer/toolchains/gnu_arm/4.8_2013q4/bin/../lib/gcc/arm-none-eabi/4.8.3/armv7-m/crtbegin.o
 .jcr           0x20000074        0x4 c:/siliconlabs/simplicitystudio/v3/developer/toolchains/gnu_arm/4.8_2013q4/bin/../lib/gcc/arm-none-eabi/4.8.3/armv7-m/crtend.o
                0x20000078                . = ALIGN (0x4)
                0x20000078                __data_end__ = .

.igot.plt       0x20000078        0x0 load address 0x00006f58
 .igot.plt      0x00000000        0x0 c:/siliconlabs/simplicitystudio/v3/developer/toolchains/gnu_arm/4.8_2013q4/bin/../lib/gcc/arm-none-eabi/4.8.3/armv7-m/crtbegin.o

.bss            0x20000100      0xa88 load address 0x00007000
                0x20000100                . = ALIGN (0x4)
                0x20000100                __bss_start__ = .
 *(.bss*)
 .bss           0x20000100       0x1c c:/siliconlabs/simplicitystudio/v3/developer/toolchains/gnu_arm/4.8_2013q4/bin/../lib/gcc/arm-none-eabi/4.8.3/armv7-m/crtbegin.o
 .bss.channels_touched
                0x2000011c        0x2 ./src/assignment.o
                0x2000011c                channels_touched
 .bss.pattern   0x2000011e        0x1 ./src/assignment.o
                0x2000011e                pattern
 .bss.disp      0x2000011f        0x1 ./src/assignment.o
                0x2000011f                disp
 .bss.Final_Temperature
                0x20000120        0x4 ./src/i2c.o
                0x20000120                Final_Temperature
 .bss.I2C_tx_buffer
                0x20000124        0x4 ./src/i2c.o
                0x20000124                I2C_tx_buffer
 .bss.letters   0x20000128        0x1 ./src/i2c.o
                0x20000128                letters
 *fill*         0x20000129        0x3 
 .bss.txbuff    0x2000012c        0x8 ./src/leuart.o
                0x2000012c                txbuff
 .bss.cmuStatus
                0x20000134        0x4 ./emlib/em_emu.o
 .bss.INT_LockCnt
                0x20000138        0x4 ./emlib/em_int.o
                0x20000138                INT_LockCnt
 .bss.calibration_value
                0x2000013c      0x140 ./Drivers/lesense_letouch.o
 .bss.buttons_pressed
                0x2000027c        0x2 ./Drivers/lesense_letouch.o
 *fill*         0x2000027e        0x2 
 .bss.channel_max_value
                0x20000280       0x20 ./Drivers/lesense_letouch.o
 .bss.channel_min_value
                0x200002a0       0x20 ./Drivers/lesense_letouch.o
 .bss.channels_used_mask
                0x200002c0        0x2 ./Drivers/lesense_letouch.o
 .bss.num_channels_used
                0x200002c2        0x1 ./Drivers/lesense_letouch.o
 *fill*         0x200002c3        0x1 
 .bss.channel_threshold_percent
                0x200002c4       0x40 ./Drivers/lesense_letouch.o
 .bss.calibration_value_index.5987
                0x20000304        0x1 ./Drivers/lesense_letouch.o
 *fill*         0x20000305        0x3 
 .bss.__malloc_sbrk_start
                0x20000308        0x4 c:/siliconlabs/simplicitystudio/v3/developer/toolchains/gnu_arm/4.8_2013q4/bin/../lib/gcc/arm-none-eabi/4.8.3/../../../../arm-none-eabi/lib/armv7-m\libc_s.a(lib_a-nano-mallocr.o)
                0x20000308                __malloc_sbrk_start
 .bss.__malloc_free_list
                0x2000030c        0x4 c:/siliconlabs/simplicitystudio/v3/developer/toolchains/gnu_arm/4.8_2013q4/bin/../lib/gcc/arm-none-eabi/4.8.3/../../../../arm-none-eabi/lib/armv7-m\libc_s.a(lib_a-nano-mallocr.o)
                0x2000030c                __malloc_free_list
 .bss.heap_end.4237
                0x20000310        0x4 c:/siliconlabs/simplicitystudio/v3/developer/toolchains/gnu_arm/4.8_2013q4/bin/../lib/gcc/arm-none-eabi/4.8.3/../../../../arm-none-eabi/lib/armv7-m\libnosys.a(sbrk.o)
 *(COMMON)
 *fill*         0x20000314       0xec 
 COMMON         0x20000400      0x75c ./src/assignment.o
                0x20000400                dig_P7
                0x20000404                b
                0x20000408                dig_T1
                0x2000040c                CALLBack
                0x20000418                uart_pressure1
                0x20000419                data1
                0x2000041a                dig_T2
                0x2000041c                byte_num
                0x20000420                temp
                0x20000424                dig_P2
                0x20000426                dig_P4
                0x20000428                pressure
                0x2000042c                tx_buffer
                0x20000500                dmaControlBlock
                0x20000700                UART_temp_ptr
                0x20000704                Raw_temperature
                0x20000708                UART_press_ptr
                0x2000070c                dig_P5
                0x2000070e                data0
                0x20000710                Raw_pressure
                0x20000714                reg_address
                0x20000716                dig_P1
                0x20000718                dig_P3
                0x2000071a                dig_P8
                0x2000071c                ADCSamples
                0x20000b04                temp_pre
                0x20000b0c                uart_temperature
                0x20000b10                buffer1
                0x20000b28                a
                0x20000b2c                sleep_block_counter
                0x20000b40                dig_P9
                0x20000b42                dig_T3
                0x20000b44                uart_bytes
                0x20000b46                dig_P6
                0x20000b48                tx_data
                0x20000b54                t_fine
                0x20000b58                pressure_final
 COMMON         0x20000b5c       0x24 ./src/circbuff.o
                0x20000b5c                declare_node
                0x20000b64                buffer
                0x20000b7c                circbuffer
 COMMON         0x20000b80        0x4 ./CMSIS/efm32lg/system_efm32lg.o
                0x20000b80                SystemCoreClock
 COMMON         0x20000b84        0x4 c:/siliconlabs/simplicitystudio/v3/developer/toolchains/gnu_arm/4.8_2013q4/bin/../lib/gcc/arm-none-eabi/4.8.3/../../../../arm-none-eabi/lib/armv7-m\libc_s.a(lib_a-reent.o)
                0x20000b84                errno
                0x20000b88                . = ALIGN (0x4)
                0x20000b88                __bss_end__ = .

.heap           0x20000b88      0xc00
                0x20000b88                __HeapBase = .
                0x20000b88                __end__ = .
                0x20000b88                end = __end__
                0x20000b88                _end = __end__
 *(.heap*)
 .heap          0x20000b88      0xc00 ./CMSIS/efm32lg/startup_gcc_efm32lg.o
                0x20001788                __HeapLimit = .

.stack_dummy    0x20000b88      0x400
 *(.stack*)
 .stack         0x20000b88      0x400 ./CMSIS/efm32lg/startup_gcc_efm32lg.o
                0x20008000                __StackTop = (ORIGIN (RAM) + 0x8000)
                0x20007c00                __StackLimit = (__StackTop - SIZEOF (.stack_dummy))
                0x20008000                PROVIDE (__stack, __StackTop)
                0x00000001                ASSERT ((__StackLimit >= __HeapLimit), region RAM overflowed with stack)
                0x00000001                ASSERT ((0x40000 >= (__etext + SIZEOF (.data))), FLASH memory overflowed !)
OUTPUT(Final_ProjectEFM32.axf elf32-littlearm)

.ARM.attributes
                0x00000000       0x29
 .ARM.attributes
                0x00000000       0x1d c:/siliconlabs/simplicitystudio/v3/developer/toolchains/gnu_arm/4.8_2013q4/bin/../lib/gcc/arm-none-eabi/4.8.3/armv7-m/crti.o
 .ARM.attributes
                0x0000001d       0x2d c:/siliconlabs/simplicitystudio/v3/developer/toolchains/gnu_arm/4.8_2013q4/bin/../lib/gcc/arm-none-eabi/4.8.3/armv7-m/crtbegin.o
 .ARM.attributes
                0x0000004a       0x1b c:/siliconlabs/simplicitystudio/v3/developer/toolchains/gnu_arm/4.8_2013q4/bin/../lib/gcc/arm-none-eabi/4.8.3/../../../../arm-none-eabi/lib/armv7-m/crt0.o
 .ARM.attributes
                0x00000065       0x33 ./src/assignment.o
 .ARM.attributes
                0x00000098       0x33 ./src/circbuff.o
 .ARM.attributes
                0x000000cb       0x33 ./src/i2c.o
 .ARM.attributes
                0x000000fe       0x33 ./src/leuart.o
 .ARM.attributes
                0x00000131       0x33 ./emlib/em_acmp.o
 .ARM.attributes
                0x00000164       0x33 ./emlib/em_adc.o
 .ARM.attributes
                0x00000197       0x33 ./emlib/em_cmu.o
 .ARM.attributes
                0x000001ca       0x33 ./emlib/em_dma.o
 .ARM.attributes
                0x000001fd       0x33 ./emlib/em_emu.o
 .ARM.attributes
                0x00000230       0x33 ./emlib/em_gpio.o
 .ARM.attributes
                0x00000263       0x33 ./emlib/em_i2c.o
 .ARM.attributes
                0x00000296       0x33 ./emlib/em_int.o
 .ARM.attributes
                0x000002c9       0x33 ./emlib/em_lcd.o
 .ARM.attributes
                0x000002fc       0x33 ./emlib/em_lesense.o
 .ARM.attributes
                0x0000032f       0x33 ./emlib/em_letimer.o
 .ARM.attributes
                0x00000362       0x33 ./emlib/em_leuart.o
 .ARM.attributes
                0x00000395       0x33 ./emlib/em_system.o
 .ARM.attributes
                0x000003c8       0x33 ./Drivers/lesense_letouch.o
 .ARM.attributes
                0x000003fb       0x33 ./Drivers/segmentlcd.o
 .ARM.attributes
                0x0000042e       0x1b ./CMSIS/efm32lg/startup_gcc_efm32lg.o
 .ARM.attributes
                0x00000449       0x33 ./CMSIS/efm32lg/system_efm32lg.o
 .ARM.attributes
                0x0000047c       0x1d c:/siliconlabs/simplicitystudio/v3/developer/toolchains/gnu_arm/4.8_2013q4/bin/../lib/gcc/arm-none-eabi/4.8.3/armv7-m\libgcc.a(_arm_addsubdf3.o)
 .ARM.attributes
                0x00000499       0x1d c:/siliconlabs/simplicitystudio/v3/developer/toolchains/gnu_arm/4.8_2013q4/bin/../lib/gcc/arm-none-eabi/4.8.3/armv7-m\libgcc.a(_arm_muldivdf3.o)
 .ARM.attributes
                0x000004b6       0x1d c:/siliconlabs/simplicitystudio/v3/developer/toolchains/gnu_arm/4.8_2013q4/bin/../lib/gcc/arm-none-eabi/4.8.3/armv7-m\libgcc.a(_arm_fixdfsi.o)
 .ARM.attributes
                0x000004d3       0x1d c:/siliconlabs/simplicitystudio/v3/developer/toolchains/gnu_arm/4.8_2013q4/bin/../lib/gcc/arm-none-eabi/4.8.3/armv7-m\libgcc.a(_arm_fixunsdfsi.o)
 .ARM.attributes
                0x000004f0       0x1d c:/siliconlabs/simplicitystudio/v3/developer/toolchains/gnu_arm/4.8_2013q4/bin/../lib/gcc/arm-none-eabi/4.8.3/armv7-m\libgcc.a(_arm_addsubsf3.o)
 .ARM.attributes
                0x0000050d       0x1d c:/siliconlabs/simplicitystudio/v3/developer/toolchains/gnu_arm/4.8_2013q4/bin/../lib/gcc/arm-none-eabi/4.8.3/armv7-m\libgcc.a(_arm_muldivsf3.o)
 .ARM.attributes
                0x0000052a       0x1d c:/siliconlabs/simplicitystudio/v3/developer/toolchains/gnu_arm/4.8_2013q4/bin/../lib/gcc/arm-none-eabi/4.8.3/armv7-m\libgcc.a(_arm_cmpsf2.o)
 .ARM.attributes
                0x00000547       0x1d c:/siliconlabs/simplicitystudio/v3/developer/toolchains/gnu_arm/4.8_2013q4/bin/../lib/gcc/arm-none-eabi/4.8.3/armv7-m\libgcc.a(_arm_fixsfsi.o)
 .ARM.attributes
                0x00000564       0x1d c:/siliconlabs/simplicitystudio/v3/developer/toolchains/gnu_arm/4.8_2013q4/bin/../lib/gcc/arm-none-eabi/4.8.3/armv7-m\libgcc.a(_arm_fixunssfsi.o)
 .ARM.attributes
                0x00000581       0x2d c:/siliconlabs/simplicitystudio/v3/developer/toolchains/gnu_arm/4.8_2013q4/bin/../lib/gcc/arm-none-eabi/4.8.3/../../../../arm-none-eabi/lib/armv7-m\libc_s.a(lib_a-abs.o)
 .ARM.attributes
                0x000005ae       0x2d c:/siliconlabs/simplicitystudio/v3/developer/toolchains/gnu_arm/4.8_2013q4/bin/../lib/gcc/arm-none-eabi/4.8.3/../../../../arm-none-eabi/lib/armv7-m\libc_s.a(lib_a-exit.o)
 .ARM.attributes
                0x000005db       0x2d c:/siliconlabs/simplicitystudio/v3/developer/toolchains/gnu_arm/4.8_2013q4/bin/../lib/gcc/arm-none-eabi/4.8.3/../../../../arm-none-eabi/lib/armv7-m\libc_s.a(lib_a-impure.o)
 .ARM.attributes
                0x00000608       0x2d c:/siliconlabs/simplicitystudio/v3/developer/toolchains/gnu_arm/4.8_2013q4/bin/../lib/gcc/arm-none-eabi/4.8.3/../../../../arm-none-eabi/lib/armv7-m\libc_s.a(lib_a-init.o)
 .ARM.attributes
                0x00000635       0x2d c:/siliconlabs/simplicitystudio/v3/developer/toolchains/gnu_arm/4.8_2013q4/bin/../lib/gcc/arm-none-eabi/4.8.3/../../../../arm-none-eabi/lib/armv7-m\libc_s.a(lib_a-malloc.o)
 .ARM.attributes
                0x00000662       0x2d c:/siliconlabs/simplicitystudio/v3/developer/toolchains/gnu_arm/4.8_2013q4/bin/../lib/gcc/arm-none-eabi/4.8.3/../../../../arm-none-eabi/lib/armv7-m\libc_s.a(lib_a-memset.o)
 .ARM.attributes
                0x0000068f       0x2d c:/siliconlabs/simplicitystudio/v3/developer/toolchains/gnu_arm/4.8_2013q4/bin/../lib/gcc/arm-none-eabi/4.8.3/../../../../arm-none-eabi/lib/armv7-m\libc_s.a(lib_a-nano-mallocr.o)
 .ARM.attributes
                0x000006bc       0x2d c:/siliconlabs/simplicitystudio/v3/developer/toolchains/gnu_arm/4.8_2013q4/bin/../lib/gcc/arm-none-eabi/4.8.3/../../../../arm-none-eabi/lib/armv7-m\libc_s.a(lib_a-sbrkr.o)
 .ARM.attributes
                0x000006e9       0x2d c:/siliconlabs/simplicitystudio/v3/developer/toolchains/gnu_arm/4.8_2013q4/bin/../lib/gcc/arm-none-eabi/4.8.3/../../../../arm-none-eabi/lib/armv7-m\libc_s.a(lib_a-strlen.o)
 .ARM.attributes
                0x00000716       0x2d c:/siliconlabs/simplicitystudio/v3/developer/toolchains/gnu_arm/4.8_2013q4/bin/../lib/gcc/arm-none-eabi/4.8.3/../../../../arm-none-eabi/lib/armv7-m\libc_s.a(lib_a-reent.o)
 .ARM.attributes
                0x00000743       0x2d c:/siliconlabs/simplicitystudio/v3/developer/toolchains/gnu_arm/4.8_2013q4/bin/../lib/gcc/arm-none-eabi/4.8.3/../../../../arm-none-eabi/lib/armv7-m\libnosys.a(sbrk.o)
 .ARM.attributes
                0x00000770       0x2d c:/siliconlabs/simplicitystudio/v3/developer/toolchains/gnu_arm/4.8_2013q4/bin/../lib/gcc/arm-none-eabi/4.8.3/../../../../arm-none-eabi/lib/armv7-m\libnosys.a(_exit.o)
 .ARM.attributes
                0x0000079d       0x2d c:/siliconlabs/simplicitystudio/v3/developer/toolchains/gnu_arm/4.8_2013q4/bin/../lib/gcc/arm-none-eabi/4.8.3/armv7-m/crtend.o
 .ARM.attributes
                0x000007ca       0x1d c:/siliconlabs/simplicitystudio/v3/developer/toolchains/gnu_arm/4.8_2013q4/bin/../lib/gcc/arm-none-eabi/4.8.3/armv7-m/crtn.o

.comment        0x00000000       0x70
 .comment       0x00000000       0x70 ./src/assignment.o
                                 0x71 (size before relaxing)
 .comment       0x00000000       0x71 ./src/circbuff.o
 .comment       0x00000000       0x71 ./src/i2c.o
 .comment       0x00000000       0x71 ./src/leuart.o
 .comment       0x00000000       0x71 ./emlib/em_acmp.o
 .comment       0x00000000       0x71 ./emlib/em_adc.o
 .comment       0x00000000       0x71 ./emlib/em_cmu.o
 .comment       0x00000000       0x71 ./emlib/em_dma.o
 .comment       0x00000000       0x71 ./emlib/em_emu.o
 .comment       0x00000000       0x71 ./emlib/em_gpio.o
 .comment       0x00000000       0x71 ./emlib/em_i2c.o
 .comment       0x00000000       0x71 ./emlib/em_int.o
 .comment       0x00000000       0x71 ./emlib/em_lcd.o
 .comment       0x00000000       0x71 ./emlib/em_lesense.o
 .comment       0x00000000       0x71 ./emlib/em_letimer.o
 .comment       0x00000000       0x71 ./emlib/em_leuart.o
 .comment       0x00000000       0x71 ./emlib/em_system.o
 .comment       0x00000000       0x71 ./Drivers/lesense_letouch.o
 .comment       0x00000000       0x71 ./Drivers/segmentlcd.o
 .comment       0x00000000       0x71 ./CMSIS/efm32lg/system_efm32lg.o

.debug_info     0x00000000     0xf86a
 .debug_info    0x00000000     0x27cd ./src/assignment.o
 .debug_info    0x000027cd      0x2d3 ./src/circbuff.o
 .debug_info    0x00002aa0     0x1289 ./src/i2c.o
 .debug_info    0x00003d29      0xbe0 ./src/leuart.o
 .debug_info    0x00004909      0x62a ./emlib/em_acmp.o
 .debug_info    0x00004f33      0xa70 ./emlib/em_adc.o
 .debug_info    0x000059a3     0x1390 ./emlib/em_cmu.o
 .debug_info    0x00006d33     0x12bd ./emlib/em_dma.o
 .debug_info    0x00007ff0      0xd80 ./emlib/em_emu.o
 .debug_info    0x00008d70      0x648 ./emlib/em_gpio.o
 .debug_info    0x000093b8      0x841 ./emlib/em_i2c.o
 .debug_info    0x00009bf9       0xa6 ./emlib/em_int.o
 .debug_info    0x00009c9f      0xa2c ./emlib/em_lcd.o
 .debug_info    0x0000a6cb     0x13ff ./emlib/em_lesense.o
 .debug_info    0x0000baca      0x502 ./emlib/em_letimer.o
 .debug_info    0x0000bfcc      0x828 ./emlib/em_leuart.o
 .debug_info    0x0000c7f4      0x245 ./emlib/em_system.o
 .debug_info    0x0000ca39     0x167a ./Drivers/lesense_letouch.o
 .debug_info    0x0000e0b3     0x11aa ./Drivers/segmentlcd.o
 .debug_info    0x0000f25d       0xac ./CMSIS/efm32lg/startup_gcc_efm32lg.o
 .debug_info    0x0000f309      0x561 ./CMSIS/efm32lg/system_efm32lg.o

.debug_abbrev   0x00000000     0x26d8
 .debug_abbrev  0x00000000      0x33a ./src/assignment.o
 .debug_abbrev  0x0000033a      0x111 ./src/circbuff.o
 .debug_abbrev  0x0000044b      0x328 ./src/i2c.o
 .debug_abbrev  0x00000773      0x1af ./src/leuart.o
 .debug_abbrev  0x00000922      0x1bb ./emlib/em_acmp.o
 .debug_abbrev  0x00000add      0x1b0 ./emlib/em_adc.o
 .debug_abbrev  0x00000c8d      0x2f8 ./emlib/em_cmu.o
 .debug_abbrev  0x00000f85      0x23b ./emlib/em_dma.o
 .debug_abbrev  0x000011c0      0x254 ./emlib/em_emu.o
 .debug_abbrev  0x00001414      0x1cf ./emlib/em_gpio.o
 .debug_abbrev  0x000015e3      0x24c ./emlib/em_i2c.o
 .debug_abbrev  0x0000182f       0x5c ./emlib/em_int.o
 .debug_abbrev  0x0000188b      0x1c2 ./emlib/em_lcd.o
 .debug_abbrev  0x00001a4d      0x230 ./emlib/em_lesense.o
 .debug_abbrev  0x00001c7d      0x1a3 ./emlib/em_letimer.o
 .debug_abbrev  0x00001e20      0x1bb ./emlib/em_leuart.o
 .debug_abbrev  0x00001fdb       0xef ./emlib/em_system.o
 .debug_abbrev  0x000020ca      0x2f6 ./Drivers/lesense_letouch.o
 .debug_abbrev  0x000023c0      0x197 ./Drivers/segmentlcd.o
 .debug_abbrev  0x00002557       0x14 ./CMSIS/efm32lg/startup_gcc_efm32lg.o
 .debug_abbrev  0x0000256b      0x16d ./CMSIS/efm32lg/system_efm32lg.o

.debug_loc      0x00000000     0x40b4
 .debug_loc     0x00000000      0x6e4 ./src/assignment.o
 .debug_loc     0x000006e4      0x150 ./src/circbuff.o
 .debug_loc     0x00000834      0x6d4 ./src/i2c.o
 .debug_loc     0x00000f08       0x9c ./src/leuart.o
 .debug_loc     0x00000fa4      0x230 ./emlib/em_acmp.o
 .debug_loc     0x000011d4      0x188 ./emlib/em_adc.o
 .debug_loc     0x0000135c      0x8d0 ./emlib/em_cmu.o
 .debug_loc     0x00001c2c      0x498 ./emlib/em_dma.o
 .debug_loc     0x000020c4      0x3b4 ./emlib/em_emu.o
 .debug_loc     0x00002478      0x268 ./emlib/em_gpio.o
 .debug_loc     0x000026e0      0x1f8 ./emlib/em_i2c.o
 .debug_loc     0x000028d8      0x3b8 ./emlib/em_lcd.o
 .debug_loc     0x00002c90      0x494 ./emlib/em_lesense.o
 .debug_loc     0x00003124      0x1c0 ./emlib/em_letimer.o
 .debug_loc     0x000032e4      0x310 ./emlib/em_leuart.o
 .debug_loc     0x000035f4       0x70 ./emlib/em_system.o
 .debug_loc     0x00003664      0x3e0 ./Drivers/lesense_letouch.o
 .debug_loc     0x00003a44      0x45c ./Drivers/segmentlcd.o
 .debug_loc     0x00003ea0      0x214 ./CMSIS/efm32lg/system_efm32lg.o

.debug_aranges  0x00000000      0xba8
 .debug_aranges
                0x00000000      0x128 ./src/assignment.o
 .debug_aranges
                0x00000128       0x48 ./src/circbuff.o
 .debug_aranges
                0x00000170      0x128 ./src/i2c.o
 .debug_aranges
                0x00000298       0x30 ./src/leuart.o
 .debug_aranges
                0x000002c8       0x68 ./emlib/em_acmp.o
 .debug_aranges
                0x00000330       0x50 ./emlib/em_adc.o
 .debug_aranges
                0x00000380      0x168 ./emlib/em_cmu.o
 .debug_aranges
                0x000004e8       0xc0 ./emlib/em_dma.o
 .debug_aranges
                0x000005a8       0xa8 ./emlib/em_emu.o
 .debug_aranges
                0x00000650       0x70 ./emlib/em_gpio.o
 .debug_aranges
                0x000006c0       0x60 ./emlib/em_i2c.o
 .debug_aranges
                0x00000720       0x18 ./emlib/em_int.o
 .debug_aranges
                0x00000738       0xa0 ./emlib/em_lcd.o
 .debug_aranges
                0x000007d8       0xc8 ./emlib/em_lesense.o
 .debug_aranges
                0x000008a0       0x58 ./emlib/em_letimer.o
 .debug_aranges
                0x000008f8       0x88 ./emlib/em_leuart.o
 .debug_aranges
                0x00000980       0x28 ./emlib/em_system.o
 .debug_aranges
                0x000009a8       0xb0 ./Drivers/lesense_letouch.o
 .debug_aranges
                0x00000a58       0xc0 ./Drivers/segmentlcd.o
 .debug_aranges
                0x00000b18       0x20 ./CMSIS/efm32lg/startup_gcc_efm32lg.o
 .debug_aranges
                0x00000b38       0x70 ./CMSIS/efm32lg/system_efm32lg.o

.debug_ranges   0x00000000      0xa40
 .debug_ranges  0x00000000      0x118 ./src/assignment.o
 .debug_ranges  0x00000118       0x38 ./src/circbuff.o
 .debug_ranges  0x00000150      0x118 ./src/i2c.o
 .debug_ranges  0x00000268       0x20 ./src/leuart.o
 .debug_ranges  0x00000288       0x58 ./emlib/em_acmp.o
 .debug_ranges  0x000002e0       0x40 ./emlib/em_adc.o
 .debug_ranges  0x00000320      0x158 ./emlib/em_cmu.o
 .debug_ranges  0x00000478       0xb0 ./emlib/em_dma.o
 .debug_ranges  0x00000528       0x98 ./emlib/em_emu.o
 .debug_ranges  0x000005c0       0x60 ./emlib/em_gpio.o
 .debug_ranges  0x00000620       0x50 ./emlib/em_i2c.o
 .debug_ranges  0x00000670       0x90 ./emlib/em_lcd.o
 .debug_ranges  0x00000700       0xb8 ./emlib/em_lesense.o
 .debug_ranges  0x000007b8       0x48 ./emlib/em_letimer.o
 .debug_ranges  0x00000800       0x78 ./emlib/em_leuart.o
 .debug_ranges  0x00000878       0x18 ./emlib/em_system.o
 .debug_ranges  0x00000890       0xa0 ./Drivers/lesense_letouch.o
 .debug_ranges  0x00000930       0xb0 ./Drivers/segmentlcd.o
 .debug_ranges  0x000009e0       0x60 ./CMSIS/efm32lg/system_efm32lg.o

.debug_line     0x00000000     0x54d7
 .debug_line    0x00000000      0x8a8 ./src/assignment.o
 .debug_line    0x000008a8      0x17e ./src/circbuff.o
 .debug_line    0x00000a26      0x75e ./src/i2c.o
 .debug_line    0x00001184      0x334 ./src/leuart.o
 .debug_line    0x000014b8      0x32e ./emlib/em_acmp.o
 .debug_line    0x000017e6      0x2ec ./emlib/em_adc.o
 .debug_line    0x00001ad2      0x930 ./emlib/em_cmu.o
 .debug_line    0x00002402      0x4bc ./emlib/em_dma.o
 .debug_line    0x000028be      0x47d ./emlib/em_emu.o
 .debug_line    0x00002d3b      0x348 ./emlib/em_gpio.o
 .debug_line    0x00003083      0x3b3 ./emlib/em_i2c.o
 .debug_line    0x00003436       0xf6 ./emlib/em_int.o
 .debug_line    0x0000352c      0x401 ./emlib/em_lcd.o
 .debug_line    0x0000392d      0x5cb ./emlib/em_lesense.o
 .debug_line    0x00003ef8      0x2d7 ./emlib/em_letimer.o
 .debug_line    0x000041cf      0x360 ./emlib/em_leuart.o
 .debug_line    0x0000452f      0x213 ./emlib/em_system.o
 .debug_line    0x00004742      0x4f0 ./Drivers/lesense_letouch.o
 .debug_line    0x00004c32      0x5bb ./Drivers/segmentlcd.o
 .debug_line    0x000051ed       0x72 ./CMSIS/efm32lg/startup_gcc_efm32lg.o
 .debug_line    0x0000525f      0x278 ./CMSIS/efm32lg/system_efm32lg.o

.debug_str      0x00000000     0x5c67
 .debug_str     0x00000000     0x1ff6 ./src/assignment.o
                               0x2109 (size before relaxing)
 .debug_str     0x00001ff6       0x9a ./src/circbuff.o
                                0x2ee (size before relaxing)
 .debug_str     0x00002090      0x2fe ./src/i2c.o
                                0xeea (size before relaxing)
 .debug_str     0x0000238e      0x188 ./src/leuart.o
                                0xd63 (size before relaxing)
 .debug_str     0x00002516      0x16d ./emlib/em_acmp.o
                                0x654 (size before relaxing)
 .debug_str     0x00002683       0xc2 ./emlib/em_adc.o
                                0xbcc (size before relaxing)
 .debug_str     0x00002745      0x869 ./emlib/em_cmu.o
                                0xfaf (size before relaxing)
 .debug_str     0x00002fae      0x39b ./emlib/em_dma.o
                                0xd6b (size before relaxing)
 .debug_str     0x00003349      0x416 ./emlib/em_emu.o
                                0x83f (size before relaxing)
 .debug_str     0x0000375f      0x143 ./emlib/em_gpio.o
                                0x5f7 (size before relaxing)
 .debug_str     0x000038a2      0x289 ./emlib/em_i2c.o
                                0x7ee (size before relaxing)
 .debug_str     0x00003b2b       0x12 ./emlib/em_int.o
                                0x1f7 (size before relaxing)
 .debug_str     0x00003b3d      0x695 ./emlib/em_lcd.o
                                0x8f0 (size before relaxing)
 .debug_str     0x000041d2     0x10e1 ./emlib/em_lesense.o
                               0x1599 (size before relaxing)
 .debug_str     0x000052b3       0xbb ./emlib/em_letimer.o
                                0x439 (size before relaxing)
 .debug_str     0x0000536e      0x11d ./emlib/em_leuart.o
                                0x770 (size before relaxing)
 .debug_str     0x0000548b       0x7b ./emlib/em_system.o
                                0x2c9 (size before relaxing)
 .debug_str     0x00005506      0x227 ./Drivers/lesense_letouch.o
                               0x1a48 (size before relaxing)
 .debug_str     0x0000572d      0x42e ./Drivers/segmentlcd.o
                                0xdc8 (size before relaxing)
 .debug_str     0x00005b5b      0x10c ./CMSIS/efm32lg/system_efm32lg.o
                                0x4a6 (size before relaxing)

.debug_frame    0x00000000     0x264c
 .debug_frame   0x00000000      0x40c ./src/assignment.o
 .debug_frame   0x0000040c       0xc4 ./src/circbuff.o
 .debug_frame   0x000004d0      0x3e0 ./src/i2c.o
 .debug_frame   0x000008b0       0x6c ./src/leuart.o
 .debug_frame   0x0000091c      0x138 ./emlib/em_acmp.o
 .debug_frame   0x00000a54       0xec ./emlib/em_adc.o
 .debug_frame   0x00000b40      0x4dc ./emlib/em_cmu.o
 .debug_frame   0x0000101c      0x27c ./emlib/em_dma.o
 .debug_frame   0x00001298      0x210 ./emlib/em_emu.o
 .debug_frame   0x000014a8      0x154 ./emlib/em_gpio.o
 .debug_frame   0x000015fc      0x120 ./emlib/em_i2c.o
 .debug_frame   0x0000171c      0x1fc ./emlib/em_lcd.o
 .debug_frame   0x00001918      0x284 ./emlib/em_lesense.o
 .debug_frame   0x00001b9c       0xf4 ./emlib/em_letimer.o
 .debug_frame   0x00001c90      0x1bc ./emlib/em_leuart.o
 .debug_frame   0x00001e4c       0x48 ./emlib/em_system.o
 .debug_frame   0x00001e94      0x230 ./Drivers/lesense_letouch.o
 .debug_frame   0x000020c4      0x28c ./Drivers/segmentlcd.o
 .debug_frame   0x00002350      0x138 ./CMSIS/efm32lg/system_efm32lg.o
 .debug_frame   0x00002488       0x20 c:/siliconlabs/simplicitystudio/v3/developer/toolchains/gnu_arm/4.8_2013q4/bin/../lib/gcc/arm-none-eabi/4.8.3/../../../../arm-none-eabi/lib/armv7-m\libc_s.a(lib_a-abs.o)
 .debug_frame   0x000024a8       0x28 c:/siliconlabs/simplicitystudio/v3/developer/toolchains/gnu_arm/4.8_2013q4/bin/../lib/gcc/arm-none-eabi/4.8.3/../../../../arm-none-eabi/lib/armv7-m\libc_s.a(lib_a-exit.o)
 .debug_frame   0x000024d0       0x2c c:/siliconlabs/simplicitystudio/v3/developer/toolchains/gnu_arm/4.8_2013q4/bin/../lib/gcc/arm-none-eabi/4.8.3/../../../../arm-none-eabi/lib/armv7-m\libc_s.a(lib_a-init.o)
 .debug_frame   0x000024fc       0x30 c:/siliconlabs/simplicitystudio/v3/developer/toolchains/gnu_arm/4.8_2013q4/bin/../lib/gcc/arm-none-eabi/4.8.3/../../../../arm-none-eabi/lib/armv7-m\libc_s.a(lib_a-malloc.o)
 .debug_frame   0x0000252c       0x20 c:/siliconlabs/simplicitystudio/v3/developer/toolchains/gnu_arm/4.8_2013q4/bin/../lib/gcc/arm-none-eabi/4.8.3/../../../../arm-none-eabi/lib/armv7-m\libc_s.a(lib_a-memset.o)
 .debug_frame   0x0000254c       0x2c c:/siliconlabs/simplicitystudio/v3/developer/toolchains/gnu_arm/4.8_2013q4/bin/../lib/gcc/arm-none-eabi/4.8.3/../../../../arm-none-eabi/lib/armv7-m\libc_s.a(lib_a-nano-mallocr.o)
 .debug_frame   0x00002578       0x2c c:/siliconlabs/simplicitystudio/v3/developer/toolchains/gnu_arm/4.8_2013q4/bin/../lib/gcc/arm-none-eabi/4.8.3/../../../../arm-none-eabi/lib/armv7-m\libc_s.a(lib_a-sbrkr.o)
 .debug_frame   0x000025a4       0x20 c:/siliconlabs/simplicitystudio/v3/developer/toolchains/gnu_arm/4.8_2013q4/bin/../lib/gcc/arm-none-eabi/4.8.3/../../../../arm-none-eabi/lib/armv7-m\libc_s.a(lib_a-strlen.o)
 .debug_frame   0x000025c4       0x48 c:/siliconlabs/simplicitystudio/v3/developer/toolchains/gnu_arm/4.8_2013q4/bin/../lib/gcc/arm-none-eabi/4.8.3/../../../../arm-none-eabi/lib/armv7-m\libc_s.a(lib_a-reent.o)
 .debug_frame   0x0000260c       0x20 c:/siliconlabs/simplicitystudio/v3/developer/toolchains/gnu_arm/4.8_2013q4/bin/../lib/gcc/arm-none-eabi/4.8.3/../../../../arm-none-eabi/lib/armv7-m\libnosys.a(sbrk.o)
 .debug_frame   0x0000262c       0x20 c:/siliconlabs/simplicitystudio/v3/developer/toolchains/gnu_arm/4.8_2013q4/bin/../lib/gcc/arm-none-eabi/4.8.3/../../../../arm-none-eabi/lib/armv7-m\libnosys.a(_exit.o)
