Archive member included to satisfy reference by file (symbol)

../src/ASF/thirdparty/wireless/ble_smart_sdk/lib/cm0/gcc\libblusdk.a(event.o)
                              src/ASF/thirdparty/wireless/ble_smart_sdk/ble_services/ble_mgr/ble_manager.o (at_ble_event_get)
../src/ASF/thirdparty/wireless/ble_smart_sdk/lib/cm0/gcc\libblusdk.a(gap.o)
                              src/ASF/thirdparty/wireless/ble_smart_sdk/ble_services/ble_mgr/ble_manager.o (at_ble_device_name_set)
../src/ASF/thirdparty/wireless/ble_smart_sdk/lib/cm0/gcc\libblusdk.a(gatt_client.o)
                              ../src/ASF/thirdparty/wireless/ble_smart_sdk/lib/cm0/gcc\libblusdk.a(gap.o) (init_gatt_client_module)
../src/ASF/thirdparty/wireless/ble_smart_sdk/lib/cm0/gcc\libblusdk.a(gatt_server.o)
                              ../src/ASF/thirdparty/wireless/ble_smart_sdk/lib/cm0/gcc\libblusdk.a(gap.o) (initi_gatt_server_module)
../src/ASF/thirdparty/wireless/ble_smart_sdk/lib/cm0/gcc\libblusdk.a(l2cc_task.o)
                              ../src/ASF/thirdparty/wireless/ble_smart_sdk/lib/cm0/gcc\libblusdk.a(gap.o) (init_l2cc_task_module)
../src/ASF/thirdparty/wireless/ble_smart_sdk/lib/cm0/gcc\libblusdk.a(security.o)
                              src/ASF/thirdparty/wireless/ble_smart_sdk/ble_services/ble_mgr/ble_manager.o (at_ble_authenticate)
../src/ASF/thirdparty/wireless/ble_smart_sdk/lib/cm0/gcc\libblusdk.a(htpt.o)
                              src/startup_template_app.o (at_ble_htpt_create_db)
../src/ASF/thirdparty/wireless/ble_smart_sdk/lib/cm0/gcc\libblusdk.a(interface.o)
                              ../src/ASF/thirdparty/wireless/ble_smart_sdk/lib/cm0/gcc\libblusdk.a(gap.o) (rx_callback)
../src/ASF/thirdparty/wireless/ble_smart_sdk/lib/cm0/gcc\libblusdk.a(calib_task.o)
                              ../src/ASF/thirdparty/wireless/ble_smart_sdk/lib/cm0/gcc\libblusdk.a(gap.o) (calib_config)
../src/ASF/thirdparty/wireless/ble_smart_sdk/lib/cm0/gcc\libblusdk.a(dbg_task.o)
                              ../src/ASF/thirdparty/wireless/ble_smart_sdk/lib/cm0/gcc\libblusdk.a(gap.o) (dbg_le_set_bd_addr_req_handler)
../src/ASF/thirdparty/wireless/ble_smart_sdk/lib/cm0/gcc\libblusdk.a(gapc_task.o)
                              ../src/ASF/thirdparty/wireless/ble_smart_sdk/lib/cm0/gcc\libblusdk.a(security.o) (check_ConnData_idx_role)
../src/ASF/thirdparty/wireless/ble_smart_sdk/lib/cm0/gcc\libblusdk.a(gapm_task.o)
                              ../src/ASF/thirdparty/wireless/ble_smart_sdk/lib/cm0/gcc\libblusdk.a(gap.o) (gapm_reset_req_handler)
../src/ASF/thirdparty/wireless/ble_smart_sdk/lib/cm0/gcc\libblusdk.a(gattc_task.o)
                              ../src/ASF/thirdparty/wireless/ble_smart_sdk/lib/cm0/gcc\libblusdk.a(gatt_server.o) (gattc_read_req_ind_parser)
../src/ASF/thirdparty/wireless/ble_smart_sdk/lib/cm0/gcc\libblusdk.a(gattm_task.o)
                              ../src/ASF/thirdparty/wireless/ble_smart_sdk/lib/cm0/gcc\libblusdk.a(gatt_server.o) (gattm_add_svc_req_handler)
../src/ASF/thirdparty/wireless/ble_smart_sdk/lib/cm0/gcc\libblusdk.a(htpt_task.o)
                              ../src/ASF/thirdparty/wireless/ble_smart_sdk/lib/cm0/gcc\libblusdk.a(htpt.o) (htpt_create_db_req_handler)
c:/program files (x86)/atmel/studio/7.0/toolchain/arm/arm-gnu-toolchain/bin/../lib/gcc/arm-none-eabi/5.3.1/armv6-m\libgcc.a(_thumb1_case_sqi.o)
                              ../src/ASF/thirdparty/wireless/ble_smart_sdk/lib/cm0/gcc\libblusdk.a(gap.o) (__gnu_thumb1_case_sqi)
c:/program files (x86)/atmel/studio/7.0/toolchain/arm/arm-gnu-toolchain/bin/../lib/gcc/arm-none-eabi/5.3.1/armv6-m\libgcc.a(_thumb1_case_uqi.o)
                              ../src/ASF/thirdparty/wireless/ble_smart_sdk/lib/cm0/gcc\libblusdk.a(gap.o) (__gnu_thumb1_case_uqi)
c:/program files (x86)/atmel/studio/7.0/toolchain/arm/arm-gnu-toolchain/bin/../lib/gcc/arm-none-eabi/5.3.1/armv6-m\libgcc.a(_udivsi3.o)
                              src/ASF/sam0/drivers/uart/uart.o (__aeabi_uidiv)
c:/program files (x86)/atmel/studio/7.0/toolchain/arm/arm-gnu-toolchain/bin/../lib/gcc/arm-none-eabi/5.3.1/armv6-m\libgcc.a(_dvmd_tls.o)
                              c:/program files (x86)/atmel/studio/7.0/toolchain/arm/arm-gnu-toolchain/bin/../lib/gcc/arm-none-eabi/5.3.1/armv6-m\libgcc.a(_udivsi3.o) (__aeabi_idiv0)
c:/program files (x86)/atmel/studio/7.0/toolchain/arm/arm-gnu-toolchain/bin/../lib/gcc/arm-none-eabi/5.3.1/armv6-m\libgcc.a(_fixunssfsi.o)
                              src/startup_template_app.o (__aeabi_f2uiz)
c:/program files (x86)/atmel/studio/7.0/toolchain/arm/arm-gnu-toolchain/bin/../lib/gcc/arm-none-eabi/5.3.1/armv6-m\libgcc.a(_fixunsdfsi.o)
                              src/ASF/thirdparty/wireless/ble_smart_sdk/services/uart/console_serial.o (__aeabi_d2uiz)
c:/program files (x86)/atmel/studio/7.0/toolchain/arm/arm-gnu-toolchain/bin/../lib/gcc/arm-none-eabi/5.3.1/armv6-m\libgcc.a(mulsf3.o)
                              src/startup_template_app.o (__aeabi_fmul)
[...]
Memory Configuration

Name             Origin             Length             Attributes
ram              0x10008000         0x00017800         xrw
lram             0x1001f800         0x00000800         xrw
*default*        0x00000000         0xffffffff

Linker script and memory map

LOAD c:/program files (x86)/atmel/studio/7.0/toolchain/arm/arm-gnu-toolchain/bin/../lib/gcc/arm-none-eabi/5.3.1/armv6-m/crti.o
LOAD c:/program files (x86)/atmel/studio/7.0/toolchain/arm/arm-gnu-toolchain/bin/../lib/gcc/arm-none-eabi/5.3.1/armv6-m/crtbegin.o
LOAD c:/program files (x86)/atmel/studio/7.0/toolchain/arm/arm-gnu-toolchain/bin/../lib/gcc/arm-none-eabi/5.3.1/../../../../arm-none-eabi/lib/armv6-m/crt0.o
LOAD src/ASF/common2/components/memory/eeprom/at30tse75x/at30tse75x.o
LOAD src/ASF/sam0/drivers/dma/dma_sam_b.o
LOAD src/ASF/sam0/drivers/i2c/i2c_master.o
LOAD src/ASF/sam0/drivers/i2c/i2c_master_interrupt.o
LOAD src/ASF/common/utils/interrupt/interrupt_sam_nvic.o
LOAD src/ASF/sam0/boards/samb11_xplained_pro/board_init.o
LOAD src/ASF/sam0/drivers/dualtimer/dualtimer.o
LOAD src/ASF/sam0/drivers/gpio/gpio.o
LOAD src/ASF/sam0/drivers/system/system_sam_b.o
LOAD src/ASF/sam0/drivers/timer/timer.o
LOAD src/ASF/sam0/drivers/uart/uart.o
LOAD src/ASF/sam0/utils/cmsis/samb11/source/gcc/startup_samb11.o
LOAD src/ASF/sam0/utils/cmsis/samb11/source/system_samb11.o
LOAD src/ASF/sam0/utils/stdio/read.o
LOAD src/ASF/sam0/utils/stdio/write.o
LOAD src/ASF/sam0/utils/syscalls/gcc/syscalls.o
LOAD src/ASF/thirdparty/wireless/ble_smart_sdk/ble_profiles/hr_sensor/hr_sensor.o
LOAD src/ASF/thirdparty/wireless/ble_smart_sdk/ble_services/battery/battery.o
LOAD src/ASF/thirdparty/wireless/ble_smart_sdk/ble_services/ble_mgr/ble_manager.o
LOAD src/ASF/thirdparty/wireless/ble_smart_sdk/ble_services/device_infomation/device_info.o
LOAD src/ASF/thirdparty/wireless/ble_smart_sdk/ble_services/heart_rate/heart_rate.o
LOAD src/ASF/thirdparty/wireless/ble_smart_sdk/services/dualtimer/timer_hw.o
LOAD src/ASF/thirdparty/wireless/ble_smart_sdk/services/gpio/button.o
LOAD src/ASF/thirdparty/wireless/ble_smart_sdk/services/gpio/led.o
LOAD src/ASF/thirdparty/wireless/ble_smart_sdk/services/uart/console_serial.o
LOAD src/ASF/thirdparty/wireless/ble_smart_sdk/src/event_handler.o
LOAD src/ASF/thirdparty/wireless/ble_smart_sdk/src/platform_drv.o
LOAD src/ASF/thirdparty/wireless/ble_smart_sdk/src/port_from_sdk.o
LOAD src/startup_template_app.o
START GROUP
LOAD ../src/ASF/thirdparty/CMSIS/Lib/GCC\libarm_cortexM0l_math.a
LOAD ../src/ASF/thirdparty/wireless/ble_smart_sdk/lib/cm0/gcc\libblusdk.a
LOAD c:/program files (x86)/atmel/studio/7.0/toolchain/arm/arm-gnu-toolchain/bin/../lib/gcc/arm-none-eabi/5.3.1/../../../../arm-none-eabi/lib/armv6-m\libm.a
END GROUP
START GROUP
LOAD c:/program files (x86)/atmel/studio/7.0/toolchain/arm/arm-gnu-toolchain/bin/../lib/gcc/arm-none-eabi/5.3.1/armv6-m\libgcc.a
LOAD c:/program files (x86)/atmel/studio/7.0/toolchain/arm/arm-gnu-toolchain/bin/../lib/gcc/arm-none-eabi/5.3.1/../../../../arm-none-eabi/lib/armv6-m\libc_nano.a
END GROUP
START GROUP
LOAD c:/program files (x86)/atmel/studio/7.0/toolchain/arm/arm-gnu-toolchain/bin/../lib/gcc/arm-none-eabi/5.3.1/armv6-m\libgcc.a
LOAD c:/program files (x86)/atmel/studio/7.0/toolchain/arm/arm-gnu-toolchain/bin/../lib/gcc/arm-none-eabi/5.3.1/../../../../arm-none-eabi/lib/armv6-m\libc_nano.a
END GROUP
LOAD c:/program files (x86)/atmel/studio/7.0/toolchain/arm/arm-gnu-toolchain/bin/../lib/gcc/arm-none-eabi/5.3.1/armv6-m/crtend.o
LOAD c:/program files (x86)/atmel/studio/7.0/toolchain/arm/arm-gnu-toolchain/bin/../lib/gcc/arm-none-eabi/5.3.1/armv6-m/crtn.o
                0x00000800                STACK_SIZE = DEFINED (STACK_SIZE)?STACK_SIZE:DEFINED (__stack_size__)?__stack_size__:0x800

.text           0x10008000     0xc19c
                0x10008000                . = ALIGN (0x4)
                0x10008000                _sfixed = .
 *(.test.main .text.app_entry)
 .text.app_entry
                0x10008000       0x88 src/ASF/sam0/utils/cmsis/samb11/source/gcc/startup_samb11.o
                0x10008000                app_entry
 *(.text .text.* .gnu.linkonce.t.*)
 .text          0x10008088       0x60 c:/program files (x86)/atmel/studio/7.0/toolchain/arm/arm-gnu-toolchain/bin/../lib/gcc/arm-none-eabi/5.3.1/armv6-m/crtbegin.o
 .text.dma_isr_handler
                0x100080e8      0x110 src/ASF/sam0/drivers/dma/dma_sam_b.o
 .text.dma_get_config_defaults
                0x100081f8       0x30 src/ASF/sam0/drivers/dma/dma_sam_b.o
                0x100081f8                dma_get_config_defaults
 .text.dma_add_descriptor
                0x10008228       0xa8 src/ASF/sam0/drivers/dma/dma_sam_b.o
                0x10008228                dma_add_descriptor
 .text.dma_start_transfer_job
                0x100082d0       0x78 src/ASF/sam0/drivers/dma/dma_sam_b.o
                0x100082d0                dma_start_transfer_job
 .text.dma_allocate
                0x10008348      0x1c0 src/ASF/sam0/drivers/dma/dma_sam_b.o
                0x10008348                dma_allocate
 .text.dualtimer_isr_handler
                0x10008508       0x44 src/ASF/sam0/drivers/dualtimer/dualtimer.o
 .text.dualtimer_get_config_defaults
                0x1000854c       0x24 src/ASF/sam0/drivers/dualtimer/dualtimer.o
                0x1000854c                dualtimer_get_config_defaults
 .text.dualtimer_set_counter
                0x10008570       0x28 src/ASF/sam0/drivers/dualtimer/dualtimer.o
                0x10008570                dualtimer_set_counter
 .text.dualtimer_enable
                0x10008598       0x24 src/ASF/sam0/drivers/dualtimer/dualtimer.o
                0x10008598                dualtimer_enable
 .text.dualtimer_disable
                0x100085bc       0x24 src/ASF/sam0/drivers/dualtimer/dualtimer.o
                0x100085bc                dualtimer_disable
 .text.dualtimer_init
                0x100085e0      0x104 src/ASF/sam0/drivers/dualtimer/dualtimer.o
                0x100085e0                dualtimer_init
 .text.dualtimer_register_callback
                0x100086e4       0x18 src/ASF/sam0/drivers/dualtimer/dualtimer.o
                0x100086e4                dualtimer_register_callback
 .text.gpio_port0_isr_handler
                0x100086fc       0x64 src/ASF/sam0/drivers/gpio/gpio.o
 .text.gpio_port1_isr_handler
                0x10008760       0x70 src/ASF/sam0/drivers/gpio/gpio.o
 .text.gpio_port2_isr_handler
                0x100087d0       0x7c src/ASF/sam0/drivers/gpio/gpio.o
 .text.gpio_get_config_defaults
                0x1000884c       0x10 src/ASF/sam0/drivers/gpio/gpio.o
                0x1000884c                gpio_get_config_defaults
 .text.gpio_pin_set_config
                0x1000885c      0x1b8 src/ASF/sam0/drivers/gpio/gpio.o
                0x1000885c                gpio_pin_set_config
 .text.gpio_pin_toggle_output_level
                0x10008a14       0x4c src/ASF/sam0/drivers/gpio/gpio.o
                0x10008a14                gpio_pin_toggle_output_level
 .text.gpio_pinmux_cofiguration
                0x10008a60      0x14c src/ASF/sam0/drivers/gpio/gpio.o
                0x10008a60                gpio_pinmux_cofiguration
 .text.gpio_register_callback
                0x10008bac       0xd0 src/ASF/sam0/drivers/gpio/gpio.o
                0x10008bac                gpio_register_callback
 .text.gpio_enable_callback
                0x10008c7c       0x5c src/ASF/sam0/drivers/gpio/gpio.o
                0x10008c7c                gpio_enable_callback
 .text.gpio_disable_callback
                0x10008cd8       0x3c src/ASF/sam0/drivers/gpio/gpio.o
                0x10008cd8                gpio_disable_callback
 .text.gpio_init
                0x10008d14       0x6c src/ASF/sam0/drivers/gpio/gpio.o
                0x10008d14                gpio_init
 .text.system_clock_config
                0x10008d80       0x84 src/ASF/sam0/drivers/system/system_sam_b.o
                0x10008d80                system_clock_config
 .text.system_clock_get_value
                0x10008e04        0xc src/ASF/sam0/drivers/system/system_sam_b.o
                0x10008e04                system_clock_get_value
 .text.system_clock_peripheral_enable
                0x10008e10      0x35c src/ASF/sam0/drivers/system/system_sam_b.o
                0x10008e10                system_clock_peripheral_enable
 .text.system_peripheral_reset
                0x1000916c      0x468 src/ASF/sam0/drivers/system/system_sam_b.o
                0x1000916c                system_peripheral_reset
 .text.system_register_isr
                0x100095d4       0x10 src/ASF/sam0/drivers/system/system_sam_b.o
                0x100095d4                system_register_isr
 .text.uart_rx0_isr_handler
                0x100095e4       0x88 src/ASF/sam0/drivers/uart/uart.o
 .text.uart_tx0_isr_handler
                0x1000966c       0x8c src/ASF/sam0/drivers/uart/uart.o
 .text.uart_rx1_isr_handler
                0x100096f8       0x88 src/ASF/sam0/drivers/uart/uart.o
 .text.uart_tx1_isr_handler
                0x10009780       0x8c src/ASF/sam0/drivers/uart/uart.o
 .text.uart_get_config_defaults
                0x1000980c       0x2c src/ASF/sam0/drivers/uart/uart.o
                0x1000980c                uart_get_config_defaults
 .text.uart_init
                0x10009838      0x1bc src/ASF/sam0/drivers/uart/uart.o
                0x10009838                uart_init
 .text.uart_write_wait
                0x100099f4       0x10 src/ASF/sam0/drivers/uart/uart.o
                0x100099f4                uart_write_wait
 .text.uart_read_wait
                0x10009a04       0x14 src/ASF/sam0/drivers/uart/uart.o
                0x10009a04                uart_read_wait
 .text.uart_read_buffer_job
                0x10009a18       0x28 src/ASF/sam0/drivers/uart/uart.o
                0x10009a18                uart_read_buffer_job
 .text.uart_register_callback
                0x10009a40       0x14 src/ASF/sam0/drivers/uart/uart.o
                0x10009a40                uart_register_callback
 .text.uart_enable_callback
                0x10009a54       0x20 src/ASF/sam0/drivers/uart/uart.o
                0x10009a54                uart_enable_callback
 .text.uart_disable_callback
                0x10009a74       0x20 src/ASF/sam0/drivers/uart/uart.o
                0x10009a74                uart_disable_callback
 .text.uart_enable_receive_dma
                0x10009a94       0x38 src/ASF/sam0/drivers/uart/uart.o
                0x10009a94                uart_enable_receive_dma
 .text._read    0x10009acc       0x40 src/ASF/sam0/utils/stdio/read.o
                0x10009acc                _read
 .text._write   0x10009b0c       0x50 src/ASF/sam0/utils/stdio/write.o
                0x10009b0c                _write
 .text._sbrk    0x10009b5c       0x24 src/ASF/sam0/utils/syscalls/gcc/syscalls.o
                0x10009b5c                _sbrk
 .text._close   0x10009b80        0x8 src/ASF/sam0/utils/syscalls/gcc/syscalls.o
                0x10009b80                _close
 .text._fstat   0x10009b88        0xc src/ASF/sam0/utils/syscalls/gcc/syscalls.o
                0x10009b88                _fstat
 .text._isatty  0x10009b94        0x4 src/ASF/sam0/utils/syscalls/gcc/syscalls.o
                0x10009b94                _isatty
 .text._lseek   0x10009b98        0x4 src/ASF/sam0/utils/syscalls/gcc/syscalls.o
                0x10009b98                _lseek
 .text.hr_sensor_disconnect_event_handler
                0x10009b9c        0x4 src/ASF/thirdparty/wireless/ble_smart_sdk/ble_profiles/hr_sensor/hr_sensor.o
                0x10009b9c                hr_sensor_disconnect_event_handler
 .text.hr_sensor_notification_cfm_handler
                0x10009ba0        0x4 src/ASF/thirdparty/wireless/ble_smart_sdk/ble_profiles/hr_sensor/hr_sensor.o
                0x10009ba0                hr_sensor_notification_cfm_handler
 .text.hr_sensor_connected_state_handler
                0x10009ba4       0x24 src/ASF/thirdparty/wireless/ble_smart_sdk/ble_profiles/hr_sensor/hr_sensor.o
                0x10009ba4                hr_sensor_connected_state_handler
 .text.hr_sensor_char_write_request
                0x10009bc8       0x80 src/ASF/thirdparty/wireless/ble_smart_sdk/ble_profiles/hr_sensor/hr_sensor.o
                0x10009bc8                hr_sensor_char_write_request
 .text.hr_sensor_char_changed_handler
                0x10009c48       0x54 src/ASF/thirdparty/wireless/ble_smart_sdk/ble_profiles/hr_sensor/hr_sensor.o
                0x10009c48                hr_sensor_char_changed_handler
 .text.register_hr_notification_handler
                0x10009c9c        0xc src/ASF/thirdparty/wireless/ble_smart_sdk/ble_profiles/hr_sensor/hr_sensor.o
                0x10009c9c                register_hr_notification_handler
 .text.register_hr_reset_handler
                0x10009ca8        0xc src/ASF/thirdparty/wireless/ble_smart_sdk/ble_profiles/hr_sensor/hr_sensor.o
                0x10009ca8                register_hr_reset_handler
 .text.hr_sensor_send_notification
                0x10009cb4       0x70 src/ASF/thirdparty/wireless/ble_smart_sdk/ble_profiles/hr_sensor/hr_sensor.o
                0x10009cb4                hr_sensor_send_notification
 .text.hr_sensor_disconnect
                0x10009d24       0x4c src/ASF/thirdparty/wireless/ble_smart_sdk/ble_profiles/hr_sensor/hr_sensor.o
                0x10009d24                hr_sensor_disconnect
 .text.hr_sensor_adv
                0x10009d70       0x58 src/ASF/thirdparty/wireless/ble_smart_sdk/ble_profiles/hr_sensor/hr_sensor.o
                0x10009d70                hr_sensor_adv
 .text.hr_sensor_service_define
                0x10009dc8       0x58 src/ASF/thirdparty/wireless/ble_smart_sdk/ble_profiles/hr_sensor/hr_sensor.o
                0x10009dc8                hr_sensor_service_define
 .text.hr_sensor_service_init
                0x10009e20       0x20 src/ASF/thirdparty/wireless/ble_smart_sdk/ble_profiles/hr_sensor/hr_sensor.o
                0x10009e20                hr_sensor_service_init
 .text.hr_sensor_init
                0x10009e40       0x5c src/ASF/thirdparty/wireless/ble_smart_sdk/ble_profiles/hr_sensor/hr_sensor.o
                0x10009e40                hr_sensor_init
 .text.bat_init_service
                0x10009e9c       0x70 src/ASF/thirdparty/wireless/ble_smart_sdk/ble_services/battery/battery.o
                0x10009e9c                bat_init_service
 .text.bat_primary_service_define
                0x10009f0c       0x24 src/ASF/thirdparty/wireless/ble_smart_sdk/ble_services/battery/battery.o
                0x10009f0c                bat_primary_service_define
 .text.bat_update_char_value
                0x10009f30       0x80 src/ASF/thirdparty/wireless/ble_smart_sdk/ble_services/battery/battery.o
                0x10009f30                bat_update_char_value
 .text.bat_char_changed_event
                0x10009fb0       0x8c src/ASF/thirdparty/wireless/ble_smart_sdk/ble_services/battery/battery.o
                0x10009fb0                bat_char_changed_event
 .text.ble_undefined_event_handler
                0x1000a03c        0x4 src/ASF/thirdparty/wireless/ble_smart_sdk/ble_services/ble_mgr/ble_manager.o
                0x1000a03c                ble_undefined_event_handler
 .text.ble_mtu_changed_indication_handler
                0x1000a040        0x4 src/ASF/thirdparty/wireless/ble_smart_sdk/ble_services/ble_mgr/ble_manager.o
                0x1000a040                ble_mtu_changed_indication_handler
 .text.ble_characteristic_write_cmd_complete_handler
                0x1000a044        0xc src/ASF/thirdparty/wireless/ble_smart_sdk/ble_services/ble_mgr/ble_manager.o
                0x1000a044                ble_characteristic_write_cmd_complete_handler
 .text.ble_conn_param_update
                0x1000a050        0x4 src/ASF/thirdparty/wireless/ble_smart_sdk/ble_services/ble_mgr/ble_manager.o
                0x1000a050                ble_conn_param_update
 .text.ble_scan_report_handler
                0x1000a054       0x28 src/ASF/thirdparty/wireless/ble_smart_sdk/ble_services/ble_mgr/ble_manager.o
                0x1000a054                ble_scan_report_handler
 .text.ble_mtu_changed_cmd_complete_handler
                0x1000a07c       0x30 src/ASF/thirdparty/wireless/ble_smart_sdk/ble_services/ble_mgr/ble_manager.o
                0x1000a07c                ble_mtu_changed_cmd_complete_handler
 .text.ble_disconnected_state_handler
                0x1000a0ac       0x88 src/ASF/thirdparty/wireless/ble_smart_sdk/ble_services/ble_mgr/ble_manager.o
                0x1000a0ac                ble_disconnected_state_handler
 .text.ble_encryption_status_change_handler
                0x1000a134       0xc4 src/ASF/thirdparty/wireless/ble_smart_sdk/ble_services/ble_mgr/ble_manager.o
                0x1000a134                ble_encryption_status_change_handler
 .text.ble_scan_info_handler
                0x1000a1f8       0x80 src/ASF/thirdparty/wireless/ble_smart_sdk/ble_services/ble_mgr/ble_manager.o
                0x1000a1f8                ble_scan_info_handler
 .text.ble_pair_done_handler
                0x1000a278      0x120 src/ASF/thirdparty/wireless/ble_smart_sdk/ble_services/ble_mgr/ble_manager.o
                0x1000a278                ble_pair_done_handler
 .text.ble_conn_param_update_req
                0x1000a398       0x18 src/ASF/thirdparty/wireless/ble_smart_sdk/ble_services/ble_mgr/ble_manager.o
                0x1000a398                ble_conn_param_update_req
 .text.ble_slave_security_request_handler
                0x1000a3b0      0x1ec src/ASF/thirdparty/wireless/ble_smart_sdk/ble_services/ble_mgr/ble_manager.o
                0x1000a3b0                ble_slave_security_request_handler
 .text.ble_pair_request_handler
                0x1000a59c      0x154 src/ASF/thirdparty/wireless/ble_smart_sdk/ble_services/ble_mgr/ble_manager.o
                0x1000a59c                ble_pair_request_handler
 .text.ble_pair_key_request_handler
                0x1000a6f0      0x144 src/ASF/thirdparty/wireless/ble_smart_sdk/ble_services/ble_mgr/ble_manager.o
                0x1000a6f0                ble_pair_key_request_handler
 .text.ble_encryption_request_handler
                0x1000a834       0xec src/ASF/thirdparty/wireless/ble_smart_sdk/ble_services/ble_mgr/ble_manager.o
                0x1000a834                ble_encryption_request_handler
 .text.ble_mgr_events_callback_handler
                0x1000a920       0xd0 src/ASF/thirdparty/wireless/ble_smart_sdk/ble_services/ble_mgr/ble_manager.o
                0x1000a920                ble_mgr_events_callback_handler
 .text.ble_device_init
                0x1000a9f0      0x2c0 src/ASF/thirdparty/wireless/ble_smart_sdk/ble_services/ble_mgr/ble_manager.o
                0x1000a9f0                ble_device_init
 .text.ble_send_slave_sec_request
                0x1000acb0       0x34 src/ASF/thirdparty/wireless/ble_smart_sdk/ble_services/ble_mgr/ble_manager.o
                0x1000acb0                ble_send_slave_sec_request
 .text.ble_connected_state_handler
                0x1000ace4      0x23c src/ASF/thirdparty/wireless/ble_smart_sdk/ble_services/ble_mgr/ble_manager.o
                0x1000ace4                ble_connected_state_handler
 .text.ble_resolv_rand_addr_handler
                0x1000af20       0xec src/ASF/thirdparty/wireless/ble_smart_sdk/ble_services/ble_mgr/ble_manager.o
                0x1000af20                ble_resolv_rand_addr_handler
 .text.ble_event_manager
                0x1000b00c      0x128 src/ASF/thirdparty/wireless/ble_smart_sdk/ble_services/ble_mgr/ble_manager.o
                0x1000b00c                ble_event_manager
 .text.ble_event_task
                0x1000b134       0x30 src/ASF/thirdparty/wireless/ble_smart_sdk/ble_services/ble_mgr/ble_manager.o
                0x1000b134                ble_event_task
 .text.ble_advertisement_data_set
                0x1000b164       0x94 src/ASF/thirdparty/wireless/ble_smart_sdk/ble_services/ble_mgr/ble_manager.o
                0x1000b164                ble_advertisement_data_set
 .text.dis_init_service
                0x1000b1f8      0x40c src/ASF/thirdparty/wireless/ble_smart_sdk/ble_services/device_infomation/device_info.o
                0x1000b1f8                dis_init_service
 .text.dis_primary_service_define
                0x1000b604       0x24 src/ASF/thirdparty/wireless/ble_smart_sdk/ble_services/device_infomation/device_info.o
                0x1000b604                dis_primary_service_define
 .text.hr_init_service
                0x1000b628      0x12c src/ASF/thirdparty/wireless/ble_smart_sdk/ble_services/heart_rate/heart_rate.o
                0x1000b628                hr_init_service
 .text.hr_primary_service_define
                0x1000b754       0x24 src/ASF/thirdparty/wireless/ble_smart_sdk/ble_services/heart_rate/heart_rate.o
                0x1000b754                hr_primary_service_define
 .text.hr_write_value_handler
                0x1000b778       0x30 src/ASF/thirdparty/wireless/ble_smart_sdk/ble_services/heart_rate/heart_rate.o
                0x1000b778                hr_write_value_handler
 .text.dualtimer_callback2
                0x1000b7a8        0x4 src/ASF/thirdparty/wireless/ble_smart_sdk/services/dualtimer/timer_hw.o
                0x1000b7a8                dualtimer_callback2
 .text.hw_timer_init
                0x1000b7ac       0x2c src/ASF/thirdparty/wireless/ble_smart_sdk/services/dualtimer/timer_hw.o
                0x1000b7ac                hw_timer_init
 .text.hw_timer_register_callback
                0x1000b7d8       0x34 src/ASF/thirdparty/wireless/ble_smart_sdk/services/dualtimer/timer_hw.o
                0x1000b7d8                hw_timer_register_callback
 .text.hw_timer_start
                0x1000b80c       0x2c src/ASF/thirdparty/wireless/ble_smart_sdk/services/dualtimer/timer_hw.o
                0x1000b80c                hw_timer_start
 .text.hw_timer_stop
                0x1000b838       0x10 src/ASF/thirdparty/wireless/ble_smart_sdk/services/dualtimer/timer_hw.o
                0x1000b838                hw_timer_stop
 .text.button_callback
                0x1000b848       0x28 src/ASF/thirdparty/wireless/ble_smart_sdk/services/gpio/button.o
 .text.button_init
                0x1000b870       0x28 src/ASF/thirdparty/wireless/ble_smart_sdk/services/gpio/button.o
                0x1000b870                button_init
 .text.button_register_callback
                0x1000b898       0x38 src/ASF/thirdparty/wireless/ble_smart_sdk/services/gpio/button.o
                0x1000b898                button_register_callback
 .text.uart_read_complete_callback
                0x1000b8d0       0x54 src/ASF/thirdparty/wireless/ble_smart_sdk/services/uart/console_serial.o
 .text.usart_serial_getchar
                0x1000b924       0x18 src/ASF/thirdparty/wireless/ble_smart_sdk/services/uart/console_serial.o
 .text.usart_serial_putchar
                0x1000b93c       0x18 src/ASF/thirdparty/wireless/ble_smart_sdk/services/uart/console_serial.o
 .text.serial_console_init
                0x1000b954       0xa8 src/ASF/thirdparty/wireless/ble_smart_sdk/services/uart/console_serial.o
                0x1000b954                serial_console_init
 .text._time_start
                0x1000b9fc       0x58 src/ASF/thirdparty/wireless/ble_smart_sdk/services/uart/console_serial.o
                0x1000b9fc                _time_start
 .text._time_done
                0x1000ba54       0x10 src/ASF/thirdparty/wireless/ble_smart_sdk/services/uart/console_serial.o
                0x1000ba54                _time_done
 .text.getchar_b11_timeout
                0x1000ba64       0x6c src/ASF/thirdparty/wireless/ble_smart_sdk/services/uart/console_serial.o
                0x1000ba64                getchar_b11_timeout
 .text.platform_event_free
                0x1000bad0       0x10 src/ASF/thirdparty/wireless/ble_smart_sdk/src/event_handler.o
                0x1000bad0                platform_event_free
 .text.platform_event_post
                0x1000bae0       0x38 src/ASF/thirdparty/wireless/ble_smart_sdk/src/event_handler.o
                0x1000bae0                platform_event_post
 .text.platform_event_init
                0x1000bb18       0x30 src/ASF/thirdparty/wireless/ble_smart_sdk/src/event_handler.o
                0x1000bb18                platform_event_init
 .text.at_ke_msg_send
                0x1000bb48       0x78 src/ASF/thirdparty/wireless/ble_smart_sdk/src/platform_drv.o
 .text.samb11_plf_resume_callback
                0x1000bbc0       0x2c src/ASF/thirdparty/wireless/ble_smart_sdk/src/platform_drv.o
                0x1000bbc0                samb11_plf_resume_callback
 .text.init_port_list
                0x1000bbec       0x44 src/ASF/thirdparty/wireless/ble_smart_sdk/src/platform_drv.o
                0x1000bbec                init_port_list
 .text.init_clock
                0x1000bc30       0x30 src/ASF/thirdparty/wireless/ble_smart_sdk/src/platform_drv.o
                0x1000bc30                init_clock
 .text.platform_driver_init
                0x1000bc60      0x244 src/ASF/thirdparty/wireless/ble_smart_sdk/src/platform_drv.o
                0x1000bc60                platform_driver_init
 .text.platform_register_ble_msg_handler
                0x1000bea4       0x1c src/ASF/thirdparty/wireless/ble_smart_sdk/src/platform_drv.o
                0x1000bea4                platform_register_ble_msg_handler
 .text.platform_interface_send
                0x1000bec0       0x50 src/ASF/thirdparty/wireless/ble_smart_sdk/src/platform_drv.o
                0x1000bec0                platform_interface_send
 .text.send_plf_int_msg_ind
                0x1000bf10       0x40 src/ASF/thirdparty/wireless/ble_smart_sdk/src/platform_drv.o
                0x1000bf10                send_plf_int_msg_ind
 .text.platform_event_wait
                0x1000bf50      0x264 src/ASF/thirdparty/wireless/ble_smart_sdk/src/platform_drv.o
                0x1000bf50                platform_event_wait
 .text.acquire_sleep_lock
                0x1000c1b4       0x14 src/ASF/thirdparty/wireless/ble_smart_sdk/src/platform_drv.o
                0x1000c1b4                acquire_sleep_lock
 .text.release_message_lock
                0x1000c1c8       0x14 src/ASF/thirdparty/wireless/ble_smart_sdk/src/platform_drv.o
                0x1000c1c8                release_message_lock
 .text.gpio1_combined_isr_handler
                0x1000c1dc       0x70 src/ASF/thirdparty/wireless/ble_smart_sdk/src/port_from_sdk.o
                0x1000c1dc                gpio1_combined_isr_handler
 .text.gpio0_combined_isr_handler
                0x1000c24c       0x6c src/ASF/thirdparty/wireless/ble_smart_sdk/src/port_from_sdk.o
                0x1000c24c                gpio0_combined_isr_handler
 .text.PORT1_COMB_Handler
                0x1000c2b8       0x44 src/ASF/thirdparty/wireless/ble_smart_sdk/src/port_from_sdk.o
                0x1000c2b8                PORT1_COMB_Handler
 .text.wakeup_int_unregister_callback
                0x1000c2fc       0x18 src/ASF/thirdparty/wireless/ble_smart_sdk/src/port_from_sdk.o
                0x1000c2fc                wakeup_int_unregister_callback
 .text.wakeup_active_event_callback
                0x1000c314       0x5c src/ASF/thirdparty/wireless/ble_smart_sdk/src/port_from_sdk.o
                0x1000c314                wakeup_active_event_callback
 .text.ble_paired_app_event
                0x1000c370       0x10 src/startup_template_app.o
 .text.ble_connected_app_event
                0x1000c380       0x10 src/startup_template_app.o
 .text.ble_notification_confirmed_app_event
                0x1000c390       0x14 src/startup_template_app.o
 .text.app_reset_handler
                0x1000c3a4       0x2c src/startup_template_app.o
 .text.app_htpt_cfg_indntf_ind_handler
                0x1000c3d0       0x38 src/startup_template_app.o
 .text.ble_char_changed_app_event
                0x1000c408       0x1c src/startup_template_app.o
 .text.app_notification_handler
                0x1000c424       0x54 src/startup_template_app.o
 .text.timer_callback_handler
                0x1000c478      0x160 src/startup_template_app.o
 .text.button_cb
                0x1000c5d8       0x50 src/startup_template_app.o
 .text.ble_paired_cb
                0x1000c628       0x44 src/startup_template_app.o
 .text.battery_service_advertise
                0x1000c66c       0xa0 src/startup_template_app.o
 .text.ble_disconnected_app_event
                0x1000c70c       0x24 src/startup_template_app.o
 .text.ble_advertise
                0x1000c730       0x78 src/startup_template_app.o
 .text.ble_disconnected_cb
                0x1000c7a8       0x1c src/startup_template_app.o
 .text.transfer_done_rx
                0x1000c7c4       0x14 src/startup_template_app.o
 .text.main     0x1000c7d8      0x5b8 src/startup_template_app.o
                0x1000c7d8                main
 .text.internal_event_post
                0x1000cd90       0x5c ../src/ASF/thirdparty/wireless/ble_smart_sdk/lib/cm0/gcc\libblusdk.a(event.o)
                0x1000cd90                internal_event_post
 .text.internal_event_init
                0x1000cdec       0x2c ../src/ASF/thirdparty/wireless/ble_smart_sdk/lib/cm0/gcc\libblusdk.a(event.o)
                0x1000cdec                internal_event_init
 .text.special_events_handler
                0x1000ce18       0x90 ../src/ASF/thirdparty/wireless/ble_smart_sdk/lib/cm0/gcc\libblusdk.a(event.o)
                0x1000ce18                special_events_handler
 .text.at_ble_event_get
                0x1000cea8      0x6d8 ../src/ASF/thirdparty/wireless/ble_smart_sdk/lib/cm0/gcc\libblusdk.a(event.o)
                0x1000cea8                at_ble_event_get
 .text.internal_event_flush
                0x1000d580       0x44 ../src/ASF/thirdparty/wireless/ble_smart_sdk/lib/cm0/gcc\libblusdk.a(event.o)
                0x1000d580                internal_event_flush
 .text.internal_conn_flush
                0x1000d5c4       0x54 ../src/ASF/thirdparty/wireless/ble_smart_sdk/lib/cm0/gcc\libblusdk.a(event.o)
                0x1000d5c4                internal_conn_flush
 .text.at_ble_device_name_set
                0x1000d618       0x34 ../src/ASF/thirdparty/wireless/ble_smart_sdk/lib/cm0/gcc\libblusdk.a(gap.o)
                0x1000d618                at_ble_device_name_set
 .text.at_ble_addr_get
                0x1000d64c       0x24 ../src/ASF/thirdparty/wireless/ble_smart_sdk/lib/cm0/gcc\libblusdk.a(gap.o)
                0x1000d64c                at_ble_addr_get
 .text.at_ble_set_dev_config
                0x1000d670       0x90 ../src/ASF/thirdparty/wireless/ble_smart_sdk/lib/cm0/gcc\libblusdk.a(gap.o)
                0x1000d670                at_ble_set_dev_config
 .text.at_ble_init
                0x1000d700      0x1b4 ../src/ASF/thirdparty/wireless/ble_smart_sdk/lib/cm0/gcc\libblusdk.a(gap.o)
                0x1000d700                at_ble_init
 .text.at_ble_addr_set
                0x1000d8b4       0x54 ../src/ASF/thirdparty/wireless/ble_smart_sdk/lib/cm0/gcc\libblusdk.a(gap.o)
                0x1000d8b4                at_ble_addr_set
 .text.at_ble_adv_data_set
                0x1000d908       0x84 ../src/ASF/thirdparty/wireless/ble_smart_sdk/lib/cm0/gcc\libblusdk.a(gap.o)
                0x1000d908                at_ble_adv_data_set
 .text.at_ble_adv_start
                0x1000d98c      0x13c ../src/ASF/thirdparty/wireless/ble_smart_sdk/lib/cm0/gcc\libblusdk.a(gap.o)
                0x1000d98c                at_ble_adv_start
 .text.at_ble_scan_stop
                0x1000dac8       0x20 ../src/ASF/thirdparty/wireless/ble_smart_sdk/lib/cm0/gcc\libblusdk.a(gap.o)
                0x1000dac8                at_ble_scan_stop
 .text.at_ble_disconnect
                0x1000dae8       0x20 ../src/ASF/thirdparty/wireless/ble_smart_sdk/lib/cm0/gcc\libblusdk.a(gap.o)
                0x1000dae8                at_ble_disconnect
 .text.at_ble_conn_update_reply
                0x1000db08        0xc ../src/ASF/thirdparty/wireless/ble_smart_sdk/lib/cm0/gcc\libblusdk.a(gap.o)
                0x1000db08                at_ble_conn_update_reply
 .text.at_ble_random_address_resolve
                0x1000db14       0x28 ../src/ASF/thirdparty/wireless/ble_smart_sdk/lib/cm0/gcc\libblusdk.a(gap.o)
                0x1000db14                at_ble_random_address_resolve
 .text.at_ble_uuid_type2len
                0x1000db3c       0x14 ../src/ASF/thirdparty/wireless/ble_smart_sdk/lib/cm0/gcc\libblusdk.a(gap.o)
                0x1000db3c                at_ble_uuid_type2len
 .text.at_ble_uuid_len2type
                0x1000db50       0x14 ../src/ASF/thirdparty/wireless/ble_smart_sdk/lib/cm0/gcc\libblusdk.a(gap.o)
                0x1000db50                at_ble_uuid_len2type
 .text.init_gatt_client_module
                0x1000db64        0xc ../src/ASF/thirdparty/wireless/ble_smart_sdk/lib/cm0/gcc\libblusdk.a(gatt_client.o)
                0x1000db64                init_gatt_client_module
 .text.db_searchATT
                0x1000db70       0x40 ../src/ASF/thirdparty/wireless/ble_smart_sdk/lib/cm0/gcc\libblusdk.a(gatt_server.o)
 .text.att_permissions
                0x1000dbb0       0x58 ../src/ASF/thirdparty/wireless/ble_smart_sdk/lib/cm0/gcc\libblusdk.a(gatt_server.o)
 .text.char_permissions
                0x1000dc08       0x9c ../src/ASF/thirdparty/wireless/ble_smart_sdk/lib/cm0/gcc\libblusdk.a(gatt_server.o)
 .text.presentation_format_define
                0x1000dca4       0x2c ../src/ASF/thirdparty/wireless/ble_smart_sdk/lib/cm0/gcc\libblusdk.a(gatt_server.o)
 .text.db_addATT
                0x1000dcd0       0xb8 ../src/ASF/thirdparty/wireless/ble_smart_sdk/lib/cm0/gcc\libblusdk.a(gatt_server.o)
 .text.user_description_define
                0x1000dd88       0x50 ../src/ASF/thirdparty/wireless/ble_smart_sdk/lib/cm0/gcc\libblusdk.a(gatt_server.o)
 .text.at_ble_read_authorize_reply.part.1
                0x1000ddd8       0x30 ../src/ASF/thirdparty/wireless/ble_smart_sdk/lib/cm0/gcc\libblusdk.a(gatt_server.o)
 .text.internal_at_ble_service_define
                0x1000de08      0x3bc ../src/ASF/thirdparty/wireless/ble_smart_sdk/lib/cm0/gcc\libblusdk.a(gatt_server.o)
 .text.initi_gatt_server_module
                0x1000e1c4       0x3c ../src/ASF/thirdparty/wireless/ble_smart_sdk/lib/cm0/gcc\libblusdk.a(gatt_server.o)
                0x1000e1c4                initi_gatt_server_module
 .text.db_init  0x1000e200       0x44 ../src/ASF/thirdparty/wireless/ble_smart_sdk/lib/cm0/gcc\libblusdk.a(gatt_server.o)
                0x1000e200                db_init
 .text.at_ble_primary_service_define
                0x1000e244       0x20 ../src/ASF/thirdparty/wireless/ble_smart_sdk/lib/cm0/gcc\libblusdk.a(gatt_server.o)
                0x1000e244                at_ble_primary_service_define
 .text.at_ble_characteristic_value_set
                0x1000e264       0x3c ../src/ASF/thirdparty/wireless/ble_smart_sdk/lib/cm0/gcc\libblusdk.a(gatt_server.o)
                0x1000e264                at_ble_characteristic_value_set
 .text.at_ble_characteristic_value_get
                0x1000e2a0       0x40 ../src/ASF/thirdparty/wireless/ble_smart_sdk/lib/cm0/gcc\libblusdk.a(gatt_server.o)
                0x1000e2a0                at_ble_characteristic_value_get
 .text.at_ble_write_authorize_reply
                0x1000e2e0       0x88 ../src/ASF/thirdparty/wireless/ble_smart_sdk/lib/cm0/gcc\libblusdk.a(gatt_server.o)
                0x1000e2e0                at_ble_write_authorize_reply
 .text.gatts_handle_read_req
                0x1000e368       0x30 ../src/ASF/thirdparty/wireless/ble_smart_sdk/lib/cm0/gcc\libblusdk.a(gatt_server.o)
                0x1000e368                gatts_handle_read_req
 .text.gatts_handle_att_info_req
                0x1000e398       0x3c ../src/ASF/thirdparty/wireless/ble_smart_sdk/lib/cm0/gcc\libblusdk.a(gatt_server.o)
                0x1000e398                gatts_handle_att_info_req
 .text.gatts_handle_write_req
                0x1000e3d4       0x30 ../src/ASF/thirdparty/wireless/ble_smart_sdk/lib/cm0/gcc\libblusdk.a(gatt_server.o)
                0x1000e3d4                gatts_handle_write_req
 .text.at_ble_notification_send
                0x1000e404       0x74 ../src/ASF/thirdparty/wireless/ble_smart_sdk/lib/cm0/gcc\libblusdk.a(gatt_server.o)
                0x1000e404                at_ble_notification_send
 .text.init_l2cc_task_module
                0x1000e478        0xc ../src/ASF/thirdparty/wireless/ble_smart_sdk/lib/cm0/gcc\libblusdk.a(l2cc_task.o)
                0x1000e478                init_l2cc_task_module
 .text.l2cc_data_send_rsp_handler
                0x1000e484       0x2c ../src/ASF/thirdparty/wireless/ble_smart_sdk/lib/cm0/gcc\libblusdk.a(l2cc_task.o)
                0x1000e484                l2cc_data_send_rsp_handler
 .text.l2cc_data_received_handler
                0x1000e4b0       0x30 ../src/ASF/thirdparty/wireless/ble_smart_sdk/lib/cm0/gcc\libblusdk.a(l2cc_task.o)
                0x1000e4b0                l2cc_data_received_handler
 .text.at_ble_authenticate
                0x1000e4e0      0x130 ../src/ASF/thirdparty/wireless/ble_smart_sdk/lib/cm0/gcc\libblusdk.a(security.o)
                0x1000e4e0                at_ble_authenticate
 .text.at_ble_pair_key_reply
                0x1000e610       0x7c ../src/ASF/thirdparty/wireless/ble_smart_sdk/lib/cm0/gcc\libblusdk.a(security.o)
                0x1000e610                at_ble_pair_key_reply
 .text.at_ble_send_slave_sec_request
                0x1000e68c       0x40 ../src/ASF/thirdparty/wireless/ble_smart_sdk/lib/cm0/gcc\libblusdk.a(security.o)
                0x1000e68c                at_ble_send_slave_sec_request
 .text.at_ble_encryption_start
                0x1000e6cc       0x78 ../src/ASF/thirdparty/wireless/ble_smart_sdk/lib/cm0/gcc\libblusdk.a(security.o)
                0x1000e6cc                at_ble_encryption_start
 .text.at_ble_encryption_request_reply
                0x1000e744       0x34 ../src/ASF/thirdparty/wireless/ble_smart_sdk/lib/cm0/gcc\libblusdk.a(security.o)
                0x1000e744                at_ble_encryption_request_reply
 .text.at_ble_htpt_create_db
                0x1000e778       0x20 ../src/ASF/thirdparty/wireless/ble_smart_sdk/lib/cm0/gcc\libblusdk.a(htpt.o)
                0x1000e778                at_ble_htpt_create_db
 .text.at_ble_htpt_enable
                0x1000e798        0xc ../src/ASF/thirdparty/wireless/ble_smart_sdk/lib/cm0/gcc\libblusdk.a(htpt.o)
                0x1000e798                at_ble_htpt_enable
 .text.at_ble_htpt_temp_send
                0x1000e7a4       0x1c ../src/ASF/thirdparty/wireless/ble_smart_sdk/lib/cm0/gcc\libblusdk.a(htpt.o)
                0x1000e7a4                at_ble_htpt_temp_send
 .text.rx_callback
                0x1000e7c0       0x98 ../src/ASF/thirdparty/wireless/ble_smart_sdk/lib/cm0/gcc\libblusdk.a(interface.o)
                0x1000e7c0                rx_callback
 .text.interface_send
                0x1000e858       0x10 ../src/ASF/thirdparty/wireless/ble_smart_sdk/lib/cm0/gcc\libblusdk.a(interface.o)
                0x1000e858                interface_send
 .text.interface_init
                0x1000e868       0x48 ../src/ASF/thirdparty/wireless/ble_smart_sdk/lib/cm0/gcc\libblusdk.a(interface.o)
                0x1000e868                interface_init
 .text.platform_cmd_cmpl_signal
                0x1000e8b0        0xc ../src/ASF/thirdparty/wireless/ble_smart_sdk/lib/cm0/gcc\libblusdk.a(interface.o)
                0x1000e8b0                platform_cmd_cmpl_signal
 .text.platform_cmd_cmpl_wait
                0x1000e8bc       0x2c ../src/ASF/thirdparty/wireless/ble_smart_sdk/lib/cm0/gcc\libblusdk.a(interface.o)
                0x1000e8bc                platform_cmd_cmpl_wait
 .text.start_timer
                0x1000e8e8        0x2 ../src/ASF/thirdparty/wireless/ble_smart_sdk/lib/cm0/gcc\libblusdk.a(interface.o)
                0x1000e8e8                start_timer
 .text.stop_timer
                0x1000e8ea        0x2 ../src/ASF/thirdparty/wireless/ble_smart_sdk/lib/cm0/gcc\libblusdk.a(interface.o)
                0x1000e8ea                stop_timer
 .text.dbg_le_set_bd_addr_req_handler
                0x1000e8ec       0x7c ../src/ASF/thirdparty/wireless/ble_smart_sdk/lib/cm0/gcc\libblusdk.a(dbg_task.o)
                0x1000e8ec                dbg_le_set_bd_addr_req_handler
 .text.gapc_get_dev_info_cfm.constprop.1
                0x1000e968       0xc0 ../src/ASF/thirdparty/wireless/ble_smart_sdk/lib/cm0/gcc\libblusdk.a(gapc_task.o)
 .text.check_ConnData_idx_role
                0x1000ea28       0x3c ../src/ASF/thirdparty/wireless/ble_smart_sdk/lib/cm0/gcc\libblusdk.a(gapc_task.o)
                0x1000ea28                check_ConnData_idx_role
 .text.check_ConnData_emptyEntry
                0x1000ea64       0x28 ../src/ASF/thirdparty/wireless/ble_smart_sdk/lib/cm0/gcc\libblusdk.a(gapc_task.o)
                0x1000ea64                check_ConnData_emptyEntry
 .text.gapc_cmp_evt
                0x1000ea8c       0xd0 ../src/ASF/thirdparty/wireless/ble_smart_sdk/lib/cm0/gcc\libblusdk.a(gapc_task.o)
                0x1000ea8c                gapc_cmp_evt
 .text.gapc_connection_cfm_handler
                0x1000eb5c       0xc4 ../src/ASF/thirdparty/wireless/ble_smart_sdk/lib/cm0/gcc\libblusdk.a(gapc_task.o)
                0x1000eb5c                gapc_connection_cfm_handler
 .text.gapc_con_req_ind
                0x1000ec20       0xe0 ../src/ASF/thirdparty/wireless/ble_smart_sdk/lib/cm0/gcc\libblusdk.a(gapc_task.o)
                0x1000ec20                gapc_con_req_ind
 .text.gapc_disconnect_cmd_handler
                0x1000ed00       0x44 ../src/ASF/thirdparty/wireless/ble_smart_sdk/lib/cm0/gcc\libblusdk.a(gapc_task.o)
                0x1000ed00                gapc_disconnect_cmd_handler
 .text.gapc_disconnect_ind
                0x1000ed44       0x34 ../src/ASF/thirdparty/wireless/ble_smart_sdk/lib/cm0/gcc\libblusdk.a(gapc_task.o)
                0x1000ed44                gapc_disconnect_ind
 .text.gapc_bond_cmd_handler
                0x1000ed78       0x68 ../src/ASF/thirdparty/wireless/ble_smart_sdk/lib/cm0/gcc\libblusdk.a(gapc_task.o)
                0x1000ed78                gapc_bond_cmd_handler
 .text.gapc_bond_ind
                0x1000ede0       0xd8 ../src/ASF/thirdparty/wireless/ble_smart_sdk/lib/cm0/gcc\libblusdk.a(gapc_task.o)
                0x1000ede0                gapc_bond_ind
 .text.gapc_bond_req_ind
                0x1000eeb8       0xe0 ../src/ASF/thirdparty/wireless/ble_smart_sdk/lib/cm0/gcc\libblusdk.a(gapc_task.o)
                0x1000eeb8                gapc_bond_req_ind
 .text.gapc_bond_cfm_handler_pair_resp
                0x1000ef98       0x7c ../src/ASF/thirdparty/wireless/ble_smart_sdk/lib/cm0/gcc\libblusdk.a(gapc_task.o)
                0x1000ef98                gapc_bond_cfm_handler_pair_resp
 .text.gapc_bond_cfm_handler_key_exch
                0x1000f014       0x50 ../src/ASF/thirdparty/wireless/ble_smart_sdk/lib/cm0/gcc\libblusdk.a(gapc_task.o)
                0x1000f014                gapc_bond_cfm_handler_key_exch
 .text.gapc_security_cmd_handler
                0x1000f064       0x40 ../src/ASF/thirdparty/wireless/ble_smart_sdk/lib/cm0/gcc\libblusdk.a(gapc_task.o)
                0x1000f064                gapc_security_cmd_handler
 .text.gapc_encrypt_cmd_handler
                0x1000f0a4       0x9c ../src/ASF/thirdparty/wireless/ble_smart_sdk/lib/cm0/gcc\libblusdk.a(gapc_task.o)
                0x1000f0a4                gapc_encrypt_cmd_handler
 .text.gapc_encrypt_req_ind
                0x1000f140       0x20 ../src/ASF/thirdparty/wireless/ble_smart_sdk/lib/cm0/gcc\libblusdk.a(gapc_task.o)
                0x1000f140                gapc_encrypt_req_ind
 .text.gapc_encrypt_cfm_handler
                0x1000f160       0x80 ../src/ASF/thirdparty/wireless/ble_smart_sdk/lib/cm0/gcc\libblusdk.a(gapc_task.o)
                0x1000f160                gapc_encrypt_cfm_handler
 .text.gapc_encrypt_ind
                0x1000f1e0        0xe ../src/ASF/thirdparty/wireless/ble_smart_sdk/lib/cm0/gcc\libblusdk.a(gapc_task.o)
                0x1000f1e0                gapc_encrypt_ind
 *fill*         0x1000f1ee        0x2 
 .text.gapc_param_update_cfm_handler
                0x1000f1f0       0x4c ../src/ASF/thirdparty/wireless/ble_smart_sdk/lib/cm0/gcc\libblusdk.a(gapc_task.o)
                0x1000f1f0                gapc_param_update_cfm_handler
 .text.gapc_param_updated_ind
                0x1000f23c       0x2a ../src/ASF/thirdparty/wireless/ble_smart_sdk/lib/cm0/gcc\libblusdk.a(gapc_task.o)
                0x1000f23c                gapc_param_updated_ind
 .text.gapc_param_updated_req_ind
                0x1000f266       0x30 ../src/ASF/thirdparty/wireless/ble_smart_sdk/lib/cm0/gcc\libblusdk.a(gapc_task.o)
                0x1000f266                gapc_param_updated_req_ind
 *fill*         0x1000f296        0x2 
 .text.gapc_dev_info_req_ind_handler
                0x1000f298       0x28 ../src/ASF/thirdparty/wireless/ble_smart_sdk/lib/cm0/gcc\libblusdk.a(gapc_task.o)
                0x1000f298                gapc_dev_info_req_ind_handler
 .text.gapc_sec_req_ind
                0x1000f2c0       0x16 ../src/ASF/thirdparty/wireless/ble_smart_sdk/lib/cm0/gcc\libblusdk.a(gapc_task.o)
                0x1000f2c0                gapc_sec_req_ind
 .text.gapc_sign_counter_ind_handler
                0x1000f2d6       0x34 ../src/ASF/thirdparty/wireless/ble_smart_sdk/lib/cm0/gcc\libblusdk.a(gapc_task.o)
                0x1000f2d6                gapc_sign_counter_ind_handler
 *fill*         0x1000f30a        0x2 
 .text.gapc_peer_att_info_ind_handler
                0x1000f30c       0x7c ../src/ASF/thirdparty/wireless/ble_smart_sdk/lib/cm0/gcc\libblusdk.a(gapc_task.o)
                0x1000f30c                gapc_peer_att_info_ind_handler
 .text.gapc_con_channel_map_ind_handler
                0x1000f388       0x18 ../src/ASF/thirdparty/wireless/ble_smart_sdk/lib/cm0/gcc\libblusdk.a(gapc_task.o)
                0x1000f388                gapc_con_channel_map_ind_handler
 .text.gapc_lecb_connected
                0x1000f3a0       0x2e ../src/ASF/thirdparty/wireless/ble_smart_sdk/lib/cm0/gcc\libblusdk.a(gapc_task.o)
                0x1000f3a0                gapc_lecb_connected
 .text.gapc_lecb_disconnected
                0x1000f3ce       0x16 ../src/ASF/thirdparty/wireless/ble_smart_sdk/lib/cm0/gcc\libblusdk.a(gapc_task.o)
                0x1000f3ce                gapc_lecb_disconnected
 .text.gapc_lecb_connect_req_ind
                0x1000f3e4       0x2a ../src/ASF/thirdparty/wireless/ble_smart_sdk/lib/cm0/gcc\libblusdk.a(gapc_task.o)
                0x1000f3e4                gapc_lecb_connect_req_ind
 .text.gapc_lecb_add_credit_resp_handler
                0x1000f40e       0x20 ../src/ASF/thirdparty/wireless/ble_smart_sdk/lib/cm0/gcc\libblusdk.a(gapc_task.o)
                0x1000f40e                gapc_lecb_add_credit_resp_handler
 *fill*         0x1000f42e        0x2 
 .text.gapm_reset_req_handler
                0x1000f430       0x70 ../src/ASF/thirdparty/wireless/ble_smart_sdk/lib/cm0/gcc\libblusdk.a(gapm_task.o)
                0x1000f430                gapm_reset_req_handler
 .text.gapm_set_dev_config_cmd_handler
                0x1000f4a0      0x108 ../src/ASF/thirdparty/wireless/ble_smart_sdk/lib/cm0/gcc\libblusdk.a(gapm_task.o)
                0x1000f4a0                gapm_set_dev_config_cmd_handler
 .text.gapm_get_dev_config_cmd_handler
                0x1000f5a8       0xe0 ../src/ASF/thirdparty/wireless/ble_smart_sdk/lib/cm0/gcc\libblusdk.a(gapm_task.o)
                0x1000f5a8                gapm_get_dev_config_cmd_handler
 .text.gapm_cancel_cmd_handler
                0x1000f688       0x70 ../src/ASF/thirdparty/wireless/ble_smart_sdk/lib/cm0/gcc\libblusdk.a(gapm_task.o)
                0x1000f688                gapm_cancel_cmd_handler
 .text.gapm_dev_bdaddr_ind_handler
                0x1000f6f8       0x1c ../src/ASF/thirdparty/wireless/ble_smart_sdk/lib/cm0/gcc\libblusdk.a(gapm_task.o)
                0x1000f6f8                gapm_dev_bdaddr_ind_handler
 .text.gapm_cmp_evt
                0x1000f714      0x148 ../src/ASF/thirdparty/wireless/ble_smart_sdk/lib/cm0/gcc\libblusdk.a(gapm_task.o)
                0x1000f714                gapm_cmp_evt
 .text.gapm_start_adv_cmd_handler
                0x1000f85c      0x120 ../src/ASF/thirdparty/wireless/ble_smart_sdk/lib/cm0/gcc\libblusdk.a(gapm_task.o)
                0x1000f85c                gapm_start_adv_cmd_handler
 .text.get_gap_local_addr_type
                0x1000f97c       0x18 ../src/ASF/thirdparty/wireless/ble_smart_sdk/lib/cm0/gcc\libblusdk.a(gapm_task.o)
                0x1000f97c                get_gap_local_addr_type
 .text.gapm_adv_report_evt_handler
                0x1000f994       0x88 ../src/ASF/thirdparty/wireless/ble_smart_sdk/lib/cm0/gcc\libblusdk.a(gapm_task.o)
                0x1000f994                gapm_adv_report_evt_handler
 .text.gapm_resolv_addr_cmd_handler
                0x1000fa1c       0x68 ../src/ASF/thirdparty/wireless/ble_smart_sdk/lib/cm0/gcc\libblusdk.a(gapm_task.o)
                0x1000fa1c                gapm_resolv_addr_cmd_handler
 .text.gapm_addr_solved_ind_handler
                0x1000fa84       0x24 ../src/ASF/thirdparty/wireless/ble_smart_sdk/lib/cm0/gcc\libblusdk.a(gapm_task.o)
                0x1000fa84                gapm_addr_solved_ind_handler
 .text.gapm_profile_task_add_cmd_handler
                0x1000faa8       0xe8 ../src/ASF/thirdparty/wireless/ble_smart_sdk/lib/cm0/gcc\libblusdk.a(gapm_task.o)
                0x1000faa8                gapm_profile_task_add_cmd_handler
 .text.gapm_profile_added_ind_handler
                0x1000fb90       0x20 ../src/ASF/thirdparty/wireless/ble_smart_sdk/lib/cm0/gcc\libblusdk.a(gapm_task.o)
                0x1000fb90                gapm_profile_added_ind_handler
 .text.gattc_read_req_ind_parser
                0x1000fbb0        0xc ../src/ASF/thirdparty/wireless/ble_smart_sdk/lib/cm0/gcc\libblusdk.a(gattc_task.o)
                0x1000fbb0                gattc_read_req_ind_parser
 .text.gattc_write_req_ind_parser
                0x1000fbbc       0x38 ../src/ASF/thirdparty/wireless/ble_smart_sdk/lib/cm0/gcc\libblusdk.a(gattc_task.o)
                0x1000fbbc                gattc_write_req_ind_parser
 .text.gattc_att_info_req_parser
                0x1000fbf4        0xc ../src/ASF/thirdparty/wireless/ble_smart_sdk/lib/cm0/gcc\libblusdk.a(gattc_task.o)
                0x1000fbf4                gattc_att_info_req_parser
 .text.gattc_read_cfm
                0x1000fc00       0x6c ../src/ASF/thirdparty/wireless/ble_smart_sdk/lib/cm0/gcc\libblusdk.a(gattc_task.o)
                0x1000fc00                gattc_read_cfm
 .text.gattc_write_cfm
                0x1000fc6c       0x44 ../src/ASF/thirdparty/wireless/ble_smart_sdk/lib/cm0/gcc\libblusdk.a(gattc_task.o)
                0x1000fc6c                gattc_write_cfm
 .text.gattc_att_info_cfm
                0x1000fcb0       0x48 ../src/ASF/thirdparty/wireless/ble_smart_sdk/lib/cm0/gcc\libblusdk.a(gattc_task.o)
                0x1000fcb0                gattc_att_info_cfm
 .text.gattc_send_evt_cmd_handler
                0x1000fcf8       0x78 ../src/ASF/thirdparty/wireless/ble_smart_sdk/lib/cm0/gcc\libblusdk.a(gattc_task.o)
                0x1000fcf8                gattc_send_evt_cmd_handler
 .text.gattc_event_cfm_handler
                0x1000fd70       0x40 ../src/ASF/thirdparty/wireless/ble_smart_sdk/lib/cm0/gcc\libblusdk.a(gattc_task.o)
                0x1000fd70                gattc_event_cfm_handler
 .text.gattc_disc_svc_ind_parser
                0x1000fdb0       0x3c ../src/ASF/thirdparty/wireless/ble_smart_sdk/lib/cm0/gcc\libblusdk.a(gattc_task.o)
                0x1000fdb0                gattc_disc_svc_ind_parser
 .text.gattc_disc_svc_incl_ind_parser
                0x1000fdec       0x48 ../src/ASF/thirdparty/wireless/ble_smart_sdk/lib/cm0/gcc\libblusdk.a(gattc_task.o)
                0x1000fdec                gattc_disc_svc_incl_ind_parser
 .text.gattc_disc_char_ind_parser
                0x1000fe34       0x44 ../src/ASF/thirdparty/wireless/ble_smart_sdk/lib/cm0/gcc\libblusdk.a(gattc_task.o)
                0x1000fe34                gattc_disc_char_ind_parser
 .text.gattc_disc_char_desc_ind_parser
                0x1000fe78       0x34 ../src/ASF/thirdparty/wireless/ble_smart_sdk/lib/cm0/gcc\libblusdk.a(gattc_task.o)
                0x1000fe78                gattc_disc_char_desc_ind_parser
 .text.gattc_event_ind_and_notification_parser
                0x1000feac       0x54 ../src/ASF/thirdparty/wireless/ble_smart_sdk/lib/cm0/gcc\libblusdk.a(gattc_task.o)
                0x1000feac                gattc_event_ind_and_notification_parser
 .text.gattc_complete_evt_handler
                0x1000ff00       0x78 ../src/ASF/thirdparty/wireless/ble_smart_sdk/lib/cm0/gcc\libblusdk.a(gattc_task.o)
                0x1000ff00                gattc_complete_evt_handler
 .text.gattc_event_mtu_changed_ind_parser
                0x1000ff78       0x10 ../src/ASF/thirdparty/wireless/ble_smart_sdk/lib/cm0/gcc\libblusdk.a(gattc_task.o)
                0x1000ff78                gattc_event_mtu_changed_ind_parser
 .text.gattc_read_ind_parser
                0x1000ff88       0x40 ../src/ASF/thirdparty/wireless/ble_smart_sdk/lib/cm0/gcc\libblusdk.a(gattc_task.o)
                0x1000ff88                gattc_read_ind_parser
 .text.gattc_svc_changed_cfg_ind_parser
                0x1000ffc8       0x10 ../src/ASF/thirdparty/wireless/ble_smart_sdk/lib/cm0/gcc\libblusdk.a(gattc_task.o)
                0x1000ffc8                gattc_svc_changed_cfg_ind_parser
 .text.init_gattc_task_module
                0x1000ffd8       0x14 ../src/ASF/thirdparty/wireless/ble_smart_sdk/lib/cm0/gcc\libblusdk.a(gattc_task.o)
                0x1000ffd8                init_gattc_task_module
 .text.gattm_add_svc_req_handler
                0x1000ffec      0x10c ../src/ASF/thirdparty/wireless/ble_smart_sdk/lib/cm0/gcc\libblusdk.a(gattm_task.o)
                0x1000ffec                gattm_add_svc_req_handler
 .text.gattm_add_attribute_req_handler
                0x100100f8       0x70 ../src/ASF/thirdparty/wireless/ble_smart_sdk/lib/cm0/gcc\libblusdk.a(gattm_task.o)
                0x100100f8                gattm_add_attribute_req_handler
 .text.gattm_att_set_value_req_handler
                0x10010168       0x8c ../src/ASF/thirdparty/wireless/ble_smart_sdk/lib/cm0/gcc\libblusdk.a(gattm_task.o)
                0x10010168                gattm_att_set_value_req_handler
 .text.gattm_att_get_value_req_handler
                0x100101f4       0x9c ../src/ASF/thirdparty/wireless/ble_smart_sdk/lib/cm0/gcc\libblusdk.a(gattm_task.o)
                0x100101f4                gattm_att_get_value_req_handler
 .text.htpt_create_db_req_handler
                0x10010290       0x40 ../src/ASF/thirdparty/wireless/ble_smart_sdk/lib/cm0/gcc\libblusdk.a(htpt_task.o)
                0x10010290                htpt_create_db_req_handler
 .text.htpt_enable_req_handler
                0x100102d0       0x40 ../src/ASF/thirdparty/wireless/ble_smart_sdk/lib/cm0/gcc\libblusdk.a(htpt_task.o)
                0x100102d0                htpt_enable_req_handler
 .text.htpt_temp_send_req_handler
                0x10010310       0x78 ../src/ASF/thirdparty/wireless/ble_smart_sdk/lib/cm0/gcc\libblusdk.a(htpt_task.o)
                0x10010310                htpt_temp_send_req_handler
 .text.htpt_enable_rsp_handler
                0x10010388        0xa ../src/ASF/thirdparty/wireless/ble_smart_sdk/lib/cm0/gcc\libblusdk.a(htpt_task.o)
                0x10010388                htpt_enable_rsp_handler
 .text.htpt_temp_send_rsp_handler
                0x10010392        0x6 ../src/ASF/thirdparty/wireless/ble_smart_sdk/lib/cm0/gcc\libblusdk.a(htpt_task.o)
                0x10010392                htpt_temp_send_rsp_handler
 .text.htpt_meas_intv_upd_rsp_handler
                0x10010398        0x6 ../src/ASF/thirdparty/wireless/ble_smart_sdk/lib/cm0/gcc\libblusdk.a(htpt_task.o)
                0x10010398                htpt_meas_intv_upd_rsp_handler
 .text.htpt_meas_intv_chg_req_ind_handler
                0x1001039e        0xc ../src/ASF/thirdparty/wireless/ble_smart_sdk/lib/cm0/gcc\libblusdk.a(htpt_task.o)
                0x1001039e                htpt_meas_intv_chg_req_ind_handler
 .text.htpt_cfg_indntf_ind_handler
                0x100103aa        0xa ../src/ASF/thirdparty/wireless/ble_smart_sdk/lib/cm0/gcc\libblusdk.a(htpt_task.o)
                0x100103aa                htpt_cfg_indntf_ind_handler
 .text          0x100103b4       0x14 c:/program files (x86)/atmel/studio/7.0/toolchain/arm/arm-gnu-toolchain/bin/../lib/gcc/arm-none-eabi/5.3.1/armv6-m\libgcc.a(_thumb1_case_sqi.o)
                0x100103b4                __gnu_thumb1_case_sqi
 .text          0x100103c8       0x14 c:/program files (x86)/atmel/studio/7.0/toolchain/arm/arm-gnu-toolchain/bin/../lib/gcc/arm-none-eabi/5.3.1/armv6-m\libgcc.a(_thumb1_case_uqi.o)
                0x100103c8                __gnu_thumb1_case_uqi
 .text          0x100103dc      0x114 c:/program files (x86)/atmel/studio/7.0/toolchain/arm/arm-gnu-toolchain/bin/../lib/gcc/arm-none-eabi/5.3.1/armv6-m\libgcc.a(_udivsi3.o)
                0x100103dc                __aeabi_uidiv
                0x100103dc                __udivsi3
                0x100104e8                __aeabi_uidivmod
 .text          0x100104f0        0x4 c:/program files (x86)/atmel/studio/7.0/toolchain/arm/arm-gnu-toolchain/bin/../lib/gcc/arm-none-eabi/5.3.1/armv6-m\libgcc.a(_dvmd_tls.o)
                0x100104f0                __aeabi_idiv0
                0x100104f0                __aeabi_ldiv0
 .text          0x100104f4       0x30 c:/program files (x86)/atmel/studio/7.0/toolchain/arm/arm-gnu-toolchain/bin/../lib/gcc/arm-none-eabi/5.3.1/armv6-m\libgcc.a(_fixunssfsi.o)
                0x100104f4                __fixunssfsi
                0x100104f4                __aeabi_f2uiz
 .text          0x10010524       0x3c c:/program files (x86)/atmel/studio/7.0/toolchain/arm/arm-gnu-toolchain/bin/../lib/gcc/arm-none-eabi/5.3.1/armv6-m\libgcc.a(_fixunsdfsi.o)
                0x10010524                __aeabi_d2uiz
                0x10010524                __fixunsdfsi
 .text          0x10010560      0x228 c:/program files (x86)/atmel/studio/7.0/toolchain/arm/arm-gnu-toolchain/bin/../lib/gcc/arm-none-eabi/5.3.1/armv6-m\libgcc.a(mulsf3.o)
                0x10010560                __aeabi_fmul
 .text          0x10010788      0x30c c:/program files (x86)/atmel/studio/7.0/toolchain/arm/arm-gnu-toolchain/bin/../lib/gcc/arm-none-eabi/5.3.1/armv6-m\libgcc.a(subsf3.o)
                0x10010788                __aeabi_fsub
 .text          0x10010a94       0x44 c:/program files (x86)/atmel/studio/7.0/toolchain/arm/arm-gnu-toolchain/bin/../lib/gcc/arm-none-eabi/5.3.1/armv6-m\libgcc.a(fixsfsi.o)
                0x10010a94                __aeabi_f2iz
 .text          0x10010ad8      0x4f4 c:/program files (x86)/atmel/studio/7.0/toolchain/arm/arm-gnu-toolchain/bin/../lib/gcc/arm-none-eabi/5.3.1/armv6-m\libgcc.a(muldf3.o)
                0x10010ad8                __aeabi_dmul
 .text          0x10010fcc      0x6a8 c:/program files (x86)/atmel/studio/7.0/toolchain/arm/arm-gnu-toolchain/bin/../lib/gcc/arm-none-eabi/5.3.1/armv6-m\libgcc.a(subdf3.o)
                0x10010fcc                __aeabi_dsub
 .text          0x10011674       0x6c c:/program files (x86)/atmel/studio/7.0/toolchain/arm/arm-gnu-toolchain/bin/../lib/gcc/arm-none-eabi/5.3.1/armv6-m\libgcc.a(fixdfsi.o)
                0x10011674                __aeabi_d2iz
 .text          0x100116e0       0x70 c:/program files (x86)/atmel/studio/7.0/toolchain/arm/arm-gnu-toolchain/bin/../lib/gcc/arm-none-eabi/5.3.1/armv6-m\libgcc.a(floatunsidf.o)
                0x100116e0                __aeabi_ui2d
 .text          0x10011750       0x7c c:/program files (x86)/atmel/studio/7.0/toolchain/arm/arm-gnu-toolchain/bin/../lib/gcc/arm-none-eabi/5.3.1/armv6-m\libgcc.a(_arm_cmpdf2.o)
                0x10011750                __aeabi_cdrcmple
                0x10011760                __aeabi_cdcmple
                0x10011760                __aeabi_cdcmpeq
                0x10011770                __aeabi_dcmpeq
                0x1001177c                __aeabi_dcmplt
                0x10011790                __aeabi_dcmple
                0x100117a4                __aeabi_dcmpgt
                0x100117b8                __aeabi_dcmpge
 .text          0x100117cc       0x74 c:/program files (x86)/atmel/studio/7.0/toolchain/arm/arm-gnu-toolchain/bin/../lib/gcc/arm-none-eabi/5.3.1/armv6-m\libgcc.a(_arm_cmpsf2.o)
                0x100117cc                __aeabi_cfrcmple
                0x100117d4                __aeabi_cfcmpeq
                0x100117d4                __aeabi_cfcmple
                0x100117e4                __aeabi_fcmpeq
                0x100117f0                __aeabi_fcmplt
                0x10011804                __aeabi_fcmple
                0x10011818                __aeabi_fcmpgt
                0x1001182c                __aeabi_fcmpge
 .text          0x10011840       0x3c c:/program files (x86)/atmel/studio/7.0/toolchain/arm/arm-gnu-toolchain/bin/../lib/gcc/arm-none-eabi/5.3.1/armv6-m\libgcc.a(_clzsi2.o)
                0x10011840                __clzsi2
 .text          0x1001187c       0x50 c:/program files (x86)/atmel/studio/7.0/toolchain/arm/arm-gnu-toolchain/bin/../lib/gcc/arm-none-eabi/5.3.1/armv6-m\libgcc.a(eqsf2.o)
                0x1001187c                __eqsf2
                0x1001187c                __nesf2
 .text          0x100118cc       0x88 c:/program files (x86)/atmel/studio/7.0/toolchain/arm/arm-gnu-toolchain/bin/../lib/gcc/arm-none-eabi/5.3.1/armv6-m\libgcc.a(gesf2.o)
                0x100118cc                __gesf2
                0x100118cc                __gtsf2
 .text          0x10011954       0x88 c:/program files (x86)/atmel/studio/7.0/toolchain/arm/arm-gnu-toolchain/bin/../lib/gcc/arm-none-eabi/5.3.1/armv6-m\libgcc.a(lesf2.o)
                0x10011954                __ltsf2
                0x10011954                __lesf2
 .text          0x100119dc       0x80 c:/program files (x86)/atmel/studio/7.0/toolchain/arm/arm-gnu-toolchain/bin/../lib/gcc/arm-none-eabi/5.3.1/armv6-m\libgcc.a(eqdf2.o)
                0x100119dc                __nedf2
                0x100119dc                __eqdf2
 .text          0x10011a5c       0xc8 c:/program files (x86)/atmel/studio/7.0/toolchain/arm/arm-gnu-toolchain/bin/../lib/gcc/arm-none-eabi/5.3.1/armv6-m\libgcc.a(gedf2.o)
                0x10011a5c                __gedf2
                0x10011a5c                __gtdf2
 .text          0x10011b24       0xd4 c:/program files (x86)/atmel/studio/7.0/toolchain/arm/arm-gnu-toolchain/bin/../lib/gcc/arm-none-eabi/5.3.1/armv6-m\libgcc.a(ledf2.o)
                0x10011b24                __ledf2
                0x10011b24                __ltdf2
 .text.__libc_init_array
                0x10011bf8       0x4c c:/program files (x86)/atmel/studio/7.0/toolchain/arm/arm-gnu-toolchain/bin/../lib/gcc/arm-none-eabi/5.3.1/../../../../arm-none-eabi/lib/armv6-m\libc_nano.a(lib_a-init.o)
                0x10011bf8                __libc_init_array
 .text.memcmp   0x10011c44       0x1e c:/program files (x86)/atmel/studio/7.0/toolchain/arm/arm-gnu-toolchain/bin/../lib/gcc/arm-none-eabi/5.3.1/../../../../arm-none-eabi/lib/armv6-m\libc_nano.a(lib_a-memcmp.o)
                0x10011c44                memcmp
 .text.memcpy   0x10011c62       0x12 c:/program files (x86)/atmel/studio/7.0/toolchain/arm/arm-gnu-toolchain/bin/../lib/gcc/arm-none-eabi/5.3.1/../../../../arm-none-eabi/lib/armv6-m\libc_nano.a(lib_a-memcpy-stub.o)
                0x10011c62                memcpy
 .text.memset   0x10011c74       0x10 c:/program files (x86)/atmel/studio/7.0/toolchain/arm/arm-gnu-toolchain/bin/../lib/gcc/arm-none-eabi/5.3.1/../../../../arm-none-eabi/lib/armv6-m\libc_nano.a(lib_a-memset.o)
                0x10011c74                memset
 .text.printf   0x10011c84       0x34 c:/program files (x86)/atmel/studio/7.0/toolchain/arm/arm-gnu-toolchain/bin/../lib/gcc/arm-none-eabi/5.3.1/../../../../arm-none-eabi/lib/armv6-m\libc_nano.a(lib_a-printf.o)
                0x10011c84                iprintf
                0x10011c84                printf
 .text.putchar  0x10011cb8       0x28 c:/program files (x86)/atmel/studio/7.0/toolchain/arm/arm-gnu-toolchain/bin/../lib/gcc/arm-none-eabi/5.3.1/../../../../arm-none-eabi/lib/armv6-m\libc_nano.a(lib_a-putchar.o)
                0x10011cb8                putchar
 .text._puts_r  0x10011ce0       0xc4 c:/program files (x86)/atmel/studio/7.0/toolchain/arm/arm-gnu-toolchain/bin/../lib/gcc/arm-none-eabi/5.3.1/../../../../arm-none-eabi/lib/armv6-m\libc_nano.a(lib_a-puts.o)
                0x10011ce0                _puts_r
 .text.puts     0x10011da4       0x14 c:/program files (x86)/atmel/studio/7.0/toolchain/arm/arm-gnu-toolchain/bin/../lib/gcc/arm-none-eabi/5.3.1/../../../../arm-none-eabi/lib/armv6-m\libc_nano.a(lib_a-puts.o)
                0x10011da4                puts
 .text.rand     0x10011db8       0x78 c:/program files (x86)/atmel/studio/7.0/toolchain/arm/arm-gnu-toolchain/bin/../lib/gcc/arm-none-eabi/5.3.1/../../../../arm-none-eabi/lib/armv6-m\libc_nano.a(lib_a-rand.o)
                0x10011db8                rand
 .text.setbuf   0x10011e30       0x12 c:/program files (x86)/atmel/studio/7.0/toolchain/arm/arm-gnu-toolchain/bin/../lib/gcc/arm-none-eabi/5.3.1/../../../../arm-none-eabi/lib/armv6-m\libc_nano.a(lib_a-setbuf.o)
                0x10011e30                setbuf
 *fill*         0x10011e42        0x2 
 .text.setvbuf  0x10011e44      0x160 c:/program files (x86)/atmel/studio/7.0/toolchain/arm/arm-gnu-toolchain/bin/../lib/gcc/arm-none-eabi/5.3.1/../../../../arm-none-eabi/lib/armv6-m\libc_nano.a(lib_a-setvbuf.o)
                0x10011e44                setvbuf
 .text.__swbuf_r
                0x10011fa4       0xb0 c:/program files (x86)/atmel/studio/7.0/toolchain/arm/arm-gnu-toolchain/bin/../lib/gcc/arm-none-eabi/5.3.1/../../../../arm-none-eabi/lib/armv6-m\libc_nano.a(lib_a-wbuf.o)
                0x10011fa4                __swbuf_r
 .text.__swsetup_r
                0x10012054       0xec c:/program files (x86)/atmel/studio/7.0/toolchain/arm/arm-gnu-toolchain/bin/../lib/gcc/arm-none-eabi/5.3.1/../../../../arm-none-eabi/lib/armv6-m\libc_nano.a(lib_a-wsetup.o)
                0x10012054                __swsetup_r
 .text.__sflush_r
                0x10012140      0x10c c:/program files (x86)/atmel/studio/7.0/toolchain/arm/arm-gnu-toolchain/bin/../lib/gcc/arm-none-eabi/5.3.1/../../../../arm-none-eabi/lib/armv6-m\libc_nano.a(lib_a-fflush.o)
                0x10012140                __sflush_r
 .text._fflush_r
                0x1001224c       0x58 c:/program files (x86)/atmel/studio/7.0/toolchain/arm/arm-gnu-toolchain/bin/../lib/gcc/arm-none-eabi/5.3.1/../../../../arm-none-eabi/lib/armv6-m\libc_nano.a(lib_a-fflush.o)
                0x1001224c                _fflush_r
 .text._cleanup_r
                0x100122a4       0x10 c:/program files (x86)/atmel/studio/7.0/toolchain/arm/arm-gnu-toolchain/bin/../lib/gcc/arm-none-eabi/5.3.1/../../../../arm-none-eabi/lib/armv6-m\libc_nano.a(lib_a-findfp.o)
                0x100122a4                _cleanup_r
 .text.std.isra.0
                0x100122b4       0x48 c:/program files (x86)/atmel/studio/7.0/toolchain/arm/arm-gnu-toolchain/bin/../lib/gcc/arm-none-eabi/5.3.1/../../../../arm-none-eabi/lib/armv6-m\libc_nano.a(lib_a-findfp.o)
 .text.__sfmoreglue
                0x100122fc       0x2c c:/program files (x86)/atmel/studio/7.0/toolchain/arm/arm-gnu-toolchain/bin/../lib/gcc/arm-none-eabi/5.3.1/../../../../arm-none-eabi/lib/armv6-m\libc_nano.a(lib_a-findfp.o)
                0x100122fc                __sfmoreglue
 .text.__sinit  0x10012328       0x68 c:/program files (x86)/atmel/studio/7.0/toolchain/arm/arm-gnu-toolchain/bin/../lib/gcc/arm-none-eabi/5.3.1/../../../../arm-none-eabi/lib/armv6-m\libc_nano.a(lib_a-findfp.o)
                0x10012328                __sinit
 .text.__sfp    0x10012390       0x7c c:/program files (x86)/atmel/studio/7.0/toolchain/arm/arm-gnu-toolchain/bin/../lib/gcc/arm-none-eabi/5.3.1/../../../../arm-none-eabi/lib/armv6-m\libc_nano.a(lib_a-findfp.o)
                0x10012390                __sfp
 .text._fwalk_reent
                0x1001240c       0x42 c:/program files (x86)/atmel/studio/7.0/toolchain/arm/arm-gnu-toolchain/bin/../lib/gcc/arm-none-eabi/5.3.1/../../../../arm-none-eabi/lib/armv6-m\libc_nano.a(lib_a-fwalk.o)
                0x1001240c                _fwalk_reent
 *fill*         0x1001244e        0x2 
 .text.__swhatbuf_r
                0x10012450       0x4c c:/program files (x86)/atmel/studio/7.0/toolchain/arm/arm-gnu-toolchain/bin/../lib/gcc/arm-none-eabi/5.3.1/../../../../arm-none-eabi/lib/armv6-m\libc_nano.a(lib_a-makebuf.o)
                0x10012450                __swhatbuf_r
 .text.__smakebuf_r
                0x1001249c       0x7c c:/program files (x86)/atmel/studio/7.0/toolchain/arm/arm-gnu-toolchain/bin/../lib/gcc/arm-none-eabi/5.3.1/../../../../arm-none-eabi/lib/armv6-m\libc_nano.a(lib_a-makebuf.o)
                0x1001249c                __smakebuf_r
 .text.malloc   0x10012518       0x14 c:/program files (x86)/atmel/studio/7.0/toolchain/arm/arm-gnu-toolchain/bin/../lib/gcc/arm-none-eabi/5.3.1/../../../../arm-none-eabi/lib/armv6-m\libc_nano.a(lib_a-malloc.o)
                0x10012518                malloc
 .text._free_r  0x1001252c       0x8c c:/program files (x86)/atmel/studio/7.0/toolchain/arm/arm-gnu-toolchain/bin/../lib/gcc/arm-none-eabi/5.3.1/../../../../arm-none-eabi/lib/armv6-m\libc_nano.a(lib_a-nano-freer.o)
                0x1001252c                _free_r
 .text._malloc_r
                0x100125b8       0xac c:/program files (x86)/atmel/studio/7.0/toolchain/arm/arm-gnu-toolchain/bin/../lib/gcc/arm-none-eabi/5.3.1/../../../../arm-none-eabi/lib/armv6-m\libc_nano.a(lib_a-nano-mallocr.o)
                0x100125b8                _malloc_r
 .text.__sfputc_r
                0x10012664       0x2a c:/program files (x86)/atmel/studio/7.0/toolchain/arm/arm-gnu-toolchain/bin/../lib/gcc/arm-none-eabi/5.3.1/../../../../arm-none-eabi/lib/armv6-m\libc_nano.a(lib_a-nano-vfprintf.o)
 .text.__sfputs_r
                0x1001268e       0x24 c:/program files (x86)/atmel/studio/7.0/toolchain/arm/arm-gnu-toolchain/bin/../lib/gcc/arm-none-eabi/5.3.1/../../../../arm-none-eabi/lib/armv6-m\libc_nano.a(lib_a-nano-vfprintf.o)
                0x1001268e                __sfputs_r
 *fill*         0x100126b2        0x2 
 .text._vfprintf_r
                0x100126b4      0x238 c:/program files (x86)/atmel/studio/7.0/toolchain/arm/arm-gnu-toolchain/bin/../lib/gcc/arm-none-eabi/5.3.1/../../../../arm-none-eabi/lib/armv6-m\libc_nano.a(lib_a-nano-vfprintf.o)
                0x100126b4                _vfprintf_r
                0x100126b4                _vfiprintf_r
 .text._printf_common
                0x100128ec       0xdc c:/program files (x86)/atmel/studio/7.0/toolchain/arm/arm-gnu-toolchain/bin/../lib/gcc/arm-none-eabi/5.3.1/../../../../arm-none-eabi/lib/armv6-m\libc_nano.a(lib_a-nano-vfprintf_i.o)
                0x100128ec                _printf_common
 .text._printf_i
                0x100129c8      0x244 c:/program files (x86)/atmel/studio/7.0/toolchain/arm/arm-gnu-toolchain/bin/../lib/gcc/arm-none-eabi/5.3.1/../../../../arm-none-eabi/lib/armv6-m\libc_nano.a(lib_a-nano-vfprintf_i.o)
                0x100129c8                _printf_i
 .text._putc_r  0x10012c0c       0x6c c:/program files (x86)/atmel/studio/7.0/toolchain/arm/arm-gnu-toolchain/bin/../lib/gcc/arm-none-eabi/5.3.1/../../../../arm-none-eabi/lib/armv6-m\libc_nano.a(lib_a-putc.o)
                0x10012c0c                _putc_r
 .text._sbrk_r  0x10012c78       0x24 c:/program files (x86)/atmel/studio/7.0/toolchain/arm/arm-gnu-toolchain/bin/../lib/gcc/arm-none-eabi/5.3.1/../../../../arm-none-eabi/lib/armv6-m\libc_nano.a(lib_a-sbrkr.o)
                0x10012c78                _sbrk_r
 .text.__sread  0x10012c9c       0x28 c:/program files (x86)/atmel/studio/7.0/toolchain/arm/arm-gnu-toolchain/bin/../lib/gcc/arm-none-eabi/5.3.1/../../../../arm-none-eabi/lib/armv6-m\libc_nano.a(lib_a-stdio.o)
                0x10012c9c                __sread
 .text.__swrite
                0x10012cc4       0x38 c:/program files (x86)/atmel/studio/7.0/toolchain/arm/arm-gnu-toolchain/bin/../lib/gcc/arm-none-eabi/5.3.1/../../../../arm-none-eabi/lib/armv6-m\libc_nano.a(lib_a-stdio.o)
                0x10012cc4                __swrite
 .text.__sseek  0x10012cfc       0x2c c:/program files (x86)/atmel/studio/7.0/toolchain/arm/arm-gnu-toolchain/bin/../lib/gcc/arm-none-eabi/5.3.1/../../../../arm-none-eabi/lib/armv6-m\libc_nano.a(lib_a-stdio.o)
                0x10012cfc                __sseek
 .text.__sclose
                0x10012d28        0xc c:/program files (x86)/atmel/studio/7.0/toolchain/arm/arm-gnu-toolchain/bin/../lib/gcc/arm-none-eabi/5.3.1/../../../../arm-none-eabi/lib/armv6-m\libc_nano.a(lib_a-stdio.o)
                0x10012d28                __sclose
 .text._write_r
                0x10012d34       0x28 c:/program files (x86)/atmel/studio/7.0/toolchain/arm/arm-gnu-toolchain/bin/../lib/gcc/arm-none-eabi/5.3.1/../../../../arm-none-eabi/lib/armv6-m\libc_nano.a(lib_a-writer.o)
                0x10012d34                _write_r
 .text._close_r
                0x10012d5c       0x24 c:/program files (x86)/atmel/studio/7.0/toolchain/arm/arm-gnu-toolchain/bin/../lib/gcc/arm-none-eabi/5.3.1/../../../../arm-none-eabi/lib/armv6-m\libc_nano.a(lib_a-closer.o)
                0x10012d5c                _close_r
 .text._fstat_r
                0x10012d80       0x24 c:/program files (x86)/atmel/studio/7.0/toolchain/arm/arm-gnu-toolchain/bin/../lib/gcc/arm-none-eabi/5.3.1/../../../../arm-none-eabi/lib/armv6-m\libc_nano.a(lib_a-fstatr.o)
                0x10012d80                _fstat_r
 .text._isatty_r
                0x10012da4       0x24 c:/program files (x86)/atmel/studio/7.0/toolchain/arm/arm-gnu-toolchain/bin/../lib/gcc/arm-none-eabi/5.3.1/../../../../arm-none-eabi/lib/armv6-m\libc_nano.a(lib_a-isattyr.o)
                0x10012da4                _isatty_r
 .text._lseek_r
                0x10012dc8       0x28 c:/program files (x86)/atmel/studio/7.0/toolchain/arm/arm-gnu-toolchain/bin/../lib/gcc/arm-none-eabi/5.3.1/../../../../arm-none-eabi/lib/armv6-m\libc_nano.a(lib_a-lseekr.o)
                0x10012dc8                _lseek_r
 .text.memchr   0x10012df0       0x16 c:/program files (x86)/atmel/studio/7.0/toolchain/arm/arm-gnu-toolchain/bin/../lib/gcc/arm-none-eabi/5.3.1/../../../../arm-none-eabi/lib/armv6-m\libc_nano.a(lib_a-memchr-stub.o)
                0x10012df0                memchr
 *fill*         0x10012e06        0x2 
 .text._read_r  0x10012e08       0x28 c:/program files (x86)/atmel/studio/7.0/toolchain/arm/arm-gnu-toolchain/bin/../lib/gcc/arm-none-eabi/5.3.1/../../../../arm-none-eabi/lib/armv6-m\libc_nano.a(lib_a-readr.o)
                0x10012e08                _read_r
 .text          0x10012e30       0x58 c:/program files (x86)/atmel/studio/7.0/toolchain/arm/arm-gnu-toolchain/bin/../lib/gcc/arm-none-eabi/5.3.1/armv6-m\libgcc.a(_muldi3.o)
                0x10012e30                __muldi3
                0x10012e30                __aeabi_lmul
 *(.glue_7t)
 .glue_7t       0x10012e88        0x0 linker stubs
 *(.glue_7)
 .glue_7        0x10012e88        0x0 linker stubs
 *(.rodata .rodata* .gnu.linkonce.r.*)
 .rodata.system_clock_peripheral_enable
                0x10012e88       0xd8 src/ASF/sam0/drivers/system/system_sam_b.o
 .rodata.system_peripheral_reset
                0x10012f60      0x110 src/ASF/sam0/drivers/system/system_sam_b.o
 .rodata.hr_sensor_gatt_server_handle
                0x10013070       0x28 src/ASF/thirdparty/wireless/ble_smart_sdk/ble_profiles/hr_sensor/hr_sensor.o
 .rodata.str1.4
                0x10013098      0x1ac src/ASF/thirdparty/wireless/ble_smart_sdk/ble_profiles/hr_sensor/hr_sensor.o
 .rodata.hr_sensor_gap_handle
                0x10013244       0x4c src/ASF/thirdparty/wireless/ble_smart_sdk/ble_profiles/hr_sensor/hr_sensor.o
 .rodata.str1.4
                0x10013290       0x46 src/ASF/thirdparty/wireless/ble_smart_sdk/ble_services/battery/battery.o
                                 0x4a (size before relaxing)
 *fill*         0x100132d6        0x2 
 .rodata.ble_disconnected_state_handler
                0x100132d8       0x20 src/ASF/thirdparty/wireless/ble_smart_sdk/ble_services/ble_mgr/ble_manager.o
 .rodata.ble_mgr_events_callback_handler
                0x100132f8       0x1c src/ASF/thirdparty/wireless/ble_smart_sdk/ble_services/ble_mgr/ble_manager.o
 .rodata.ble_event_manager
                0x10013314       0xf0 src/ASF/thirdparty/wireless/ble_smart_sdk/ble_services/ble_mgr/ble_manager.o
 .rodata        0x10013404       0x19 src/ASF/thirdparty/wireless/ble_smart_sdk/ble_services/ble_mgr/ble_manager.o
 *fill*         0x1001341d        0x3 
 .rodata.ble_mgr_gatt_server_handle
                0x10013420       0x28 src/ASF/thirdparty/wireless/ble_smart_sdk/ble_services/ble_mgr/ble_manager.o
 .rodata.str1.4
                0x10013448      0x60e src/ASF/thirdparty/wireless/ble_smart_sdk/ble_services/ble_mgr/ble_manager.o
                                0x612 (size before relaxing)
 *fill*         0x10013a56        0x2 
 .rodata.ble_mgr_gap_handle
                0x10013a58       0x4c src/ASF/thirdparty/wireless/ble_smart_sdk/ble_services/ble_mgr/ble_manager.o
 .rodata        0x10013aa4        0xc src/ASF/thirdparty/wireless/ble_smart_sdk/ble_services/device_infomation/device_info.o
 .rodata.str1.4
                0x10013ab0       0x7c src/ASF/thirdparty/wireless/ble_smart_sdk/ble_services/device_infomation/device_info.o
                                 0x80 (size before relaxing)
 .rodata.timer_callback_handler
                0x10013b2c       0x14 src/startup_template_app.o
 .rodata.main   0x10013b40       0x14 src/startup_template_app.o
 .rodata.app_htpt_handle
                0x10013b54       0x24 src/startup_template_app.o
 .rodata.app_gap_cb
                0x10013b78       0x4c src/startup_template_app.o
 .rodata.battery_app_gatt_server_cb
                0x10013bc4       0x28 src/startup_template_app.o
 .rodata.str1.4
                0x10013bec      0x3fc src/startup_template_app.o
                                0x3ff (size before relaxing)
 .rodata.battery_app_gap_cb
                0x10013fe8       0x4c src/startup_template_app.o
 .rodata        0x10014034        0xb ../src/ASF/thirdparty/wireless/ble_smart_sdk/lib/cm0/gcc\libblusdk.a(gap.o)
 .rodata.CSWTCH.45
                0x1001403f        0x3 ../src/ASF/thirdparty/wireless/ble_smart_sdk/lib/cm0/gcc\libblusdk.a(gap.o)
 .rodata.CSWTCH.47
                0x10014042        0xf ../src/ASF/thirdparty/wireless/ble_smart_sdk/lib/cm0/gcc\libblusdk.a(gap.o)
 .rodata.client_conf_uuid
                0x10014051        0x2 ../src/ASF/thirdparty/wireless/ble_smart_sdk/lib/cm0/gcc\libblusdk.a(gatt_server.o)
                0x10014051                client_conf_uuid
 .rodata.presentation_format_uuid
                0x10014053        0x2 ../src/ASF/thirdparty/wireless/ble_smart_sdk/lib/cm0/gcc\libblusdk.a(gatt_server.o)
                0x10014053                presentation_format_uuid
 .rodata.user_desc_uuid
                0x10014055        0x2 ../src/ASF/thirdparty/wireless/ble_smart_sdk/lib/cm0/gcc\libblusdk.a(gatt_server.o)
                0x10014055                user_desc_uuid
 .rodata.server_conf_uuid
                0x10014057        0x2 ../src/ASF/thirdparty/wireless/ble_smart_sdk/lib/cm0/gcc\libblusdk.a(gatt_server.o)
                0x10014057                server_conf_uuid
 .rodata.extended_props_uuid
                0x10014059        0x2 ../src/ASF/thirdparty/wireless/ble_smart_sdk/lib/cm0/gcc\libblusdk.a(gatt_server.o)
                0x10014059                extended_props_uuid
 .rodata.include_uuid
                0x1001405b        0x2 ../src/ASF/thirdparty/wireless/ble_smart_sdk/lib/cm0/gcc\libblusdk.a(gatt_server.o)
                0x1001405b                include_uuid
 .rodata.char_uuid
                0x1001405d        0x2 ../src/ASF/thirdparty/wireless/ble_smart_sdk/lib/cm0/gcc\libblusdk.a(gatt_server.o)
                0x1001405d                char_uuid
 *fill*         0x1001405f        0x1 
 .rodata        0x10014060       0x40 c:/program files (x86)/atmel/studio/7.0/toolchain/arm/arm-gnu-toolchain/bin/../lib/gcc/arm-none-eabi/5.3.1/armv6-m\libgcc.a(mulsf3.o)
 .rodata        0x100140a0       0x40 c:/program files (x86)/atmel/studio/7.0/toolchain/arm/arm-gnu-toolchain/bin/../lib/gcc/arm-none-eabi/5.3.1/armv6-m\libgcc.a(muldf3.o)
 .rodata.str1.1
                0x100140e0        0x2 c:/program files (x86)/atmel/studio/7.0/toolchain/arm/arm-gnu-toolchain/bin/../lib/gcc/arm-none-eabi/5.3.1/../../../../arm-none-eabi/lib/armv6-m\libc_nano.a(lib_a-impure.o)
 *fill*         0x100140e2        0x2 
 .rodata._global_impure_ptr
                0x100140e4        0x4 c:/program files (x86)/atmel/studio/7.0/toolchain/arm/arm-gnu-toolchain/bin/../lib/gcc/arm-none-eabi/5.3.1/../../../../arm-none-eabi/lib/armv6-m\libc_nano.a(lib_a-impure.o)
                0x100140e4                _global_impure_ptr
 .rodata.__sf_fake_stdin
                0x100140e8       0x20 c:/program files (x86)/atmel/studio/7.0/toolchain/arm/arm-gnu-toolchain/bin/../lib/gcc/arm-none-eabi/5.3.1/../../../../arm-none-eabi/lib/armv6-m\libc_nano.a(lib_a-findfp.o)
                0x100140e8                __sf_fake_stdin
 .rodata.__sf_fake_stdout
                0x10014108       0x20 c:/program files (x86)/atmel/studio/7.0/toolchain/arm/arm-gnu-toolchain/bin/../lib/gcc/arm-none-eabi/5.3.1/../../../../arm-none-eabi/lib/armv6-m\libc_nano.a(lib_a-findfp.o)
                0x10014108                __sf_fake_stdout
 .rodata.__sf_fake_stderr
                0x10014128       0x20 c:/program files (x86)/atmel/studio/7.0/toolchain/arm/arm-gnu-toolchain/bin/../lib/gcc/arm-none-eabi/5.3.1/../../../../arm-none-eabi/lib/armv6-m\libc_nano.a(lib_a-findfp.o)
                0x10014128                __sf_fake_stderr
 .rodata.str1.1
                0x10014148       0x11 c:/program files (x86)/atmel/studio/7.0/toolchain/arm/arm-gnu-toolchain/bin/../lib/gcc/arm-none-eabi/5.3.1/../../../../arm-none-eabi/lib/armv6-m\libc_nano.a(lib_a-nano-vfprintf.o)
 .rodata.str1.1
                0x10014159       0x22 c:/program files (x86)/atmel/studio/7.0/toolchain/arm/arm-gnu-toolchain/bin/../lib/gcc/arm-none-eabi/5.3.1/../../../../arm-none-eabi/lib/armv6-m\libc_nano.a(lib_a-nano-vfprintf_i.o)
 *(.ARM.extab* .gnu.linkonce.armextab.*)
                0x1001417c                . = ALIGN (0x4)
 *fill*         0x1001417b        0x1 
 *(.init)
 .init          0x1001417c        0x4 c:/program files (x86)/atmel/studio/7.0/toolchain/arm/arm-gnu-toolchain/bin/../lib/gcc/arm-none-eabi/5.3.1/armv6-m/crti.o
                0x1001417c                _init
 .init          0x10014180        0x8 c:/program files (x86)/atmel/studio/7.0/toolchain/arm/arm-gnu-toolchain/bin/../lib/gcc/arm-none-eabi/5.3.1/armv6-m/crtn.o
                0x10014188                . = ALIGN (0x4)
                0x10014188                __preinit_array_start = .
 *(.preinit_array)
                0x10014188                __preinit_array_end = .
                0x10014188                . = ALIGN (0x4)
                0x10014188                __init_array_start = .
 *(SORT(.init_array.*))
 *(.init_array)
 .init_array    0x10014188        0x4 c:/program files (x86)/atmel/studio/7.0/toolchain/arm/arm-gnu-toolchain/bin/../lib/gcc/arm-none-eabi/5.3.1/armv6-m/crtbegin.o
                0x1001418c                __init_array_end = .
                0x1001418c                . = ALIGN (0x4)
 *crtbegin.o(.ctors)
 *(EXCLUDE_FILE(*crtend.o) .ctors)
 *(SORT(.ctors.*))
 *crtend.o(.ctors)
                0x1001418c                . = ALIGN (0x4)
 *(.fini)
 .fini          0x1001418c        0x4 c:/program files (x86)/atmel/studio/7.0/toolchain/arm/arm-gnu-toolchain/bin/../lib/gcc/arm-none-eabi/5.3.1/armv6-m/crti.o
                0x1001418c                _fini
 .fini          0x10014190        0x8 c:/program files (x86)/atmel/studio/7.0/toolchain/arm/arm-gnu-toolchain/bin/../lib/gcc/arm-none-eabi/5.3.1/armv6-m/crtn.o
                0x10014198                . = ALIGN (0x4)
                0x10014198                __fini_array_start = .
 *(.fini_array)
 .fini_array    0x10014198        0x4 c:/program files (x86)/atmel/studio/7.0/toolchain/arm/arm-gnu-toolchain/bin/../lib/gcc/arm-none-eabi/5.3.1/armv6-m/crtbegin.o
 *(SORT(.fini_array.*))
                0x1001419c                __fini_array_end = .
 *crtbegin.o(.dtors)
 *(EXCLUDE_FILE(*crtend.o) .dtors)
 *(SORT(.dtors.*))
 *crtend.o(.dtors)
                0x1001419c                . = ALIGN (0x4)
                0x1001419c                _efixed = .

.vfp11_veneer   0x1001419c        0x0
 .vfp11_veneer  0x1001419c        0x0 linker stubs

.v4_bx          0x1001419c        0x0
 .v4_bx         0x1001419c        0x0 linker stubs

.iplt           0x1001419c        0x0
 .iplt          0x1001419c        0x0 c:/program files (x86)/atmel/studio/7.0/toolchain/arm/arm-gnu-toolchain/bin/../lib/gcc/arm-none-eabi/5.3.1/armv6-m/crtbegin.o

.eh_frame       0x1001419c        0x0
 .eh_frame      0x1001419c        0x0 c:/program files (x86)/atmel/studio/7.0/toolchain/arm/arm-gnu-toolchain/bin/../lib/gcc/arm-none-eabi/5.3.1/armv6-m/crtbegin.o

.rel.dyn        0x1001419c        0x0
 .rel.iplt      0x1001419c        0x0 c:/program files (x86)/atmel/studio/7.0/toolchain/arm/arm-gnu-toolchain/bin/../lib/gcc/arm-none-eabi/5.3.1/armv6-m/crtbegin.o

.jcr            0x1001419c        0x0
 .jcr           0x1001419c        0x0 c:/program files (x86)/atmel/studio/7.0/toolchain/arm/arm-gnu-toolchain/bin/../lib/gcc/arm-none-eabi/5.3.1/armv6-m/crtbegin.o

.igot.plt       0x1001419c        0x0
 .igot.plt      0x1001419c        0x0 c:/program files (x86)/atmel/studio/7.0/toolchain/arm/arm-gnu-toolchain/bin/../lib/gcc/arm-none-eabi/5.3.1/armv6-m/crtbegin.o
                0x1001419c                . = ALIGN (0x4)
                0x1001419c                _etext = .

.relocate       0x1001419c       0x84
                0x1001419c                . = ALIGN (0x4)
                0x1001419c                _srelocate = .
 *(.ramfunc .ramfunc.*)
 *(.data .data.*)
 .data._dma_inst
                0x1001419c        0xc src/ASF/sam0/drivers/dma/dma_sam_b.o
                0x1001419c                _dma_inst
 .data.battery_init_value
                0x100141a8        0x1 src/ASF/thirdparty/wireless/ble_smart_sdk/ble_services/battery/battery.o
                0x100141a8                battery_init_value
 .data.body_sensor_location_value
                0x100141a9        0x1 src/ASF/thirdparty/wireless/ble_smart_sdk/ble_services/heart_rate/heart_rate.o
                0x100141a9                body_sensor_location_value
 .data.heart_rate_value
                0x100141aa        0x2 src/startup_template_app.o
                0x100141aa                heart_rate_value
 .data.app_exec
                0x100141ac        0x1 src/startup_template_app.o
                0x100141ac                app_exec
 .data.prev_activity
                0x100141ad        0x1 src/startup_template_app.o
                0x100141ad                prev_activity
 .data.energy_expended_val
                0x100141ae        0x2 src/startup_template_app.o
                0x100141ae                energy_expended_val
 .data.notification_sent
                0x100141b0        0x1 src/startup_template_app.o
                0x100141b0                notification_sent
 .data.hr_initializer_flag
                0x100141b1        0x1 src/startup_template_app.o
                0x100141b1                hr_initializer_flag
 .data.rr_interval_value
                0x100141b2        0x2 src/startup_template_app.o
                0x100141b2                rr_interval_value
 .data.flag     0x100141b4        0x1 src/startup_template_app.o
                0x100141b4                flag
 .data.inc_changer
                0x100141b5        0x1 src/startup_template_app.o
                0x100141b5                inc_changer
 .data.l2cap_avail_buffers
                0x100141b6        0x1 ../src/ASF/thirdparty/wireless/ble_smart_sdk/lib/cm0/gcc\libblusdk.a(l2cc_task.o)
                0x100141b6                l2cap_avail_buffers
 *fill*         0x100141b7        0x1 
 .data.dummy_buffer
                0x100141b8        0x4 ../src/ASF/thirdparty/wireless/ble_smart_sdk/lib/cm0/gcc\libblusdk.a(interface.o)
                0x100141b8                dummy_buffer
 .data.impure_data
                0x100141bc       0x60 c:/program files (x86)/atmel/studio/7.0/toolchain/arm/arm-gnu-toolchain/bin/../lib/gcc/arm-none-eabi/5.3.1/../../../../arm-none-eabi/lib/armv6-m\libc_nano.a(lib_a-impure.o)
 .data._impure_ptr
                0x1001421c        0x4 c:/program files (x86)/atmel/studio/7.0/toolchain/arm/arm-gnu-toolchain/bin/../lib/gcc/arm-none-eabi/5.3.1/../../../../arm-none-eabi/lib/armv6-m\libc_nano.a(lib_a-impure.o)
                0x1001421c                _impure_ptr
                0x10014220                . = ALIGN (0x4)
                0x10014220                _erelocate = .

.bss            0x10014220     0x3130
                0x10014220                . = ALIGN (0x4)
                0x10014220                _sbss = .
                0x10014220                _szero = .
 *(.bss .bss.*)
 .bss           0x10014220       0x1c c:/program files (x86)/atmel/studio/7.0/toolchain/arm/arm-gnu-toolchain/bin/../lib/gcc/arm-none-eabi/5.3.1/armv6-m/crtbegin.o
 .bss._dma_active_resource
                0x1001423c       0x14 src/ASF/sam0/drivers/dma/dma_sam_b.o
 .bss.dualtimer_callback_timer1
                0x10014250        0x4 src/ASF/sam0/drivers/dualtimer/dualtimer.o
 .bss.dualtimer_callback_timer2
                0x10014254        0x4 src/ASF/sam0/drivers/dualtimer/dualtimer.o
 .bss.heap.5286
                0x10014258        0x4 src/ASF/sam0/utils/syscalls/gcc/syscalls.o
 .bss.bat_notification_flag
                0x1001425c        0x1 src/ASF/thirdparty/wireless/ble_smart_sdk/ble_services/battery/battery.o
                0x1001425c                bat_notification_flag
 *fill*         0x1001425d        0x3 
 .bss.event_pool_memory
                0x10014260      0x400 src/ASF/thirdparty/wireless/ble_smart_sdk/ble_services/ble_mgr/ble_manager.o
                0x10014260                event_pool_memory
 .bss.att_db_data
                0x10014660      0x4e0 src/ASF/thirdparty/wireless/ble_smart_sdk/ble_services/ble_mgr/ble_manager.o
                0x10014660                att_db_data
 .bss.ble_user_event_cb
                0x10014b40        0x4 src/ASF/thirdparty/wireless/ble_smart_sdk/ble_services/ble_mgr/ble_manager.o
                0x10014b40                ble_user_event_cb
 .bss.scan_response_count
                0x10014b44        0x1 src/ASF/thirdparty/wireless/ble_smart_sdk/ble_services/ble_mgr/ble_manager.o
                0x10014b44                scan_response_count
 *fill*         0x10014b45        0x3 
 .bss.ble_peripheral_dev_address
                0x10014b48        0x7 src/ASF/thirdparty/wireless/ble_smart_sdk/ble_services/ble_mgr/ble_manager.o
 *fill*         0x10014b4f        0x1 
 .bss.event_params_memory
                0x10014b50     0x1000 src/ASF/thirdparty/wireless/ble_smart_sdk/ble_services/ble_mgr/ble_manager.o
                0x10014b50                event_params_memory
 .bss.hr_control_point_value
                0x10015b50        0x1 src/ASF/thirdparty/wireless/ble_smart_sdk/ble_services/heart_rate/heart_rate.o
                0x10015b50                hr_control_point_value
 *fill*         0x10015b51        0x1 
 .bss.hr_measurement_value
                0x10015b52        0x2 src/ASF/thirdparty/wireless/ble_smart_sdk/ble_services/heart_rate/heart_rate.o
                0x10015b52                hr_measurement_value
 .bss.button_cb_func
                0x10015b54        0x4 src/ASF/thirdparty/wireless/ble_smart_sdk/services/gpio/button.o
                0x10015b54                button_cb_func
 .bss.tick      0x10015b58        0x4 src/ASF/thirdparty/wireless/ble_smart_sdk/services/uart/console_serial.o
                0x10015b58                tick
 .bss.read_status
                0x10015b5c        0x1 src/ASF/thirdparty/wireless/ble_smart_sdk/services/uart/console_serial.o
                0x10015b5c                read_status
 *fill*         0x10015b5d        0x3 
 .bss.string_input
                0x10015b60        0x1 src/ASF/thirdparty/wireless/ble_smart_sdk/services/uart/console_serial.o
                0x10015b60                string_input
 *fill*         0x10015b61        0x3 
 .bss.user_callback_func
                0x10015b64        0x4 src/ASF/thirdparty/wireless/ble_smart_sdk/services/uart/console_serial.o
                0x10015b64                user_callback_func
 .bss.platform_event_pending_list
                0x10015b68        0x4 src/ASF/thirdparty/wireless/ble_smart_sdk/src/event_handler.o
 .bss.platform_event_free_list
                0x10015b6c        0x4 src/ASF/thirdparty/wireless/ble_smart_sdk/src/event_handler.o
 .bss.platform_event_pool
                0x10015b70       0x78 src/ASF/thirdparty/wireless/ble_smart_sdk/src/event_handler.o
 .bss.ke_free   0x10015be8        0x4 src/ASF/thirdparty/wireless/ble_smart_sdk/src/platform_drv.o
 .bss.gapm_get_id_from_task
                0x10015bec        0x4 src/ASF/thirdparty/wireless/ble_smart_sdk/src/platform_drv.o
 .bss.gapm_get_task_from_id
                0x10015bf0        0x4 src/ASF/thirdparty/wireless/ble_smart_sdk/src/platform_drv.o
 .bss.rcv_msg.12904
                0x10015bf4        0x4 src/ASF/thirdparty/wireless/ble_smart_sdk/src/platform_drv.o
 .bss.os_sem_up
                0x10015bf8        0x4 src/ASF/thirdparty/wireless/ble_smart_sdk/src/platform_drv.o
 .bss.pwr_wait_BLE_out_of_reset
                0x10015bfc        0x4 src/ASF/thirdparty/wireless/ble_smart_sdk/src/platform_drv.o
 .bss.platform_initialized
                0x10015c00        0x1 src/ASF/thirdparty/wireless/ble_smart_sdk/src/platform_drv.o
                0x10015c00                platform_initialized
 *fill*         0x10015c01        0x3 
 .bss.pwr_disable_arm_wakeup
                0x10015c04        0x4 src/ASF/thirdparty/wireless/ble_smart_sdk/src/platform_drv.o
 .bss.gstrFwSem
                0x10015c08        0x4 src/ASF/thirdparty/wireless/ble_smart_sdk/src/platform_drv.o
 .bss.os_sem_down